Archive member included to satisfy reference by file (symbol)

/usr/lib/gcc/arm-none-eabi/10.3.1/thumb/v6-m/nofp/libgcc.a(_dvmd_tls.o)
                              CMakeFiles/Task.dir/home/josue/Documentos/Faculdade/5-Semestre/STR/freertos/pico/pico-sdk/src/rp2_common/pico_divider/divider.S.obj (__aeabi_idiv0)
/usr/lib/gcc/arm-none-eabi/10.3.1/../../../arm-none-eabi/lib/thumb/v6-m/nofp/libg.a(lib_a-atexit.o)
                              /usr/lib/gcc/arm-none-eabi/10.3.1/../../../arm-none-eabi/lib/thumb/v6-m/nofp/crt0.o (atexit)
/usr/lib/gcc/arm-none-eabi/10.3.1/../../../arm-none-eabi/lib/thumb/v6-m/nofp/libg.a(lib_a-calloc.o)
                              CMakeFiles/Task.dir/home/josue/Documentos/Faculdade/5-Semestre/STR/freertos/pico/pico-sdk/src/rp2_common/pico_malloc/pico_malloc.c.obj (calloc)
/usr/lib/gcc/arm-none-eabi/10.3.1/../../../arm-none-eabi/lib/thumb/v6-m/nofp/libg.a(lib_a-callocr.o)
                              /usr/lib/gcc/arm-none-eabi/10.3.1/../../../arm-none-eabi/lib/thumb/v6-m/nofp/libg.a(lib_a-calloc.o) (_calloc_r)
/usr/lib/gcc/arm-none-eabi/10.3.1/../../../arm-none-eabi/lib/thumb/v6-m/nofp/libg.a(lib_a-fini.o)
                              /usr/lib/gcc/arm-none-eabi/10.3.1/../../../arm-none-eabi/lib/thumb/v6-m/nofp/crt0.o (__libc_fini_array)
/usr/lib/gcc/arm-none-eabi/10.3.1/../../../arm-none-eabi/lib/thumb/v6-m/nofp/libg.a(lib_a-impure.o)
                              /usr/lib/gcc/arm-none-eabi/10.3.1/../../../arm-none-eabi/lib/thumb/v6-m/nofp/libg.a(lib_a-calloc.o) (_impure_ptr)
/usr/lib/gcc/arm-none-eabi/10.3.1/../../../arm-none-eabi/lib/thumb/v6-m/nofp/libg.a(lib_a-init.o)
                              /usr/lib/gcc/arm-none-eabi/10.3.1/../../../arm-none-eabi/lib/thumb/v6-m/nofp/crt0.o (__libc_init_array)
/usr/lib/gcc/arm-none-eabi/10.3.1/../../../arm-none-eabi/lib/thumb/v6-m/nofp/libg.a(lib_a-malloc.o)
                              CMakeFiles/Task.dir/home/josue/Documentos/Faculdade/5-Semestre/STR/freertos/pico/pico-sdk/src/rp2_common/pico_malloc/pico_malloc.c.obj (malloc)
/usr/lib/gcc/arm-none-eabi/10.3.1/../../../arm-none-eabi/lib/thumb/v6-m/nofp/libg.a(lib_a-mallocr.o)
                              /usr/lib/gcc/arm-none-eabi/10.3.1/../../../arm-none-eabi/lib/thumb/v6-m/nofp/libg.a(lib_a-callocr.o) (_malloc_r)
/usr/lib/gcc/arm-none-eabi/10.3.1/../../../arm-none-eabi/lib/thumb/v6-m/nofp/libg.a(lib_a-mlock.o)
                              /usr/lib/gcc/arm-none-eabi/10.3.1/../../../arm-none-eabi/lib/thumb/v6-m/nofp/libg.a(lib_a-mallocr.o) (__malloc_lock)
/usr/lib/gcc/arm-none-eabi/10.3.1/../../../arm-none-eabi/lib/thumb/v6-m/nofp/libg.a(lib_a-realloc.o)
                              CMakeFiles/Task.dir/home/josue/Documentos/Faculdade/5-Semestre/STR/freertos/pico/pico-sdk/src/rp2_common/pico_malloc/pico_malloc.c.obj (realloc)
/usr/lib/gcc/arm-none-eabi/10.3.1/../../../arm-none-eabi/lib/thumb/v6-m/nofp/libg.a(lib_a-reallocr.o)
                              /usr/lib/gcc/arm-none-eabi/10.3.1/../../../arm-none-eabi/lib/thumb/v6-m/nofp/libg.a(lib_a-realloc.o) (_realloc_r)
/usr/lib/gcc/arm-none-eabi/10.3.1/../../../arm-none-eabi/lib/thumb/v6-m/nofp/libg.a(lib_a-sbrkr.o)
                              /usr/lib/gcc/arm-none-eabi/10.3.1/../../../arm-none-eabi/lib/thumb/v6-m/nofp/libg.a(lib_a-mallocr.o) (_sbrk_r)
/usr/lib/gcc/arm-none-eabi/10.3.1/../../../arm-none-eabi/lib/thumb/v6-m/nofp/libg.a(lib_a-strlen-stub.o)
                              CMakeFiles/Task.dir/home/josue/Documentos/Faculdade/5-Semestre/STR/freertos/pico/pico-sdk/src/rp2_common/pico_stdio/stdio.c.obj (strlen)
/usr/lib/gcc/arm-none-eabi/10.3.1/../../../arm-none-eabi/lib/thumb/v6-m/nofp/libg.a(lib_a-__atexit.o)
                              /usr/lib/gcc/arm-none-eabi/10.3.1/../../../arm-none-eabi/lib/thumb/v6-m/nofp/libg.a(lib_a-atexit.o) (__register_exitproc)
/usr/lib/gcc/arm-none-eabi/10.3.1/../../../arm-none-eabi/lib/thumb/v6-m/nofp/libg.a(lib_a-freer.o)
                              /usr/lib/gcc/arm-none-eabi/10.3.1/../../../arm-none-eabi/lib/thumb/v6-m/nofp/libg.a(lib_a-malloc.o) (_free_r)
/usr/lib/gcc/arm-none-eabi/10.3.1/../../../arm-none-eabi/lib/thumb/v6-m/nofp/libg.a(lib_a-memmove.o)
                              /usr/lib/gcc/arm-none-eabi/10.3.1/../../../arm-none-eabi/lib/thumb/v6-m/nofp/libg.a(lib_a-reallocr.o) (memmove)
/usr/lib/gcc/arm-none-eabi/10.3.1/../../../arm-none-eabi/lib/thumb/v6-m/nofp/libg.a(lib_a-reent.o)
                              /usr/lib/gcc/arm-none-eabi/10.3.1/../../../arm-none-eabi/lib/thumb/v6-m/nofp/libg.a(lib_a-sbrkr.o) (errno)

Discarded input sections

 .text          0x0000000000000000        0x0 /usr/lib/gcc/arm-none-eabi/10.3.1/thumb/v6-m/nofp/crti.o
 .data          0x0000000000000000        0x0 /usr/lib/gcc/arm-none-eabi/10.3.1/thumb/v6-m/nofp/crti.o
 .bss           0x0000000000000000        0x0 /usr/lib/gcc/arm-none-eabi/10.3.1/thumb/v6-m/nofp/crti.o
 .data          0x0000000000000000        0x4 /usr/lib/gcc/arm-none-eabi/10.3.1/thumb/v6-m/nofp/crtbegin.o
[...]
Memory Configuration

Name             Origin             Length             Attributes
FLASH            0x0000000010000000 0x0000000000200000 xr
RAM              0x0000000020000000 0x0000000000040000 xrw
SCRATCH_X        0x0000000020040000 0x0000000000001000 xrw
SCRATCH_Y        0x0000000020041000 0x0000000000001000 xrw
*default*        0x0000000000000000 0xffffffffffffffff

Linker script and memory map

LOAD /usr/lib/gcc/arm-none-eabi/10.3.1/thumb/v6-m/nofp/crti.o
LOAD /usr/lib/gcc/arm-none-eabi/10.3.1/thumb/v6-m/nofp/crtbegin.o
LOAD /usr/lib/gcc/arm-none-eabi/10.3.1/../../../arm-none-eabi/lib/thumb/v6-m/nofp/crt0.o

.flash_begin    0x0000000010000000        0x0
                0x0000000010000000                __flash_binary_start = .

.boot2          0x0000000010000000      0x100
                0x0000000010000000                __boot2_start__ = .
 *(.boot2)
 .boot2         0x0000000010000000      0x100 /tmp/ccSdFxmW.o
                0x0000000010000100                __boot2_end__ = .
                0x0000000000000001                ASSERT (((__boot2_end__ - __boot2_start__) == 0x100), ERROR: Pico second stage bootloader must be 256 bytes in size)

.text           0x0000000010000100     0x8fd8
                0x0000000010000100                __logical_binary_start = .
 *(.vectors)
 .vectors       0x0000000010000100       0xd4 CMakeFiles/Task.dir/home/josue/Documentos/Faculdade/5-Semestre/STR/freertos/pico/pico-sdk/src/rp2_common/pico_standard_link/crt0.S.obj
                0x0000000010000100                __vectors
                0x0000000010000100                __VECTOR_TABLE
                0x00000000100001c0                isr_invalid
                0x00000000100001c0                __default_isrs_start
                0x00000000100001c2                isr_nmi
                0x00000000100001c4                isr_hardfault
                0x00000000100001c6                isr_svcall
                0x00000000100001c8                isr_pendsv
                0x00000000100001ca                isr_systick
                0x00000000100001cc                isr_irq30
                0x00000000100001cc                __unhandled_user_irq
                0x00000000100001cc                isr_irq13
                0x00000000100001cc                isr_irq27
                0x00000000100001cc                isr_irq31
                0x00000000100001cc                isr_irq5
                0x00000000100001cc                isr_irq11
                0x00000000100001cc                isr_irq23
                0x00000000100001cc                isr_irq18
                0x00000000100001cc                isr_irq28
                0x00000000100001cc                isr_irq19
                0x00000000100001cc                isr_irq0
                0x00000000100001cc                isr_irq6
                0x00000000100001cc                isr_irq22
                0x00000000100001cc                isr_irq17
                0x00000000100001cc                isr_irq14
                0x00000000100001cc                isr_irq2
                0x00000000100001cc                isr_irq10
                0x00000000100001cc                isr_irq8
                0x00000000100001cc                isr_irq24
                0x00000000100001cc                isr_irq1
                0x00000000100001cc                isr_irq7
                0x00000000100001cc                isr_irq21
                0x00000000100001cc                isr_irq20
                0x00000000100001cc                isr_irq15
                0x00000000100001cc                isr_irq25
                0x00000000100001cc                isr_irq4
                0x00000000100001cc                isr_irq16
                0x00000000100001cc                isr_irq29
                0x00000000100001cc                isr_irq26
                0x00000000100001cc                __default_isrs_end
                0x00000000100001cc                isr_irq3
                0x00000000100001cc                isr_irq12
                0x00000000100001cc                isr_irq9
                0x00000000100001d2                unhandled_user_irq_num_in_r0
 *(.binary_info_header)
 .binary_info_header
                0x00000000100001d4       0x14 CMakeFiles/Task.dir/home/josue/Documentos/Faculdade/5-Semestre/STR/freertos/pico/pico-sdk/src/rp2_common/pico_standard_link/crt0.S.obj
                0x00000000100001e8                __binary_info_header_end = .
 *(.reset)
 .reset         0x00000000100001e8       0xa0 CMakeFiles/Task.dir/home/josue/Documentos/Faculdade/5-Semestre/STR/freertos/pico/pico-sdk/src/rp2_common/pico_standard_link/crt0.S.obj
                0x00000000100001e8                _entry_point
 .reset         0x0000000010000288       0x30 CMakeFiles/Task.dir/home/josue/Documentos/Faculdade/5-Semestre/STR/freertos/pico/pico-sdk/src/rp2_common/pico_standard_link/binary_info.c.obj
 *(.init)
 .init          0x00000000100002b8        0x4 /usr/lib/gcc/arm-none-eabi/10.3.1/thumb/v6-m/nofp/crti.o
                0x00000000100002b8                _init
 *(EXCLUDE_FILE(*libm.a: *libc.a:*lib_a-mem*.o *libgcc.a:) .text*)
 .text          0x00000000100002bc       0x98 /usr/lib/gcc/arm-none-eabi/10.3.1/thumb/v6-m/nofp/crtbegin.o
 .text.vCPUUsage
                0x0000000010000354       0x84 CMakeFiles/Task.dir/src/main.c.obj
                0x0000000010000354                vCPUUsage
 .text.main     0x00000000100003d8       0x7c CMakeFiles/Task.dir/src/main.c.obj
                0x00000000100003d8                main
 .text.vApplicationIdleHook
                0x0000000010000454       0x24 CMakeFiles/Task.dir/src/main.c.obj
                0x0000000010000454                vApplicationIdleHook
 .text.busy_wait
                0x0000000010000478       0x2a CMakeFiles/Task.dir/src/main.c.obj
                0x0000000010000478                busy_wait
 .text.task1    0x00000000100004a2       0x2a CMakeFiles/Task.dir/src/main.c.obj
                0x00000000100004a2                task1
 .text.task2    0x00000000100004cc       0x2c CMakeFiles/Task.dir/src/main.c.obj
                0x00000000100004cc                task2
 .text.gpio_set_function
                0x00000000100004f8       0x30 CMakeFiles/Task.dir/home/josue/Documentos/Faculdade/5-Semestre/STR/freertos/pico/pico-sdk/src/rp2_common/hardware_gpio/gpio.c.obj
                0x00000000100004f8                gpio_set_function
 .text.gpio_init
                0x0000000010000528       0x16 CMakeFiles/Task.dir/home/josue/Documentos/Faculdade/5-Semestre/STR/freertos/pico/pico-sdk/src/rp2_common/hardware_gpio/gpio.c.obj
                0x0000000010000528                gpio_init
 *fill*         0x000000001000053e        0x2 
 .text.running_on_fpga
                0x0000000010000540       0x14 CMakeFiles/Task.dir/home/josue/Documentos/Faculdade/5-Semestre/STR/freertos/pico/pico-sdk/src/rp2_common/pico_platform/platform.c.obj
                0x0000000010000540                running_on_fpga
 .text.hw_claim_lock
                0x0000000010000554       0x18 CMakeFiles/Task.dir/home/josue/Documentos/Faculdade/5-Semestre/STR/freertos/pico/pico-sdk/src/rp2_common/hardware_claim/claim.c.obj
                0x0000000010000554                hw_claim_lock
 .text.hw_claim_unlock
                0x000000001000056c       0x14 CMakeFiles/Task.dir/home/josue/Documentos/Faculdade/5-Semestre/STR/freertos/pico/pico-sdk/src/rp2_common/hardware_claim/claim.c.obj
                0x000000001000056c                hw_claim_unlock
 .text.hw_claim_or_assert
                0x0000000010000580       0x32 CMakeFiles/Task.dir/home/josue/Documentos/Faculdade/5-Semestre/STR/freertos/pico/pico-sdk/src/rp2_common/hardware_claim/claim.c.obj
                0x0000000010000580                hw_claim_or_assert
 .text.hw_claim_unused_from_range
                0x00000000100005b2       0x50 CMakeFiles/Task.dir/home/josue/Documentos/Faculdade/5-Semestre/STR/freertos/pico/pico-sdk/src/rp2_common/hardware_claim/claim.c.obj
                0x00000000100005b2                hw_claim_unused_from_range
 *fill*         0x0000000010000602        0x2 
 .text.spin_locks_reset
                0x0000000010000604       0x20 CMakeFiles/Task.dir/home/josue/Documentos/Faculdade/5-Semestre/STR/freertos/pico/pico-sdk/src/rp2_common/hardware_sync/sync.c.obj
                0x0000000010000604                spin_locks_reset
 .text.next_striped_spin_lock_num
                0x0000000010000624       0x1c CMakeFiles/Task.dir/home/josue/Documentos/Faculdade/5-Semestre/STR/freertos/pico/pico-sdk/src/rp2_common/hardware_sync/sync.c.obj
                0x0000000010000624                next_striped_spin_lock_num
 .text.spin_lock_claim_unused
                0x0000000010000640       0x20 CMakeFiles/Task.dir/home/josue/Documentos/Faculdade/5-Semestre/STR/freertos/pico/pico-sdk/src/rp2_common/hardware_sync/sync.c.obj
                0x0000000010000640                spin_lock_claim_unused
 .text.set_raw_irq_handler_and_unlock
                0x0000000010000660       0x28 CMakeFiles/Task.dir/home/josue/Documentos/Faculdade/5-Semestre/STR/freertos/pico/pico-sdk/src/rp2_common/hardware_irq/irq.c.obj
 .text.make_branch
                0x0000000010000688       0x48 CMakeFiles/Task.dir/home/josue/Documentos/Faculdade/5-Semestre/STR/freertos/pico/pico-sdk/src/rp2_common/hardware_irq/irq.c.obj
 .text.insert_branch_and_link
                0x00000000100006d0       0x40 CMakeFiles/Task.dir/home/josue/Documentos/Faculdade/5-Semestre/STR/freertos/pico/pico-sdk/src/rp2_common/hardware_irq/irq.c.obj
 .text.irq_is_enabled
                0x0000000010000710       0x18 CMakeFiles/Task.dir/home/josue/Documentos/Faculdade/5-Semestre/STR/freertos/pico/pico-sdk/src/rp2_common/hardware_irq/irq.c.obj
                0x0000000010000710                irq_is_enabled
 .text.irq_set_mask_enabled
                0x0000000010000728       0x20 CMakeFiles/Task.dir/home/josue/Documentos/Faculdade/5-Semestre/STR/freertos/pico/pico-sdk/src/rp2_common/hardware_irq/irq.c.obj
                0x0000000010000728                irq_set_mask_enabled
 .text.irq_set_enabled
                0x0000000010000748        0xe CMakeFiles/Task.dir/home/josue/Documentos/Faculdade/5-Semestre/STR/freertos/pico/pico-sdk/src/rp2_common/hardware_irq/irq.c.obj
                0x0000000010000748                irq_set_enabled
 *fill*         0x0000000010000756        0x2 
 .text.irq_set_pending
                0x0000000010000758       0x10 CMakeFiles/Task.dir/home/josue/Documentos/Faculdade/5-Semestre/STR/freertos/pico/pico-sdk/src/rp2_common/hardware_irq/irq.c.obj
                0x0000000010000758                irq_set_pending
 .text.irq_get_vtable_handler
                0x0000000010000768       0x10 CMakeFiles/Task.dir/home/josue/Documentos/Faculdade/5-Semestre/STR/freertos/pico/pico-sdk/src/rp2_common/hardware_irq/irq.c.obj
                0x0000000010000768                irq_get_vtable_handler
 .text.irq_has_shared_handler
                0x0000000010000778       0x24 CMakeFiles/Task.dir/home/josue/Documentos/Faculdade/5-Semestre/STR/freertos/pico/pico-sdk/src/rp2_common/hardware_irq/irq.c.obj
                0x0000000010000778                irq_has_shared_handler
 .text.irq_set_exclusive_handler
                0x000000001000079c       0x54 CMakeFiles/Task.dir/home/josue/Documentos/Faculdade/5-Semestre/STR/freertos/pico/pico-sdk/src/rp2_common/hardware_irq/irq.c.obj
                0x000000001000079c                irq_set_exclusive_handler
 .text.irq_add_shared_handler
                0x00000000100007f0      0x234 CMakeFiles/Task.dir/home/josue/Documentos/Faculdade/5-Semestre/STR/freertos/pico/pico-sdk/src/rp2_common/hardware_irq/irq.c.obj
                0x00000000100007f0                irq_add_shared_handler
 .text.irq_remove_handler
                0x0000000010000a24      0x1ac CMakeFiles/Task.dir/home/josue/Documentos/Faculdade/5-Semestre/STR/freertos/pico/pico-sdk/src/rp2_common/hardware_irq/irq.c.obj
                0x0000000010000a24                irq_remove_handler
 .text.irq_add_tail_to_free_list
                0x0000000010000bd0       0xf0 CMakeFiles/Task.dir/home/josue/Documentos/Faculdade/5-Semestre/STR/freertos/pico/pico-sdk/src/rp2_common/hardware_irq/irq.c.obj
                0x0000000010000bd0                irq_add_tail_to_free_list
 .text.irq_init_priorities
                0x0000000010000cc0       0x1c CMakeFiles/Task.dir/home/josue/Documentos/Faculdade/5-Semestre/STR/freertos/pico/pico-sdk/src/rp2_common/hardware_irq/irq.c.obj
                0x0000000010000cc0                irq_init_priorities
 .text.user_irq_claim_unused
                0x0000000010000cdc       0x28 CMakeFiles/Task.dir/home/josue/Documentos/Faculdade/5-Semestre/STR/freertos/pico/pico-sdk/src/rp2_common/hardware_irq/irq.c.obj
                0x0000000010000cdc                user_irq_claim_unused
 .text.lock_init
                0x0000000010000d04       0x10 CMakeFiles/Task.dir/home/josue/Documentos/Faculdade/5-Semestre/STR/freertos/pico/pico-sdk/src/common/pico_sync/lock_core.c.obj
                0x0000000010000d04                lock_init
 .text.mutex_init
                0x0000000010000d14       0x1c CMakeFiles/Task.dir/home/josue/Documentos/Faculdade/5-Semestre/STR/freertos/pico/pico-sdk/src/common/pico_sync/mutex.c.obj
                0x0000000010000d14                mutex_init
 .text.recursive_mutex_init
                0x0000000010000d30       0x20 CMakeFiles/Task.dir/home/josue/Documentos/Faculdade/5-Semestre/STR/freertos/pico/pico-sdk/src/common/pico_sync/mutex.c.obj
                0x0000000010000d30                recursive_mutex_init
 .text.critical_section_init_with_lock_num
                0x0000000010000d50       0x14 CMakeFiles/Task.dir/home/josue/Documentos/Faculdade/5-Semestre/STR/freertos/pico/pico-sdk/src/common/pico_sync/critical_section.c.obj
                0x0000000010000d50                critical_section_init_with_lock_num
 .text.critical_section_init
                0x0000000010000d64       0x14 CMakeFiles/Task.dir/home/josue/Documentos/Faculdade/5-Semestre/STR/freertos/pico/pico-sdk/src/common/pico_sync/critical_section.c.obj
                0x0000000010000d64                critical_section_init
 .text.alarm_pool_post_alloc_init
                0x0000000010000d78       0x40 CMakeFiles/Task.dir/home/josue/Documentos/Faculdade/5-Semestre/STR/freertos/pico/pico-sdk/src/common/pico_time/time.c.obj
 .text.sleep_until_callback
                0x0000000010000db8       0x28 CMakeFiles/Task.dir/home/josue/Documentos/Faculdade/5-Semestre/STR/freertos/pico/pico-sdk/src/common/pico_time/time.c.obj
 .text.timer_pool_entry_comparator
                0x0000000010000de0       0x7c CMakeFiles/Task.dir/home/josue/Documentos/Faculdade/5-Semestre/STR/freertos/pico/pico-sdk/src/common/pico_time/time.c.obj
                0x0000000010000de0                timer_pool_entry_comparator
 .text.ph_add_child_node
                0x0000000010000e5c       0xa4 CMakeFiles/Task.dir/home/josue/Documentos/Faculdade/5-Semestre/STR/freertos/pico/pico-sdk/src/common/pico_time/time.c.obj
 .text.ph_merge_nodes
                0x0000000010000f00       0x3e CMakeFiles/Task.dir/home/josue/Documentos/Faculdade/5-Semestre/STR/freertos/pico/pico-sdk/src/common/pico_time/time.c.obj
 *fill*         0x0000000010000f3e        0x2 
 .text.add_alarm_under_lock
                0x0000000010000f40      0x174 CMakeFiles/Task.dir/home/josue/Documentos/Faculdade/5-Semestre/STR/freertos/pico/pico-sdk/src/common/pico_time/time.c.obj
 .text.alarm_pool_alarm_callback
                0x00000000100010b4      0x33c CMakeFiles/Task.dir/home/josue/Documentos/Faculdade/5-Semestre/STR/freertos/pico/pico-sdk/src/common/pico_time/time.c.obj
 .text.alarm_pool_init_default
                0x00000000100013f0       0x40 CMakeFiles/Task.dir/home/josue/Documentos/Faculdade/5-Semestre/STR/freertos/pico/pico-sdk/src/common/pico_time/time.c.obj
                0x00000000100013f0                alarm_pool_init_default
 .text.alarm_pool_get_default
                0x0000000010001430       0x2c CMakeFiles/Task.dir/home/josue/Documentos/Faculdade/5-Semestre/STR/freertos/pico/pico-sdk/src/common/pico_time/time.c.obj
                0x0000000010001430                alarm_pool_get_default
 .text.alarm_pool_add_alarm_at
                0x000000001000145c      0x168 CMakeFiles/Task.dir/home/josue/Documentos/Faculdade/5-Semestre/STR/freertos/pico/pico-sdk/src/common/pico_time/time.c.obj
                0x000000001000145c                alarm_pool_add_alarm_at
 .text.alarm_pool_cancel_alarm
                0x00000000100015c4       0xf8 CMakeFiles/Task.dir/home/josue/Documentos/Faculdade/5-Semestre/STR/freertos/pico/pico-sdk/src/common/pico_time/time.c.obj
                0x00000000100015c4                alarm_pool_cancel_alarm
 .text.alarm_pool_core_num
                0x00000000100016bc        0x4 CMakeFiles/Task.dir/home/josue/Documentos/Faculdade/5-Semestre/STR/freertos/pico/pico-sdk/src/common/pico_time/time.c.obj
                0x00000000100016bc                alarm_pool_core_num
 .text.best_effort_wfe_or_timeout
                0x00000000100016c0       0xac CMakeFiles/Task.dir/home/josue/Documentos/Faculdade/5-Semestre/STR/freertos/pico/pico-sdk/src/common/pico_time/time.c.obj
                0x00000000100016c0                best_effort_wfe_or_timeout
 .text.hardware_alarm_irq_handler
                0x000000001000176c       0x90 CMakeFiles/Task.dir/home/josue/Documentos/Faculdade/5-Semestre/STR/freertos/pico/pico-sdk/src/rp2_common/hardware_timer/timer.c.obj
 .text.hardware_alarm_claim
                0x00000000100017fc       0x18 CMakeFiles/Task.dir/home/josue/Documentos/Faculdade/5-Semestre/STR/freertos/pico/pico-sdk/src/rp2_common/hardware_timer/timer.c.obj
                0x00000000100017fc                hardware_alarm_claim
 .text.time_us_64
                0x0000000010001814       0x18 CMakeFiles/Task.dir/home/josue/Documentos/Faculdade/5-Semestre/STR/freertos/pico/pico-sdk/src/rp2_common/hardware_timer/timer.c.obj
                0x0000000010001814                time_us_64
 .text.hardware_alarm_set_callback
                0x000000001000182c       0x90 CMakeFiles/Task.dir/home/josue/Documentos/Faculdade/5-Semestre/STR/freertos/pico/pico-sdk/src/rp2_common/hardware_timer/timer.c.obj
                0x000000001000182c                hardware_alarm_set_callback
 .text.hardware_alarm_set_target
                0x00000000100018bc       0xe8 CMakeFiles/Task.dir/home/josue/Documentos/Faculdade/5-Semestre/STR/freertos/pico/pico-sdk/src/rp2_common/hardware_timer/timer.c.obj
                0x00000000100018bc                hardware_alarm_set_target
 .text.hardware_alarm_cancel
                0x00000000100019a4       0x40 CMakeFiles/Task.dir/home/josue/Documentos/Faculdade/5-Semestre/STR/freertos/pico/pico-sdk/src/rp2_common/hardware_timer/timer.c.obj
                0x00000000100019a4                hardware_alarm_cancel
 .text.ph_add_child_node
                0x00000000100019e4       0xa4 CMakeFiles/Task.dir/home/josue/Documentos/Faculdade/5-Semestre/STR/freertos/pico/pico-sdk/src/common/pico_util/pheap.c.obj
 .text.ph_merge_nodes
                0x0000000010001a88       0x3e CMakeFiles/Task.dir/home/josue/Documentos/Faculdade/5-Semestre/STR/freertos/pico/pico-sdk/src/common/pico_util/pheap.c.obj
 *fill*         0x0000000010001ac6        0x2 
 .text.ph_clear
                0x0000000010001ac8       0x70 CMakeFiles/Task.dir/home/josue/Documentos/Faculdade/5-Semestre/STR/freertos/pico/pico-sdk/src/common/pico_util/pheap.c.obj
                0x0000000010001ac8                ph_clear
 .text.ph_post_alloc_init
                0x0000000010001b38        0xe CMakeFiles/Task.dir/home/josue/Documentos/Faculdade/5-Semestre/STR/freertos/pico/pico-sdk/src/common/pico_util/pheap.c.obj
                0x0000000010001b38                ph_post_alloc_init
 *fill*         0x0000000010001b46        0x2 
 .text.ph_merge_two_pass
                0x0000000010001b48       0xa8 CMakeFiles/Task.dir/home/josue/Documentos/Faculdade/5-Semestre/STR/freertos/pico/pico-sdk/src/common/pico_util/pheap.c.obj
                0x0000000010001b48                ph_merge_two_pass
 .text.ph_remove_any_head
                0x0000000010001bf0      0x128 CMakeFiles/Task.dir/home/josue/Documentos/Faculdade/5-Semestre/STR/freertos/pico/pico-sdk/src/common/pico_util/pheap.c.obj
 .text.ph_remove_head
                0x0000000010001d18       0x14 CMakeFiles/Task.dir/home/josue/Documentos/Faculdade/5-Semestre/STR/freertos/pico/pico-sdk/src/common/pico_util/pheap.c.obj
                0x0000000010001d18                ph_remove_head
 .text.ph_remove_and_free_node
                0x0000000010001d2c       0xf8 CMakeFiles/Task.dir/home/josue/Documentos/Faculdade/5-Semestre/STR/freertos/pico/pico-sdk/src/common/pico_util/pheap.c.obj
                0x0000000010001d2c                ph_remove_and_free_node
 .text.clock_configure
                0x0000000010001e24      0x108 CMakeFiles/Task.dir/home/josue/Documentos/Faculdade/5-Semestre/STR/freertos/pico/pico-sdk/src/rp2_common/hardware_clocks/clocks.c.obj
                0x0000000010001e24                clock_configure
 .text.clocks_init
                0x0000000010001f2c      0x100 CMakeFiles/Task.dir/home/josue/Documentos/Faculdade/5-Semestre/STR/freertos/pico/pico-sdk/src/rp2_common/hardware_clocks/clocks.c.obj
                0x0000000010001f2c                clocks_init
 .text.clock_get_hz
                0x000000001000202c        0xc CMakeFiles/Task.dir/home/josue/Documentos/Faculdade/5-Semestre/STR/freertos/pico/pico-sdk/src/rp2_common/hardware_clocks/clocks.c.obj
                0x000000001000202c                clock_get_hz
 .text.pll_init
                0x0000000010002038      0x120 CMakeFiles/Task.dir/home/josue/Documentos/Faculdade/5-Semestre/STR/freertos/pico/pico-sdk/src/rp2_common/hardware_pll/pll.c.obj
                0x0000000010002038                pll_init
 .text.watchdog_start_tick
                0x0000000010002158       0x10 CMakeFiles/Task.dir/home/josue/Documentos/Faculdade/5-Semestre/STR/freertos/pico/pico-sdk/src/rp2_common/hardware_watchdog/watchdog.c.obj
                0x0000000010002158                watchdog_start_tick
 .text.watchdog_update
                0x0000000010002168       0x14 CMakeFiles/Task.dir/home/josue/Documentos/Faculdade/5-Semestre/STR/freertos/pico/pico-sdk/src/rp2_common/hardware_watchdog/watchdog.c.obj
                0x0000000010002168                watchdog_update
 .text._watchdog_enable
                0x000000001000217c       0x78 CMakeFiles/Task.dir/home/josue/Documentos/Faculdade/5-Semestre/STR/freertos/pico/pico-sdk/src/rp2_common/hardware_watchdog/watchdog.c.obj
                0x000000001000217c                _watchdog_enable
 .text.watchdog_reboot
                0x00000000100021f4       0x48 CMakeFiles/Task.dir/home/josue/Documentos/Faculdade/5-Semestre/STR/freertos/pico/pico-sdk/src/rp2_common/hardware_watchdog/watchdog.c.obj
                0x00000000100021f4                watchdog_reboot
 .text.xosc_init
                0x000000001000223c       0x28 CMakeFiles/Task.dir/home/josue/Documentos/Faculdade/5-Semestre/STR/freertos/pico/pico-sdk/src/rp2_common/hardware_xosc/xosc.c.obj
                0x000000001000223c                xosc_init
 .text._exit    0x0000000010002264        0x4 CMakeFiles/Task.dir/home/josue/Documentos/Faculdade/5-Semestre/STR/freertos/pico/pico-sdk/src/rp2_common/pico_runtime/runtime.c.obj
                0x0000000010002264                _exit
 .text.exit     0x0000000010002268        0x6 CMakeFiles/Task.dir/home/josue/Documentos/Faculdade/5-Semestre/STR/freertos/pico/pico-sdk/src/rp2_common/pico_runtime/runtime.c.obj
                0x0000000010002268                exit
 *fill*         0x000000001000226e        0x2 
 .text.__assert_func
                0x0000000010002270       0x3c CMakeFiles/Task.dir/home/josue/Documentos/Faculdade/5-Semestre/STR/freertos/pico/pico-sdk/src/rp2_common/pico_runtime/runtime.c.obj
                0x0000000010002270                __assert_func
 .text.runtime_init
                0x00000000100022ac       0xf8 CMakeFiles/Task.dir/home/josue/Documentos/Faculdade/5-Semestre/STR/freertos/pico/pico-sdk/src/rp2_common/pico_runtime/runtime.c.obj
                0x00000000100022ac                runtime_init
 .text.panic    0x00000000100023a4       0x30 CMakeFiles/Task.dir/home/josue/Documentos/Faculdade/5-Semestre/STR/freertos/pico/pico-sdk/src/rp2_common/pico_runtime/runtime.c.obj
                0x00000000100023a4                panic
 .text.panic_unsupported
                0x00000000100023d4        0xc CMakeFiles/Task.dir/home/josue/Documentos/Faculdade/5-Semestre/STR/freertos/pico/pico-sdk/src/rp2_common/pico_runtime/runtime.c.obj
                0x00000000100023d4                panic_unsupported
 .text._out_null
                0x00000000100023e0        0x2 CMakeFiles/Task.dir/home/josue/Documentos/Faculdade/5-Semestre/STR/freertos/pico/pico-sdk/src/rp2_common/pico_printf/printf.c.obj
 .text._out_fct
                0x00000000100023e2        0xe CMakeFiles/Task.dir/home/josue/Documentos/Faculdade/5-Semestre/STR/freertos/pico/pico-sdk/src/rp2_common/pico_printf/printf.c.obj
 .text._atoi    0x00000000100023f0       0x24 CMakeFiles/Task.dir/home/josue/Documentos/Faculdade/5-Semestre/STR/freertos/pico/pico-sdk/src/rp2_common/pico_printf/printf.c.obj
 .text._out_rev
                0x0000000010002414       0xae CMakeFiles/Task.dir/home/josue/Documentos/Faculdade/5-Semestre/STR/freertos/pico/pico-sdk/src/rp2_common/pico_printf/printf.c.obj
 .text._ntoa_format
                0x00000000100024c2      0x112 CMakeFiles/Task.dir/home/josue/Documentos/Faculdade/5-Semestre/STR/freertos/pico/pico-sdk/src/rp2_common/pico_printf/printf.c.obj
 .text._ntoa_long
                0x00000000100025d4       0xbc CMakeFiles/Task.dir/home/josue/Documentos/Faculdade/5-Semestre/STR/freertos/pico/pico-sdk/src/rp2_common/pico_printf/printf.c.obj
 .text._ntoa_long_long
                0x0000000010002690       0xe2 CMakeFiles/Task.dir/home/josue/Documentos/Faculdade/5-Semestre/STR/freertos/pico/pico-sdk/src/rp2_common/pico_printf/printf.c.obj
 *fill*         0x0000000010002772        0x2 
 .text._etoa    0x0000000010002774      0x414 CMakeFiles/Task.dir/home/josue/Documentos/Faculdade/5-Semestre/STR/freertos/pico/pico-sdk/src/rp2_common/pico_printf/printf.c.obj
 .text._ftoa    0x0000000010002b88      0x354 CMakeFiles/Task.dir/home/josue/Documentos/Faculdade/5-Semestre/STR/freertos/pico/pico-sdk/src/rp2_common/pico_printf/printf.c.obj
 .text._vsnprintf
                0x0000000010002edc      0x624 CMakeFiles/Task.dir/home/josue/Documentos/Faculdade/5-Semestre/STR/freertos/pico/pico-sdk/src/rp2_common/pico_printf/printf.c.obj
 .text.vfctprintf
                0x0000000010003500       0x20 CMakeFiles/Task.dir/home/josue/Documentos/Faculdade/5-Semestre/STR/freertos/pico/pico-sdk/src/rp2_common/pico_printf/printf.c.obj
                0x0000000010003500                vfctprintf
 .text          0x0000000010003520       0x10 CMakeFiles/Task.dir/home/josue/Documentos/Faculdade/5-Semestre/STR/freertos/pico/pico-sdk/src/rp2_common/pico_bit_ops/bit_ops_aeabi.S.obj
 .text.rom_func_lookup
                0x0000000010003530       0x10 CMakeFiles/Task.dir/home/josue/Documentos/Faculdade/5-Semestre/STR/freertos/pico/pico-sdk/src/rp2_common/pico_bootrom/bootrom.c.obj
                0x0000000010003530                rom_func_lookup
 .text.rom_data_lookup
                0x0000000010003540       0x10 CMakeFiles/Task.dir/home/josue/Documentos/Faculdade/5-Semestre/STR/freertos/pico/pico-sdk/src/rp2_common/pico_bootrom/bootrom.c.obj
                0x0000000010003540                rom_data_lookup
 .text.rom_funcs_lookup
                0x0000000010003550       0x36 CMakeFiles/Task.dir/home/josue/Documentos/Faculdade/5-Semestre/STR/freertos/pico/pico-sdk/src/rp2_common/pico_bootrom/bootrom.c.obj
                0x0000000010003550                rom_funcs_lookup
 *fill*         0x0000000010003586        0x2 
 .text.__wrap___aeabi_idiv
                0x0000000010003588       0x50 CMakeFiles/Task.dir/home/josue/Documentos/Faculdade/5-Semestre/STR/freertos/pico/pico-sdk/src/rp2_common/pico_divider/divider.S.obj
                0x0000000010003588                __wrap___aeabi_idivmod
                0x0000000010003588                divmod_s32s32
                0x0000000010003588                div_s32s32
                0x0000000010003588                __wrap___aeabi_idiv
                0x0000000010003590                divmod_s32s32_unsafe
                0x00000000100035bc                divmod_s32s32_savestate
 .text.__wrap___aeabi_uidiv
                0x00000000100035d8       0x4c CMakeFiles/Task.dir/home/josue/Documentos/Faculdade/5-Semestre/STR/freertos/pico/pico-sdk/src/rp2_common/pico_divider/divider.S.obj
                0x00000000100035d8                __wrap___aeabi_uidiv
                0x00000000100035d8                __wrap___aeabi_uidivmod
                0x00000000100035d8                div_u32u32
                0x00000000100035d8                divmod_u32u32
                0x00000000100035e0                divmod_u32u32_unsafe
                0x0000000010003608                divmod_u32u32_savestate
 .text.__wrap___aeabi_ldiv
                0x0000000010003624      0x424 CMakeFiles/Task.dir/home/josue/Documentos/Faculdade/5-Semestre/STR/freertos/pico/pico-sdk/src/rp2_common/pico_divider/divider.S.obj
                0x0000000010003624                div_s64s64
                0x0000000010003624                divmod_s64s64
                0x0000000010003624                __wrap___aeabi_ldivmod
                0x0000000010003654                div_u64u64
                0x0000000010003654                divmod_u64u64
                0x0000000010003654                __wrap___aeabi_uldivmod
                0x0000000010003664                divmod_u64u64_savestate
                0x0000000010003684                divmod_s64s64_unsafe
                0x000000001000370c                divmod_u64u64_unsafe
 .text.__wrap___aeabi_darithmetic
                0x0000000010003a48       0x80 CMakeFiles/Task.dir/home/josue/Documentos/Faculdade/5-Semestre/STR/freertos/pico/pico-sdk/src/rp2_common/pico_double/double_aeabi.S.obj
                0x0000000010003a48                __wrap___aeabi_drsub
                0x0000000010003a4e                __wrap___aeabi_dsub
                0x0000000010003a60                __wrap___aeabi_dadd
                0x0000000010003a72                __wrap___aeabi_ddiv
                0x0000000010003aae                __wrap___aeabi_dmul
 .text.__wrap___aeabi_cdcmple
                0x0000000010003ac8       0x6c CMakeFiles/Task.dir/home/josue/Documentos/Faculdade/5-Semestre/STR/freertos/pico/pico-sdk/src/rp2_common/pico_double/double_aeabi.S.obj
                0x0000000010003ac8                __wrap___aeabi_cdrcmple
                0x0000000010003ad8                __wrap___aeabi_cdcmple
                0x0000000010003ad8                __wrap___aeabi_cdcmpeq
 .text.__wrap___aeabi_dcmplt
                0x0000000010003b34        0xc CMakeFiles/Task.dir/home/josue/Documentos/Faculdade/5-Semestre/STR/freertos/pico/pico-sdk/src/rp2_common/pico_double/double_aeabi.S.obj
                0x0000000010003b34                __wrap___aeabi_dcmplt
 .text.__wrap___aeabi_dcmple
                0x0000000010003b40       0x10 CMakeFiles/Task.dir/home/josue/Documentos/Faculdade/5-Semestre/STR/freertos/pico/pico-sdk/src/rp2_common/pico_double/double_aeabi.S.obj
                0x0000000010003b40                __wrap___aeabi_dcmple
 .text.__wrap___aeabi_dcmpge
                0x0000000010003b50       0x10 CMakeFiles/Task.dir/home/josue/Documentos/Faculdade/5-Semestre/STR/freertos/pico/pico-sdk/src/rp2_common/pico_double/double_aeabi.S.obj
                0x0000000010003b50                __wrap___aeabi_dcmpge
 .text.__wrap___aeabi_dcmpgt
                0x0000000010003b60        0xa CMakeFiles/Task.dir/home/josue/Documentos/Faculdade/5-Semestre/STR/freertos/pico/pico-sdk/src/rp2_common/pico_double/double_aeabi.S.obj
                0x0000000010003b60                __wrap___aeabi_dcmpgt
 .text.__wrap___aeabi_dcmpun
                0x0000000010003b6a       0x1c CMakeFiles/Task.dir/home/josue/Documentos/Faculdade/5-Semestre/STR/freertos/pico/pico-sdk/src/rp2_common/pico_double/double_aeabi.S.obj
                0x0000000010003b6a                __wrap___aeabi_dcmpun
 *fill*         0x0000000010003b86        0x2 
 .text.__wrap___aeabi_i2d
                0x0000000010003b88       0x38 CMakeFiles/Task.dir/home/josue/Documentos/Faculdade/5-Semestre/STR/freertos/pico/pico-sdk/src/rp2_common/pico_double/double_aeabi.S.obj
                0x0000000010003b88                __wrap___aeabi_ui2d
                0x0000000010003b90                __wrap___aeabi_i2d
 .text.__wrap___aeabi_d2iz
                0x0000000010003bc0       0x48 CMakeFiles/Task.dir/home/josue/Documentos/Faculdade/5-Semestre/STR/freertos/pico/pico-sdk/src/rp2_common/pico_double/double_aeabi.S.obj
                0x0000000010003bc0                __wrap___aeabi_d2iz
                0x0000000010003bc0                double2int_z
 .text.__wrap___aeabi_d2uiz
                0x0000000010003c08       0x18 CMakeFiles/Task.dir/home/josue/Documentos/Faculdade/5-Semestre/STR/freertos/pico/pico-sdk/src/rp2_common/pico_double/double_aeabi.S.obj
                0x0000000010003c08                double2uint
                0x0000000010003c08                __wrap___aeabi_d2uiz
 .text.__wrap___aeabi_d2f
                0x0000000010003c20       0x18 CMakeFiles/Task.dir/home/josue/Documentos/Faculdade/5-Semestre/STR/freertos/pico/pico-sdk/src/rp2_common/pico_double/double_aeabi.S.obj
                0x0000000010003c20                __wrap___aeabi_d2f
 .text.__aeabi_double_init
                0x0000000010003c38       0xc8 CMakeFiles/Task.dir/home/josue/Documentos/Faculdade/5-Semestre/STR/freertos/pico/pico-sdk/src/rp2_common/pico_double/double_init_rom.c.obj
                0x0000000010003c38                __aeabi_double_init
 .text.double_table_shim_on_use_helper
                0x0000000010003d00       0x34 CMakeFiles/Task.dir/home/josue/Documentos/Faculdade/5-Semestre/STR/freertos/pico/pico-sdk/src/rp2_common/pico_double/double_v1_rom_shim.S.obj
                0x0000000010003d00                double_table_shim_on_use_helper
 .text.__wrap___aeabi_dsub
                0x0000000010003d34       0x10 CMakeFiles/Task.dir/home/josue/Documentos/Faculdade/5-Semestre/STR/freertos/pico/pico-sdk/src/rp2_common/pico_double/double_v1_rom_shim.S.obj
                0x0000000010003d34                drsub_shim
                0x0000000010003d3a                dsub_shim
 .text.dadd_shim
                0x0000000010003d44      0x15c CMakeFiles/Task.dir/home/josue/Documentos/Faculdade/5-Semestre/STR/freertos/pico/pico-sdk/src/rp2_common/pico_double/double_v1_rom_shim.S.obj
                0x0000000010003d44                dadd_shim
 .text.dmul_shim
                0x0000000010003ea0      0x15c CMakeFiles/Task.dir/home/josue/Documentos/Faculdade/5-Semestre/STR/freertos/pico/pico-sdk/src/rp2_common/pico_double/double_v1_rom_shim.S.obj
                0x0000000010003ea0                dmul_shim
 .text.ddiv_shim
                0x0000000010003ffc      0x1b0 CMakeFiles/Task.dir/home/josue/Documentos/Faculdade/5-Semestre/STR/freertos/pico/pico-sdk/src/rp2_common/pico_double/double_v1_rom_shim.S.obj
                0x0000000010003ffc                ddiv_shim
 .text.double2uint_shim
                0x00000000100041ac        0xe CMakeFiles/Task.dir/home/josue/Documentos/Faculdade/5-Semestre/STR/freertos/pico/pico-sdk/src/rp2_common/pico_double/double_v1_rom_shim.S.obj
                0x00000000100041ac                double2uint_shim
                0x00000000100041ae                double2ufix_shim
 *fill*         0x00000000100041ba        0x2 
 .text.double2uint64_shim
                0x00000000100041bc       0x70 CMakeFiles/Task.dir/home/josue/Documentos/Faculdade/5-Semestre/STR/freertos/pico/pico-sdk/src/rp2_common/pico_double/double_v1_rom_shim.S.obj
                0x00000000100041bc                double2uint64_shim
                0x00000000100041be                double2ufix64_shim
                0x00000000100041de                d2fix_a
 .text.double2float_shim
                0x000000001000422c       0x5c CMakeFiles/Task.dir/home/josue/Documentos/Faculdade/5-Semestre/STR/freertos/pico/pico-sdk/src/rp2_common/pico_double/double_v1_rom_shim.S.obj
                0x000000001000422c                double2float_shim
 .text.dunpacks
                0x0000000010004288       0x3c CMakeFiles/Task.dir/home/josue/Documentos/Faculdade/5-Semestre/STR/freertos/pico/pico-sdk/src/rp2_common/pico_double/double_v1_rom_shim.S.obj
                0x0000000010004288                dunpacks
 .text.__aeabi_lmul
                0x00000000100042c4       0x32 CMakeFiles/Task.dir/home/josue/Documentos/Faculdade/5-Semestre/STR/freertos/pico/pico-sdk/src/rp2_common/pico_int64_ops/pico_int64_ops_aeabi.S.obj
                0x00000000100042c4                __wrap___aeabi_lmul
 *fill*         0x00000000100042f6        0x2 
 .text.__wrap___aeabi_farithmetic
                0x00000000100042f8       0x58 CMakeFiles/Task.dir/home/josue/Documentos/Faculdade/5-Semestre/STR/freertos/pico/pico-sdk/src/rp2_common/pico_float/float_aeabi.S.obj
                0x00000000100042f8                __wrap___aeabi_frsub
                0x00000000100042fe                __wrap___aeabi_fsub
                0x0000000010004308                __wrap___aeabi_fadd
                0x0000000010004312                __wrap___aeabi_fdiv
                0x000000001000433e                __wrap___aeabi_fmul
 .text.__wrap___aeabi_ui2f
                0x0000000010004350        0xa CMakeFiles/Task.dir/home/josue/Documentos/Faculdade/5-Semestre/STR/freertos/pico/pico-sdk/src/rp2_common/pico_float/float_aeabi.S.obj
                0x0000000010004350                __wrap___aeabi_ui2f
 *fill*         0x000000001000435a        0x2 
 .text.__wrap___aeabi_i2f
                0x000000001000435c       0x44 CMakeFiles/Task.dir/home/josue/Documentos/Faculdade/5-Semestre/STR/freertos/pico/pico-sdk/src/rp2_common/pico_float/float_aeabi.S.obj
                0x000000001000435c                __wrap___aeabi_i2f
 .text.__wrap___aeabi_f2d
                0x00000000100043a0       0x14 CMakeFiles/Task.dir/home/josue/Documentos/Faculdade/5-Semestre/STR/freertos/pico/pico-sdk/src/rp2_common/pico_float/float_aeabi.S.obj
                0x00000000100043a0                __wrap___aeabi_f2d
 .text.__aeabi_float_init
                0x00000000100043b4       0xfc CMakeFiles/Task.dir/home/josue/Documentos/Faculdade/5-Semestre/STR/freertos/pico/pico-sdk/src/rp2_common/pico_float/float_init_rom.c.obj
                0x00000000100043b4                __aeabi_float_init
 .text.float_table_shim_on_use_helper
                0x00000000100044b0       0x34 CMakeFiles/Task.dir/home/josue/Documentos/Faculdade/5-Semestre/STR/freertos/pico/pico-sdk/src/rp2_common/pico_float/float_v1_rom_shim.S.obj
                0x00000000100044b0                float_table_shim_on_use_helper
 .text.float2double_shim
                0x00000000100044e4       0x30 CMakeFiles/Task.dir/home/josue/Documentos/Faculdade/5-Semestre/STR/freertos/pico/pico-sdk/src/rp2_common/pico_float/float_v1_rom_shim.S.obj
                0x00000000100044e4                float2double_shim
 .text          0x0000000010004514       0x10 CMakeFiles/Task.dir/home/josue/Documentos/Faculdade/5-Semestre/STR/freertos/pico/pico-sdk/src/rp2_common/pico_mem_ops/mem_ops_aeabi.S.obj
                0x0000000010004514                __aeabi_mem_init
 .text.memset   0x0000000010004524        0xc CMakeFiles/Task.dir/home/josue/Documentos/Faculdade/5-Semestre/STR/freertos/pico/pico-sdk/src/rp2_common/pico_mem_ops/mem_ops_aeabi.S.obj
                0x0000000010004524                __wrap_memset
 .text.memcpy   0x0000000010004530        0xc CMakeFiles/Task.dir/home/josue/Documentos/Faculdade/5-Semestre/STR/freertos/pico/pico-sdk/src/rp2_common/pico_mem_ops/mem_ops_aeabi.S.obj
                0x0000000010004530                __wrap___aeabi_memcpy
                0x0000000010004530                __wrap_memcpy
 .text.stdio_out_chars_no_crlf
                0x000000001000453c        0xe CMakeFiles/Task.dir/home/josue/Documentos/Faculdade/5-Semestre/STR/freertos/pico/pico-sdk/src/rp2_common/pico_stdio/stdio.c.obj
 *fill*         0x000000001000454a        0x2 
 .text.stdio_out_chars_crlf
                0x000000001000454c       0x80 CMakeFiles/Task.dir/home/josue/Documentos/Faculdade/5-Semestre/STR/freertos/pico/pico-sdk/src/rp2_common/pico_stdio/stdio.c.obj
 .text.stdio_stack_buffer_flush
                0x00000000100045cc       0x44 CMakeFiles/Task.dir/home/josue/Documentos/Faculdade/5-Semestre/STR/freertos/pico/pico-sdk/src/rp2_common/pico_stdio/stdio.c.obj
 .text.stdio_buffered_printer
                0x0000000010004610       0x20 CMakeFiles/Task.dir/home/josue/Documentos/Faculdade/5-Semestre/STR/freertos/pico/pico-sdk/src/rp2_common/pico_stdio/stdio.c.obj
 .text.stdout_serialize_begin
                0x0000000010004630       0x5c CMakeFiles/Task.dir/home/josue/Documentos/Faculdade/5-Semestre/STR/freertos/pico/pico-sdk/src/rp2_common/pico_stdio/stdio.c.obj
                0x0000000010004630                stdout_serialize_begin
 .text.stdout_serialize_end
                0x000000001000468c       0x10 CMakeFiles/Task.dir/home/josue/Documentos/Faculdade/5-Semestre/STR/freertos/pico/pico-sdk/src/rp2_common/pico_stdio/stdio.c.obj
                0x000000001000468c                stdout_serialize_end
 .text.stdio_put_string
                0x000000001000469c       0x98 CMakeFiles/Task.dir/home/josue/Documentos/Faculdade/5-Semestre/STR/freertos/pico/pico-sdk/src/rp2_common/pico_stdio/stdio.c.obj
 .text.stdio_set_driver_enabled
                0x0000000010004734       0x2c CMakeFiles/Task.dir/home/josue/Documentos/Faculdade/5-Semestre/STR/freertos/pico/pico-sdk/src/rp2_common/pico_stdio/stdio.c.obj
                0x0000000010004734                stdio_set_driver_enabled
 .text.stdio_flush
                0x0000000010004760       0x20 CMakeFiles/Task.dir/home/josue/Documentos/Faculdade/5-Semestre/STR/freertos/pico/pico-sdk/src/rp2_common/pico_stdio/stdio.c.obj
                0x0000000010004760                stdio_flush
 .text.__wrap_puts
                0x0000000010004780       0x1e CMakeFiles/Task.dir/home/josue/Documentos/Faculdade/5-Semestre/STR/freertos/pico/pico-sdk/src/rp2_common/pico_stdio/stdio.c.obj
                0x0000000010004780                __wrap_puts
 *fill*         0x000000001000479e        0x2 
 .text.__wrap_vprintf
                0x00000000100047a0       0x40 CMakeFiles/Task.dir/home/josue/Documentos/Faculdade/5-Semestre/STR/freertos/pico/pico-sdk/src/rp2_common/pico_stdio/stdio.c.obj
                0x00000000100047a0                __wrap_vprintf
 .text.__wrap_printf
                0x00000000100047e0       0x18 CMakeFiles/Task.dir/home/josue/Documentos/Faculdade/5-Semestre/STR/freertos/pico/pico-sdk/src/rp2_common/pico_stdio/stdio.c.obj
                0x00000000100047e0                __wrap_printf
 .text.stdio_init_all
                0x00000000100047f8        0x8 CMakeFiles/Task.dir/home/josue/Documentos/Faculdade/5-Semestre/STR/freertos/pico/pico-sdk/src/rp2_common/pico_stdio/stdio.c.obj
                0x00000000100047f8                stdio_init_all
 .text.resetd_init
                0x0000000010004800        0x2 CMakeFiles/Task.dir/home/josue/Documentos/Faculdade/5-Semestre/STR/freertos/pico/pico-sdk/src/rp2_common/pico_stdio_usb/reset_interface.c.obj
 *fill*         0x0000000010004802        0x2 
 .text.resetd_reset
                0x0000000010004804        0xc CMakeFiles/Task.dir/home/josue/Documentos/Faculdade/5-Semestre/STR/freertos/pico/pico-sdk/src/rp2_common/pico_stdio_usb/reset_interface.c.obj
 .text.resetd_open
                0x0000000010004810       0x34 CMakeFiles/Task.dir/home/josue/Documentos/Faculdade/5-Semestre/STR/freertos/pico/pico-sdk/src/rp2_common/pico_stdio_usb/reset_interface.c.obj
 .text.resetd_xfer_cb
                0x0000000010004844        0x4 CMakeFiles/Task.dir/home/josue/Documentos/Faculdade/5-Semestre/STR/freertos/pico/pico-sdk/src/rp2_common/pico_stdio_usb/reset_interface.c.obj
 .text.reset_usb_boot
                0x0000000010004848       0x18 CMakeFiles/Task.dir/home/josue/Documentos/Faculdade/5-Semestre/STR/freertos/pico/pico-sdk/src/rp2_common/pico_stdio_usb/reset_interface.c.obj
 .text.resetd_control_xfer_cb
                0x0000000010004860       0x5c CMakeFiles/Task.dir/home/josue/Documentos/Faculdade/5-Semestre/STR/freertos/pico/pico-sdk/src/rp2_common/pico_stdio_usb/reset_interface.c.obj
 .text.usbd_app_driver_get_cb
                0x00000000100048bc        0xc CMakeFiles/Task.dir/home/josue/Documentos/Faculdade/5-Semestre/STR/freertos/pico/pico-sdk/src/rp2_common/pico_stdio_usb/reset_interface.c.obj
                0x00000000100048bc                usbd_app_driver_get_cb
 .text.tud_cdc_line_coding_cb
                0x00000000100048c8       0x28 CMakeFiles/Task.dir/home/josue/Documentos/Faculdade/5-Semestre/STR/freertos/pico/pico-sdk/src/rp2_common/pico_stdio_usb/reset_interface.c.obj
                0x00000000100048c8                tud_cdc_line_coding_cb
 .text.stdio_usb_set_chars_available_callback
                0x00000000100048f0       0x14 CMakeFiles/Task.dir/home/josue/Documentos/Faculdade/5-Semestre/STR/freertos/pico/pico-sdk/src/rp2_common/pico_stdio_usb/stdio_usb.c.obj
                0x00000000100048f0                stdio_usb_set_chars_available_callback
 .text.usb_irq  0x0000000010004904       0x10 CMakeFiles/Task.dir/home/josue/Documentos/Faculdade/5-Semestre/STR/freertos/pico/pico-sdk/src/rp2_common/pico_stdio_usb/stdio_usb.c.obj
 .text.timer_task
                0x0000000010004914       0x5c CMakeFiles/Task.dir/home/josue/Documentos/Faculdade/5-Semestre/STR/freertos/pico/pico-sdk/src/rp2_common/pico_stdio_usb/stdio_usb.c.obj
 .text.low_priority_worker_irq
                0x0000000010004970       0xdc CMakeFiles/Task.dir/home/josue/Documentos/Faculdade/5-Semestre/STR/freertos/pico/pico-sdk/src/rp2_common/pico_stdio_usb/stdio_usb.c.obj
 .text.tud_cdc_rx_cb
                0x0000000010004a4c       0x20 CMakeFiles/Task.dir/home/josue/Documentos/Faculdade/5-Semestre/STR/freertos/pico/pico-sdk/src/rp2_common/pico_stdio_usb/stdio_usb.c.obj
                0x0000000010004a4c                tud_cdc_rx_cb
 .text.stdio_usb_init
                0x0000000010004a6c      0x11c CMakeFiles/Task.dir/home/josue/Documentos/Faculdade/5-Semestre/STR/freertos/pico/pico-sdk/src/rp2_common/pico_stdio_usb/stdio_usb.c.obj
                0x0000000010004a6c                stdio_usb_init
 .text.stdio_usb_connected
                0x0000000010004b88        0xa CMakeFiles/Task.dir/home/josue/Documentos/Faculdade/5-Semestre/STR/freertos/pico/pico-sdk/src/rp2_common/pico_stdio_usb/stdio_usb.c.obj
                0x0000000010004b88                stdio_usb_connected
 *fill*         0x0000000010004b92        0x2 
 .text.stdio_usb_in_chars
                0x0000000010004b94       0xc4 CMakeFiles/Task.dir/home/josue/Documentos/Faculdade/5-Semestre/STR/freertos/pico/pico-sdk/src/rp2_common/pico_stdio_usb/stdio_usb.c.obj
                0x0000000010004b94                stdio_usb_in_chars
 .text.stdio_usb_out_chars
                0x0000000010004c58      0x114 CMakeFiles/Task.dir/home/josue/Documentos/Faculdade/5-Semestre/STR/freertos/pico/pico-sdk/src/rp2_common/pico_stdio_usb/stdio_usb.c.obj
 .text.tud_descriptor_device_cb
                0x0000000010004d6c        0x8 CMakeFiles/Task.dir/home/josue/Documentos/Faculdade/5-Semestre/STR/freertos/pico/pico-sdk/src/rp2_common/pico_stdio_usb/stdio_usb_descriptors.c.obj
                0x0000000010004d6c                tud_descriptor_device_cb
 .text.tud_descriptor_configuration_cb
                0x0000000010004d74        0x8 CMakeFiles/Task.dir/home/josue/Documentos/Faculdade/5-Semestre/STR/freertos/pico/pico-sdk/src/rp2_common/pico_stdio_usb/stdio_usb_descriptors.c.obj
                0x0000000010004d74                tud_descriptor_configuration_cb
 .text.tud_descriptor_string_cb
                0x0000000010004d7c       0x6c CMakeFiles/Task.dir/home/josue/Documentos/Faculdade/5-Semestre/STR/freertos/pico/pico-sdk/src/rp2_common/pico_stdio_usb/stdio_usb_descriptors.c.obj
                0x0000000010004d7c                tud_descriptor_string_cb
 .text._retrieve_unique_id_on_boot
                0x0000000010004de8       0x10 CMakeFiles/Task.dir/home/josue/Documentos/Faculdade/5-Semestre/STR/freertos/pico/pico-sdk/src/rp2_common/pico_unique_id/unique_id.c.obj
 .text.pico_get_unique_board_id_string
                0x0000000010004df8       0x60 CMakeFiles/Task.dir/home/josue/Documentos/Faculdade/5-Semestre/STR/freertos/pico/pico-sdk/src/rp2_common/pico_unique_id/unique_id.c.obj
                0x0000000010004df8                pico_get_unique_board_id_string
 .text.flash_get_unique_id
                0x0000000010004e58       0x46 CMakeFiles/Task.dir/home/josue/Documentos/Faculdade/5-Semestre/STR/freertos/pico/pico-sdk/src/rp2_common/hardware_flash/flash.c.obj
                0x0000000010004e58                flash_get_unique_id
 *fill*         0x0000000010004e9e        0x2 
 .text.hw_endpoint_get_by_addr
                0x0000000010004ea0       0x18 CMakeFiles/Task.dir/home/josue/Documentos/Faculdade/5-Semestre/STR/freertos/pico/pico-sdk/lib/tinyusb/src/portable/raspberrypi/rp2040/dcd_rp2040.c.obj
 .text._hw_endpoint_alloc
                0x0000000010004eb8       0x70 CMakeFiles/Task.dir/home/josue/Documentos/Faculdade/5-Semestre/STR/freertos/pico/pico-sdk/lib/tinyusb/src/portable/raspberrypi/rp2040/dcd_rp2040.c.obj
 .text.hw_endpoint_init
                0x0000000010004f28       0x88 CMakeFiles/Task.dir/home/josue/Documentos/Faculdade/5-Semestre/STR/freertos/pico/pico-sdk/lib/tinyusb/src/portable/raspberrypi/rp2040/dcd_rp2040.c.obj
 .text.hw_endpoint_xfer
                0x0000000010004fb0       0x14 CMakeFiles/Task.dir/home/josue/Documentos/Faculdade/5-Semestre/STR/freertos/pico/pico-sdk/lib/tinyusb/src/portable/raspberrypi/rp2040/dcd_rp2040.c.obj
 .text.dcd_int_enable
                0x0000000010004fc4       0x2c CMakeFiles/Task.dir/home/josue/Documentos/Faculdade/5-Semestre/STR/freertos/pico/pico-sdk/lib/tinyusb/src/portable/raspberrypi/rp2040/dcd_rp2040.c.obj
                0x0000000010004fc4                dcd_int_enable
 .text.dcd_set_address
                0x0000000010004ff0       0x2c CMakeFiles/Task.dir/home/josue/Documentos/Faculdade/5-Semestre/STR/freertos/pico/pico-sdk/lib/tinyusb/src/portable/raspberrypi/rp2040/dcd_rp2040.c.obj
                0x0000000010004ff0                dcd_set_address
 .text.dcd_connect
                0x000000001000501c       0x10 CMakeFiles/Task.dir/home/josue/Documentos/Faculdade/5-Semestre/STR/freertos/pico/pico-sdk/lib/tinyusb/src/portable/raspberrypi/rp2040/dcd_rp2040.c.obj
                0x000000001000501c                dcd_connect
 .text.dcd_init
                0x000000001000502c       0x80 CMakeFiles/Task.dir/home/josue/Documentos/Faculdade/5-Semestre/STR/freertos/pico/pico-sdk/lib/tinyusb/src/portable/raspberrypi/rp2040/dcd_rp2040.c.obj
                0x000000001000502c                dcd_init
 .text.dcd_edpt0_status_complete
                0x00000000100050ac       0x1c CMakeFiles/Task.dir/home/josue/Documentos/Faculdade/5-Semestre/STR/freertos/pico/pico-sdk/lib/tinyusb/src/portable/raspberrypi/rp2040/dcd_rp2040.c.obj
                0x00000000100050ac                dcd_edpt0_status_complete
 .text.dcd_edpt_open
                0x00000000100050c8       0x40 CMakeFiles/Task.dir/home/josue/Documentos/Faculdade/5-Semestre/STR/freertos/pico/pico-sdk/lib/tinyusb/src/portable/raspberrypi/rp2040/dcd_rp2040.c.obj
                0x00000000100050c8                dcd_edpt_open
 .text.dcd_edpt_close_all
                0x0000000010005108        0x8 CMakeFiles/Task.dir/home/josue/Documentos/Faculdade/5-Semestre/STR/freertos/pico/pico-sdk/lib/tinyusb/src/portable/raspberrypi/rp2040/dcd_rp2040.c.obj
                0x0000000010005108                dcd_edpt_close_all
 .text.dcd_edpt_xfer
                0x0000000010005110       0x34 CMakeFiles/Task.dir/home/josue/Documentos/Faculdade/5-Semestre/STR/freertos/pico/pico-sdk/lib/tinyusb/src/portable/raspberrypi/rp2040/dcd_rp2040.c.obj
                0x0000000010005110                dcd_edpt_xfer
 .text.dcd_edpt_stall
                0x0000000010005144       0x2c CMakeFiles/Task.dir/home/josue/Documentos/Faculdade/5-Semestre/STR/freertos/pico/pico-sdk/lib/tinyusb/src/portable/raspberrypi/rp2040/dcd_rp2040.c.obj
                0x0000000010005144                dcd_edpt_stall
 .text.dcd_edpt_clear_stall
                0x0000000010005170       0x20 CMakeFiles/Task.dir/home/josue/Documentos/Faculdade/5-Semestre/STR/freertos/pico/pico-sdk/lib/tinyusb/src/portable/raspberrypi/rp2040/dcd_rp2040.c.obj
                0x0000000010005170                dcd_edpt_clear_stall
 .text.rp2040_usb_init
                0x0000000010005190       0x4c CMakeFiles/Task.dir/home/josue/Documentos/Faculdade/5-Semestre/STR/freertos/pico/pico-sdk/lib/tinyusb/src/portable/raspberrypi/rp2040/rp2040_usb.c.obj
                0x0000000010005190                rp2040_usb_init
 .text.hw_endpoint_xfer_start
                0x00000000100051dc       0x50 CMakeFiles/Task.dir/home/josue/Documentos/Faculdade/5-Semestre/STR/freertos/pico/pico-sdk/lib/tinyusb/src/portable/raspberrypi/rp2040/rp2040_usb.c.obj
                0x00000000100051dc                hw_endpoint_xfer_start
 .text.configuration_reset
                0x000000001000522c       0x84 CMakeFiles/Task.dir/home/josue/Documentos/Faculdade/5-Semestre/STR/freertos/pico/pico-sdk/lib/tinyusb/src/device/usbd.c.obj
 .text.usbd_reset
                0x00000000100052b0        0xc CMakeFiles/Task.dir/home/josue/Documentos/Faculdade/5-Semestre/STR/freertos/pico/pico-sdk/lib/tinyusb/src/device/usbd.c.obj
 .text.invoke_class_control
                0x00000000100052bc       0x1a CMakeFiles/Task.dir/home/josue/Documentos/Faculdade/5-Semestre/STR/freertos/pico/pico-sdk/lib/tinyusb/src/device/usbd.c.obj
 *fill*         0x00000000100052d6        0x2 
 .text.process_set_config
                0x00000000100052d8      0x178 CMakeFiles/Task.dir/home/josue/Documentos/Faculdade/5-Semestre/STR/freertos/pico/pico-sdk/lib/tinyusb/src/device/usbd.c.obj
 .text.process_get_descriptor
                0x0000000010005450       0xdc CMakeFiles/Task.dir/home/josue/Documentos/Faculdade/5-Semestre/STR/freertos/pico/pico-sdk/lib/tinyusb/src/device/usbd.c.obj
 .text.tud_mounted
                0x000000001000552c       0x10 CMakeFiles/Task.dir/home/josue/Documentos/Faculdade/5-Semestre/STR/freertos/pico/pico-sdk/lib/tinyusb/src/device/usbd.c.obj
                0x000000001000552c                tud_mounted
 .text.tud_suspended
                0x000000001000553c       0x10 CMakeFiles/Task.dir/home/josue/Documentos/Faculdade/5-Semestre/STR/freertos/pico/pico-sdk/lib/tinyusb/src/device/usbd.c.obj
                0x000000001000553c                tud_suspended
 .text.tud_inited
                0x000000001000554c       0x14 CMakeFiles/Task.dir/home/josue/Documentos/Faculdade/5-Semestre/STR/freertos/pico/pico-sdk/lib/tinyusb/src/device/usbd.c.obj
                0x000000001000554c                tud_inited
 .text.tud_init
                0x0000000010005560       0xcc CMakeFiles/Task.dir/home/josue/Documentos/Faculdade/5-Semestre/STR/freertos/pico/pico-sdk/lib/tinyusb/src/device/usbd.c.obj
                0x0000000010005560                tud_init
 .text.usbd_defer_func
                0x000000001000562c       0x2a CMakeFiles/Task.dir/home/josue/Documentos/Faculdade/5-Semestre/STR/freertos/pico/pico-sdk/lib/tinyusb/src/device/usbd.c.obj
                0x000000001000562c                usbd_defer_func
 *fill*         0x0000000010005656        0x2 
 .text.usbd_edpt_open
                0x0000000010005658       0x34 CMakeFiles/Task.dir/home/josue/Documentos/Faculdade/5-Semestre/STR/freertos/pico/pico-sdk/lib/tinyusb/src/device/usbd.c.obj
                0x0000000010005658                usbd_edpt_open
 .text.usbd_open_edpt_pair
                0x000000001000568c       0x62 CMakeFiles/Task.dir/home/josue/Documentos/Faculdade/5-Semestre/STR/freertos/pico/pico-sdk/lib/tinyusb/src/device/usbd.c.obj
                0x000000001000568c                usbd_open_edpt_pair
 *fill*         0x00000000100056ee        0x2 
 .text.usbd_edpt_claim
                0x00000000100056f0       0x28 CMakeFiles/Task.dir/home/josue/Documentos/Faculdade/5-Semestre/STR/freertos/pico/pico-sdk/lib/tinyusb/src/device/usbd.c.obj
                0x00000000100056f0                usbd_edpt_claim
 .text.usbd_edpt_release
                0x0000000010005718       0x28 CMakeFiles/Task.dir/home/josue/Documentos/Faculdade/5-Semestre/STR/freertos/pico/pico-sdk/lib/tinyusb/src/device/usbd.c.obj
                0x0000000010005718                usbd_edpt_release
 .text.usbd_edpt_xfer
                0x0000000010005740       0x78 CMakeFiles/Task.dir/home/josue/Documentos/Faculdade/5-Semestre/STR/freertos/pico/pico-sdk/lib/tinyusb/src/device/usbd.c.obj
                0x0000000010005740                usbd_edpt_xfer
 .text.usbd_edpt_stall
                0x00000000100057b8       0x48 CMakeFiles/Task.dir/home/josue/Documentos/Faculdade/5-Semestre/STR/freertos/pico/pico-sdk/lib/tinyusb/src/device/usbd.c.obj
                0x00000000100057b8                usbd_edpt_stall
 .text.usbd_edpt_clear_stall
                0x0000000010005800       0x48 CMakeFiles/Task.dir/home/josue/Documentos/Faculdade/5-Semestre/STR/freertos/pico/pico-sdk/lib/tinyusb/src/device/usbd.c.obj
                0x0000000010005800                usbd_edpt_clear_stall
 .text.usbd_edpt_stalled
                0x0000000010005848       0x1c CMakeFiles/Task.dir/home/josue/Documentos/Faculdade/5-Semestre/STR/freertos/pico/pico-sdk/lib/tinyusb/src/device/usbd.c.obj
                0x0000000010005848                usbd_edpt_stalled
 .text.process_control_request
                0x0000000010005864      0x37c CMakeFiles/Task.dir/home/josue/Documentos/Faculdade/5-Semestre/STR/freertos/pico/pico-sdk/lib/tinyusb/src/device/usbd.c.obj
 .text.tud_task_ext
                0x0000000010005be0      0x1b8 CMakeFiles/Task.dir/home/josue/Documentos/Faculdade/5-Semestre/STR/freertos/pico/pico-sdk/lib/tinyusb/src/device/usbd.c.obj
                0x0000000010005be0                tud_task_ext
 .text._data_stage_xact
                0x0000000010005d98       0x58 CMakeFiles/Task.dir/home/josue/Documentos/Faculdade/5-Semestre/STR/freertos/pico/pico-sdk/lib/tinyusb/src/device/usbd_control.c.obj
 .text.tud_control_status
                0x0000000010005df0       0x38 CMakeFiles/Task.dir/home/josue/Documentos/Faculdade/5-Semestre/STR/freertos/pico/pico-sdk/lib/tinyusb/src/device/usbd_control.c.obj
                0x0000000010005df0                tud_control_status
 .text.tud_control_xfer
                0x0000000010005e28       0x74 CMakeFiles/Task.dir/home/josue/Documentos/Faculdade/5-Semestre/STR/freertos/pico/pico-sdk/lib/tinyusb/src/device/usbd_control.c.obj
                0x0000000010005e28                tud_control_xfer
 .text.usbd_control_reset
                0x0000000010005e9c       0x14 CMakeFiles/Task.dir/home/josue/Documentos/Faculdade/5-Semestre/STR/freertos/pico/pico-sdk/lib/tinyusb/src/device/usbd_control.c.obj
                0x0000000010005e9c                usbd_control_reset
 .text.usbd_control_set_complete_callback
                0x0000000010005eb0        0xc CMakeFiles/Task.dir/home/josue/Documentos/Faculdade/5-Semestre/STR/freertos/pico/pico-sdk/lib/tinyusb/src/device/usbd_control.c.obj
                0x0000000010005eb0                usbd_control_set_complete_callback
 .text.usbd_control_set_request
                0x0000000010005ebc       0x1c CMakeFiles/Task.dir/home/josue/Documentos/Faculdade/5-Semestre/STR/freertos/pico/pico-sdk/lib/tinyusb/src/device/usbd_control.c.obj
                0x0000000010005ebc                usbd_control_set_request
 .text.usbd_control_xfer_cb
                0x0000000010005ed8       0xcc CMakeFiles/Task.dir/home/josue/Documentos/Faculdade/5-Semestre/STR/freertos/pico/pico-sdk/lib/tinyusb/src/device/usbd_control.c.obj
                0x0000000010005ed8                usbd_control_xfer_cb
 .text._prep_out_transaction
                0x0000000010005fa4       0x4a CMakeFiles/Task.dir/home/josue/Documentos/Faculdade/5-Semestre/STR/freertos/pico/pico-sdk/lib/tinyusb/src/class/cdc/cdc_device.c.obj
 *fill*         0x0000000010005fee        0x2 
 .text.tud_cdc_n_connected
                0x0000000010005ff0       0x44 CMakeFiles/Task.dir/home/josue/Documentos/Faculdade/5-Semestre/STR/freertos/pico/pico-sdk/lib/tinyusb/src/class/cdc/cdc_device.c.obj
                0x0000000010005ff0                tud_cdc_n_connected
 .text.tud_cdc_n_available
                0x0000000010006034       0x18 CMakeFiles/Task.dir/home/josue/Documentos/Faculdade/5-Semestre/STR/freertos/pico/pico-sdk/lib/tinyusb/src/class/cdc/cdc_device.c.obj
                0x0000000010006034                tud_cdc_n_available
 .text.tud_cdc_n_read
                0x000000001000604c       0x28 CMakeFiles/Task.dir/home/josue/Documentos/Faculdade/5-Semestre/STR/freertos/pico/pico-sdk/lib/tinyusb/src/class/cdc/cdc_device.c.obj
                0x000000001000604c                tud_cdc_n_read
 .text.tud_cdc_n_write_flush
                0x0000000010006074       0xb8 CMakeFiles/Task.dir/home/josue/Documentos/Faculdade/5-Semestre/STR/freertos/pico/pico-sdk/lib/tinyusb/src/class/cdc/cdc_device.c.obj
                0x0000000010006074                tud_cdc_n_write_flush
 .text.tud_cdc_n_write
                0x000000001000612c       0x38 CMakeFiles/Task.dir/home/josue/Documentos/Faculdade/5-Semestre/STR/freertos/pico/pico-sdk/lib/tinyusb/src/class/cdc/cdc_device.c.obj
                0x000000001000612c                tud_cdc_n_write
 .text.tud_cdc_n_write_available
                0x0000000010006164       0x1c CMakeFiles/Task.dir/home/josue/Documentos/Faculdade/5-Semestre/STR/freertos/pico/pico-sdk/lib/tinyusb/src/class/cdc/cdc_device.c.obj
                0x0000000010006164                tud_cdc_n_write_available
 .text.cdcd_init
                0x0000000010006180       0xbc CMakeFiles/Task.dir/home/josue/Documentos/Faculdade/5-Semestre/STR/freertos/pico/pico-sdk/lib/tinyusb/src/class/cdc/cdc_device.c.obj
                0x0000000010006180                cdcd_init
 .text.cdcd_reset
                0x000000001000623c       0x44 CMakeFiles/Task.dir/home/josue/Documentos/Faculdade/5-Semestre/STR/freertos/pico/pico-sdk/lib/tinyusb/src/class/cdc/cdc_device.c.obj
                0x000000001000623c                cdcd_reset
 .text.cdcd_open
                0x0000000010006280       0xcc CMakeFiles/Task.dir/home/josue/Documentos/Faculdade/5-Semestre/STR/freertos/pico/pico-sdk/lib/tinyusb/src/class/cdc/cdc_device.c.obj
                0x0000000010006280                cdcd_open
 .text.cdcd_control_xfer_cb
                0x000000001000634c      0x134 CMakeFiles/Task.dir/home/josue/Documentos/Faculdade/5-Semestre/STR/freertos/pico/pico-sdk/lib/tinyusb/src/class/cdc/cdc_device.c.obj
                0x000000001000634c                cdcd_control_xfer_cb
 .text.cdcd_xfer_cb
                0x0000000010006480      0x130 CMakeFiles/Task.dir/home/josue/Documentos/Faculdade/5-Semestre/STR/freertos/pico/pico-sdk/lib/tinyusb/src/class/cdc/cdc_device.c.obj
                0x0000000010006480                cdcd_xfer_cb
 .text.tusb_init
                0x00000000100065b0        0xa CMakeFiles/Task.dir/home/josue/Documentos/Faculdade/5-Semestre/STR/freertos/pico/pico-sdk/lib/tinyusb/src/tusb.c.obj
                0x00000000100065b0                tusb_init
 .text.tusb_inited
                0x00000000100065ba        0xe CMakeFiles/Task.dir/home/josue/Documentos/Faculdade/5-Semestre/STR/freertos/pico/pico-sdk/lib/tinyusb/src/tusb.c.obj
                0x00000000100065ba                tusb_inited
 .text.tu_edpt_claim
                0x00000000100065c8       0x50 CMakeFiles/Task.dir/home/josue/Documentos/Faculdade/5-Semestre/STR/freertos/pico/pico-sdk/lib/tinyusb/src/tusb.c.obj
                0x00000000100065c8                tu_edpt_claim
 .text.tu_edpt_release
                0x0000000010006618       0x3c CMakeFiles/Task.dir/home/josue/Documentos/Faculdade/5-Semestre/STR/freertos/pico/pico-sdk/lib/tinyusb/src/tusb.c.obj
                0x0000000010006618                tu_edpt_release
 .text.tu_edpt_validate
                0x0000000010006654       0x78 CMakeFiles/Task.dir/home/josue/Documentos/Faculdade/5-Semestre/STR/freertos/pico/pico-sdk/lib/tinyusb/src/tusb.c.obj
                0x0000000010006654                tu_edpt_validate
 .text.tu_edpt_bind_driver
                0x00000000100066cc       0x26 CMakeFiles/Task.dir/home/josue/Documentos/Faculdade/5-Semestre/STR/freertos/pico/pico-sdk/lib/tinyusb/src/tusb.c.obj
                0x00000000100066cc                tu_edpt_bind_driver
 .text.advance_index
                0x00000000100066f2       0x1a CMakeFiles/Task.dir/home/josue/Documentos/Faculdade/5-Semestre/STR/freertos/pico/pico-sdk/lib/tinyusb/src/common/tusb_fifo.c.obj
 .text._tu_fifo_peek
                0x000000001000670c       0x56 CMakeFiles/Task.dir/home/josue/Documentos/Faculdade/5-Semestre/STR/freertos/pico/pico-sdk/lib/tinyusb/src/common/tusb_fifo.c.obj
 .text._ff_pull_const_addr
                0x0000000010006762       0x4c CMakeFiles/Task.dir/home/josue/Documentos/Faculdade/5-Semestre/STR/freertos/pico/pico-sdk/lib/tinyusb/src/common/tusb_fifo.c.obj
 .text._ff_pull_n
                0x00000000100067ae      0x110 CMakeFiles/Task.dir/home/josue/Documentos/Faculdade/5-Semestre/STR/freertos/pico/pico-sdk/lib/tinyusb/src/common/tusb_fifo.c.obj
 .text._tu_fifo_peek_n
                0x00000000100068be       0x6a CMakeFiles/Task.dir/home/josue/Documentos/Faculdade/5-Semestre/STR/freertos/pico/pico-sdk/lib/tinyusb/src/common/tusb_fifo.c.obj
 .text._tu_fifo_read_n
                0x0000000010006928       0x4e CMakeFiles/Task.dir/home/josue/Documentos/Faculdade/5-Semestre/STR/freertos/pico/pico-sdk/lib/tinyusb/src/common/tusb_fifo.c.obj
 .text._ff_push_const_addr
                0x0000000010006976       0x40 CMakeFiles/Task.dir/home/josue/Documentos/Faculdade/5-Semestre/STR/freertos/pico/pico-sdk/lib/tinyusb/src/common/tusb_fifo.c.obj
 .text._ff_push_n
                0x00000000100069b6      0x10c CMakeFiles/Task.dir/home/josue/Documentos/Faculdade/5-Semestre/STR/freertos/pico/pico-sdk/lib/tinyusb/src/common/tusb_fifo.c.obj
 .text._tu_fifo_write_n
                0x0000000010006ac2       0xf0 CMakeFiles/Task.dir/home/josue/Documentos/Faculdade/5-Semestre/STR/freertos/pico/pico-sdk/lib/tinyusb/src/common/tusb_fifo.c.obj
 .text.tu_fifo_config
                0x0000000010006bb2       0x7c CMakeFiles/Task.dir/home/josue/Documentos/Faculdade/5-Semestre/STR/freertos/pico/pico-sdk/lib/tinyusb/src/common/tusb_fifo.c.obj
                0x0000000010006bb2                tu_fifo_config
 .text.tu_fifo_count
                0x0000000010006c2e       0x2a CMakeFiles/Task.dir/home/josue/Documentos/Faculdade/5-Semestre/STR/freertos/pico/pico-sdk/lib/tinyusb/src/common/tusb_fifo.c.obj
                0x0000000010006c2e                tu_fifo_count
 .text.tu_fifo_empty
                0x0000000010006c58       0x10 CMakeFiles/Task.dir/home/josue/Documentos/Faculdade/5-Semestre/STR/freertos/pico/pico-sdk/lib/tinyusb/src/common/tusb_fifo.c.obj
                0x0000000010006c58                tu_fifo_empty
 .text.tu_fifo_full
                0x0000000010006c68       0x28 CMakeFiles/Task.dir/home/josue/Documentos/Faculdade/5-Semestre/STR/freertos/pico/pico-sdk/lib/tinyusb/src/common/tusb_fifo.c.obj
                0x0000000010006c68                tu_fifo_full
 .text.tu_fifo_remaining
                0x0000000010006c90       0x2c CMakeFiles/Task.dir/home/josue/Documentos/Faculdade/5-Semestre/STR/freertos/pico/pico-sdk/lib/tinyusb/src/common/tusb_fifo.c.obj
                0x0000000010006c90                tu_fifo_remaining
 .text.tu_fifo_read
                0x0000000010006cbc       0x42 CMakeFiles/Task.dir/home/josue/Documentos/Faculdade/5-Semestre/STR/freertos/pico/pico-sdk/lib/tinyusb/src/common/tusb_fifo.c.obj
                0x0000000010006cbc                tu_fifo_read
 .text.tu_fifo_read_n
                0x0000000010006cfe        0xa CMakeFiles/Task.dir/home/josue/Documentos/Faculdade/5-Semestre/STR/freertos/pico/pico-sdk/lib/tinyusb/src/common/tusb_fifo.c.obj
                0x0000000010006cfe                tu_fifo_read_n
 .text.tu_fifo_write
                0x0000000010006d08       0x64 CMakeFiles/Task.dir/home/josue/Documentos/Faculdade/5-Semestre/STR/freertos/pico/pico-sdk/lib/tinyusb/src/common/tusb_fifo.c.obj
                0x0000000010006d08                tu_fifo_write
 .text.tu_fifo_write_n
                0x0000000010006d6c        0xa CMakeFiles/Task.dir/home/josue/Documentos/Faculdade/5-Semestre/STR/freertos/pico/pico-sdk/lib/tinyusb/src/common/tusb_fifo.c.obj
                0x0000000010006d6c                tu_fifo_write_n
 .text.tu_fifo_clear
                0x0000000010006d76       0x3e CMakeFiles/Task.dir/home/josue/Documentos/Faculdade/5-Semestre/STR/freertos/pico/pico-sdk/lib/tinyusb/src/common/tusb_fifo.c.obj
                0x0000000010006d76                tu_fifo_clear
 .text.tu_fifo_set_overwritable
                0x0000000010006db4       0x46 CMakeFiles/Task.dir/home/josue/Documentos/Faculdade/5-Semestre/STR/freertos/pico/pico-sdk/lib/tinyusb/src/common/tusb_fifo.c.obj
                0x0000000010006db4                tu_fifo_set_overwritable
 .text.vPortSVCHandler
                0x0000000010006dfa        0x2 CMakeFiles/Task.dir/home/josue/Documentos/Faculdade/5-Semestre/STR/freertos/FreeRTOS-LTS/FreeRTOS/FreeRTOS-Kernel/portable/ThirdParty/GCC/RP2040/port.c.obj
                0x0000000010006dfa                vPortSVCHandler
 *fill*         0x0000000010006dfc        0x4 
 .text.vPortStartFirstTask
                0x0000000010006e00       0x34 CMakeFiles/Task.dir/home/josue/Documentos/Faculdade/5-Semestre/STR/freertos/FreeRTOS-LTS/FreeRTOS/FreeRTOS-Kernel/portable/ThirdParty/GCC/RP2040/port.c.obj
 *fill*         0x0000000010006e34        0xc 
 .text.xPortPendSVHandler
                0x0000000010006e40       0x64 CMakeFiles/Task.dir/home/josue/Documentos/Faculdade/5-Semestre/STR/freertos/FreeRTOS-LTS/FreeRTOS/FreeRTOS-Kernel/portable/ThirdParty/GCC/RP2040/port.c.obj
                0x0000000010006e40                xPortPendSVHandler
 .text.prvTaskExitError
                0x0000000010006ea4        0x6 CMakeFiles/Task.dir/home/josue/Documentos/Faculdade/5-Semestre/STR/freertos/FreeRTOS-LTS/FreeRTOS/FreeRTOS-Kernel/portable/ThirdParty/GCC/RP2040/port.c.obj
 *fill*         0x0000000010006eaa        0x2 
 .text.prvGetTicksToWaitBefore
                0x0000000010006eac       0x58 CMakeFiles/Task.dir/home/josue/Documentos/Faculdade/5-Semestre/STR/freertos/FreeRTOS-LTS/FreeRTOS/FreeRTOS-Kernel/portable/ThirdParty/GCC/RP2040/port.c.obj
 .text.pxPortInitialiseStack
                0x0000000010006f04       0x20 CMakeFiles/Task.dir/home/josue/Documentos/Faculdade/5-Semestre/STR/freertos/FreeRTOS-LTS/FreeRTOS/FreeRTOS-Kernel/portable/ThirdParty/GCC/RP2040/port.c.obj
                0x0000000010006f04                pxPortInitialiseStack
 .text.vPortYield
                0x0000000010006f24       0x40 CMakeFiles/Task.dir/home/josue/Documentos/Faculdade/5-Semestre/STR/freertos/FreeRTOS-LTS/FreeRTOS/FreeRTOS-Kernel/portable/ThirdParty/GCC/RP2040/port.c.obj
                0x0000000010006f24                vPortYield
 .text.vPortEnterCritical
                0x0000000010006f64       0x18 CMakeFiles/Task.dir/home/josue/Documentos/Faculdade/5-Semestre/STR/freertos/FreeRTOS-LTS/FreeRTOS/FreeRTOS-Kernel/portable/ThirdParty/GCC/RP2040/port.c.obj
                0x0000000010006f64                vPortEnterCritical
 .text.vPortEnableInterrupts
                0x0000000010006f7c       0x28 CMakeFiles/Task.dir/home/josue/Documentos/Faculdade/5-Semestre/STR/freertos/FreeRTOS-LTS/FreeRTOS/FreeRTOS-Kernel/portable/ThirdParty/GCC/RP2040/port.c.obj
                0x0000000010006f7c                vPortEnableInterrupts
 .text.vPortExitCritical
                0x0000000010006fa4       0x3c CMakeFiles/Task.dir/home/josue/Documentos/Faculdade/5-Semestre/STR/freertos/FreeRTOS-LTS/FreeRTOS/FreeRTOS-Kernel/portable/ThirdParty/GCC/RP2040/port.c.obj
                0x0000000010006fa4                vPortExitCritical
 .text.ulSetInterruptMaskFromISR
                0x0000000010006fe0        0x8 CMakeFiles/Task.dir/home/josue/Documentos/Faculdade/5-Semestre/STR/freertos/FreeRTOS-LTS/FreeRTOS/FreeRTOS-Kernel/portable/ThirdParty/GCC/RP2040/port.c.obj
                0x0000000010006fe0                ulSetInterruptMaskFromISR
 .text.vClearInterruptMaskFromISR
                0x0000000010006fe8        0x6 CMakeFiles/Task.dir/home/josue/Documentos/Faculdade/5-Semestre/STR/freertos/FreeRTOS-LTS/FreeRTOS/FreeRTOS-Kernel/portable/ThirdParty/GCC/RP2040/port.c.obj
                0x0000000010006fe8                vClearInterruptMaskFromISR
 *fill*         0x0000000010006fee        0x2 
 .text.xPortSysTickHandler
                0x0000000010006ff0       0x24 CMakeFiles/Task.dir/home/josue/Documentos/Faculdade/5-Semestre/STR/freertos/FreeRTOS-LTS/FreeRTOS/FreeRTOS-Kernel/portable/ThirdParty/GCC/RP2040/port.c.obj
                0x0000000010006ff0                xPortSysTickHandler
 .text.vPortSetupTimerInterrupt
                0x0000000010007014       0x34 CMakeFiles/Task.dir/home/josue/Documentos/Faculdade/5-Semestre/STR/freertos/FreeRTOS-LTS/FreeRTOS/FreeRTOS-Kernel/portable/ThirdParty/GCC/RP2040/port.c.obj
                0x0000000010007014                vPortSetupTimerInterrupt
 .text.xPortStartScheduler
                0x0000000010007048       0x70 CMakeFiles/Task.dir/home/josue/Documentos/Faculdade/5-Semestre/STR/freertos/FreeRTOS-LTS/FreeRTOS/FreeRTOS-Kernel/portable/ThirdParty/GCC/RP2040/port.c.obj
                0x0000000010007048                xPortStartScheduler
 .text.ulPortLockGetCurrentOwnerId
                0x00000000100070b8       0x2c CMakeFiles/Task.dir/home/josue/Documentos/Faculdade/5-Semestre/STR/freertos/FreeRTOS-LTS/FreeRTOS/FreeRTOS-Kernel/portable/ThirdParty/GCC/RP2040/port.c.obj
                0x00000000100070b8                ulPortLockGetCurrentOwnerId
 .text.vPortLockInternalSpinUnlockWithNotify
                0x00000000100070e4       0x88 CMakeFiles/Task.dir/home/josue/Documentos/Faculdade/5-Semestre/STR/freertos/FreeRTOS-LTS/FreeRTOS/FreeRTOS-Kernel/portable/ThirdParty/GCC/RP2040/port.c.obj
                0x00000000100070e4                vPortLockInternalSpinUnlockWithNotify
 .text.xPortLockInternalSpinUnlockWithBestEffortWaitOrTimeout
                0x000000001000716c      0x134 CMakeFiles/Task.dir/home/josue/Documentos/Faculdade/5-Semestre/STR/freertos/FreeRTOS-LTS/FreeRTOS/FreeRTOS-Kernel/portable/ThirdParty/GCC/RP2040/port.c.obj
                0x000000001000716c                xPortLockInternalSpinUnlockWithBestEffortWaitOrTimeout
 .text.prvRuntimeInitializer
                0x00000000100072a0       0x10 CMakeFiles/Task.dir/home/josue/Documentos/Faculdade/5-Semestre/STR/freertos/FreeRTOS-LTS/FreeRTOS/FreeRTOS-Kernel/portable/ThirdParty/GCC/RP2040/port.c.obj
 .text.prvTestWaitCondition
                0x00000000100072b0       0x1e CMakeFiles/Task.dir/home/josue/Documentos/Faculdade/5-Semestre/STR/freertos/FreeRTOS-LTS/FreeRTOS/FreeRTOS-Kernel/event_groups.c.obj
 .text.xEventGroupCreate
                0x00000000100072ce       0x18 CMakeFiles/Task.dir/home/josue/Documentos/Faculdade/5-Semestre/STR/freertos/FreeRTOS-LTS/FreeRTOS/FreeRTOS-Kernel/event_groups.c.obj
                0x00000000100072ce                xEventGroupCreate
 *fill*         0x00000000100072e6        0x2 
 .text.xEventGroupWaitBits
                0x00000000100072e8      0x124 CMakeFiles/Task.dir/home/josue/Documentos/Faculdade/5-Semestre/STR/freertos/FreeRTOS-LTS/FreeRTOS/FreeRTOS-Kernel/event_groups.c.obj
                0x00000000100072e8                xEventGroupWaitBits
 .text.xEventGroupSetBits
                0x000000001000740c       0x98 CMakeFiles/Task.dir/home/josue/Documentos/Faculdade/5-Semestre/STR/freertos/FreeRTOS-LTS/FreeRTOS/FreeRTOS-Kernel/event_groups.c.obj
                0x000000001000740c                xEventGroupSetBits
 .text.vEventGroupSetBitsCallback
                0x00000000100074a4        0x8 CMakeFiles/Task.dir/home/josue/Documentos/Faculdade/5-Semestre/STR/freertos/FreeRTOS-LTS/FreeRTOS/FreeRTOS-Kernel/event_groups.c.obj
                0x00000000100074a4                vEventGroupSetBitsCallback
 .text.xEventGroupSetBitsFromISR
                0x00000000100074ac       0x14 CMakeFiles/Task.dir/home/josue/Documentos/Faculdade/5-Semestre/STR/freertos/FreeRTOS-LTS/FreeRTOS/FreeRTOS-Kernel/event_groups.c.obj
                0x00000000100074ac                xEventGroupSetBitsFromISR
 .text.vListInitialise
                0x00000000100074c0       0x16 CMakeFiles/Task.dir/home/josue/Documentos/Faculdade/5-Semestre/STR/freertos/FreeRTOS-LTS/FreeRTOS/FreeRTOS-Kernel/list.c.obj
                0x00000000100074c0                vListInitialise
 .text.vListInitialiseItem
                0x00000000100074d6        0x6 CMakeFiles/Task.dir/home/josue/Documentos/Faculdade/5-Semestre/STR/freertos/FreeRTOS-LTS/FreeRTOS/FreeRTOS-Kernel/list.c.obj
                0x00000000100074d6                vListInitialiseItem
 .text.vListInsert
                0x00000000100074dc       0x2e CMakeFiles/Task.dir/home/josue/Documentos/Faculdade/5-Semestre/STR/freertos/FreeRTOS-LTS/FreeRTOS/FreeRTOS-Kernel/list.c.obj
                0x00000000100074dc                vListInsert
 .text.uxListRemove
                0x000000001000750a       0x26 CMakeFiles/Task.dir/home/josue/Documentos/Faculdade/5-Semestre/STR/freertos/FreeRTOS-LTS/FreeRTOS/FreeRTOS-Kernel/list.c.obj
                0x000000001000750a                uxListRemove
 .text.prvIsQueueEmpty
                0x0000000010007530       0x1c CMakeFiles/Task.dir/home/josue/Documentos/Faculdade/5-Semestre/STR/freertos/FreeRTOS-LTS/FreeRTOS/FreeRTOS-Kernel/queue.c.obj
 .text.prvCopyDataToQueue
                0x000000001000754c       0x82 CMakeFiles/Task.dir/home/josue/Documentos/Faculdade/5-Semestre/STR/freertos/FreeRTOS-LTS/FreeRTOS/FreeRTOS-Kernel/queue.c.obj
 .text.prvCopyDataFromQueue
                0x00000000100075ce       0x24 CMakeFiles/Task.dir/home/josue/Documentos/Faculdade/5-Semestre/STR/freertos/FreeRTOS-LTS/FreeRTOS/FreeRTOS-Kernel/queue.c.obj
 *fill*         0x00000000100075f2        0x2 
 .text.prvNotifyQueueSetContainer
                0x00000000100075f4       0xa8 CMakeFiles/Task.dir/home/josue/Documentos/Faculdade/5-Semestre/STR/freertos/FreeRTOS-LTS/FreeRTOS/FreeRTOS-Kernel/queue.c.obj
 .text.prvUnlockQueue
                0x000000001000769c       0x88 CMakeFiles/Task.dir/home/josue/Documentos/Faculdade/5-Semestre/STR/freertos/FreeRTOS-LTS/FreeRTOS/FreeRTOS-Kernel/queue.c.obj
 .text.xQueueGenericReset
                0x0000000010007724       0xd8 CMakeFiles/Task.dir/home/josue/Documentos/Faculdade/5-Semestre/STR/freertos/FreeRTOS-LTS/FreeRTOS/FreeRTOS-Kernel/queue.c.obj
                0x0000000010007724                xQueueGenericReset
 .text.prvInitialiseNewQueue
                0x00000000100077fc       0x26 CMakeFiles/Task.dir/home/josue/Documentos/Faculdade/5-Semestre/STR/freertos/FreeRTOS-LTS/FreeRTOS/FreeRTOS-Kernel/queue.c.obj
 *fill*         0x0000000010007822        0x2 
 .text.xQueueGenericCreate
                0x0000000010007824       0x8c CMakeFiles/Task.dir/home/josue/Documentos/Faculdade/5-Semestre/STR/freertos/FreeRTOS-LTS/FreeRTOS/FreeRTOS-Kernel/queue.c.obj
                0x0000000010007824                xQueueGenericCreate
 .text.xQueueGenericSendFromISR
                0x00000000100078b0      0x13c CMakeFiles/Task.dir/home/josue/Documentos/Faculdade/5-Semestre/STR/freertos/FreeRTOS-LTS/FreeRTOS/FreeRTOS-Kernel/queue.c.obj
                0x00000000100078b0                xQueueGenericSendFromISR
 .text.xQueueReceive
                0x00000000100079ec      0x150 CMakeFiles/Task.dir/home/josue/Documentos/Faculdade/5-Semestre/STR/freertos/FreeRTOS-LTS/FreeRTOS/FreeRTOS-Kernel/queue.c.obj
                0x00000000100079ec                xQueueReceive
 .text.vQueueAddToRegistry
                0x0000000010007b3c       0x64 CMakeFiles/Task.dir/home/josue/Documentos/Faculdade/5-Semestre/STR/freertos/FreeRTOS-LTS/FreeRTOS/FreeRTOS-Kernel/queue.c.obj
                0x0000000010007b3c                vQueueAddToRegistry
 .text.vQueueWaitForMessageRestricted
                0x0000000010007ba0       0x50 CMakeFiles/Task.dir/home/josue/Documentos/Faculdade/5-Semestre/STR/freertos/FreeRTOS-LTS/FreeRTOS/FreeRTOS-Kernel/queue.c.obj
                0x0000000010007ba0                vQueueWaitForMessageRestricted
 .text.prvResetNextTaskUnblockTime
                0x0000000010007bf0       0x2c CMakeFiles/Task.dir/home/josue/Documentos/Faculdade/5-Semestre/STR/freertos/FreeRTOS-LTS/FreeRTOS/FreeRTOS-Kernel/tasks.c.obj
 .text.prvDeleteTCB
                0x0000000010007c1c       0x12 CMakeFiles/Task.dir/home/josue/Documentos/Faculdade/5-Semestre/STR/freertos/FreeRTOS-LTS/FreeRTOS/FreeRTOS-Kernel/tasks.c.obj
 *fill*         0x0000000010007c2e        0x2 
 .text.prvInitialiseNewTask
                0x0000000010007c30       0xb4 CMakeFiles/Task.dir/home/josue/Documentos/Faculdade/5-Semestre/STR/freertos/FreeRTOS-LTS/FreeRTOS/FreeRTOS-Kernel/tasks.c.obj
 .text.prvInitialiseTaskLists
                0x0000000010007ce4       0x68 CMakeFiles/Task.dir/home/josue/Documentos/Faculdade/5-Semestre/STR/freertos/FreeRTOS-LTS/FreeRTOS/FreeRTOS-Kernel/tasks.c.obj
 .text.prvAddNewTaskToReadyList
                0x0000000010007d4c       0xc4 CMakeFiles/Task.dir/home/josue/Documentos/Faculdade/5-Semestre/STR/freertos/FreeRTOS-LTS/FreeRTOS/FreeRTOS-Kernel/tasks.c.obj
 .text.prvCheckTasksWaitingTermination
                0x0000000010007e10       0x44 CMakeFiles/Task.dir/home/josue/Documentos/Faculdade/5-Semestre/STR/freertos/FreeRTOS-LTS/FreeRTOS/FreeRTOS-Kernel/tasks.c.obj
 .text.prvAddCurrentTaskToDelayedList
                0x0000000010007e54       0x9c CMakeFiles/Task.dir/home/josue/Documentos/Faculdade/5-Semestre/STR/freertos/FreeRTOS-LTS/FreeRTOS/FreeRTOS-Kernel/tasks.c.obj
 .text.prvIdleTask
                0x0000000010007ef0       0x20 CMakeFiles/Task.dir/home/josue/Documentos/Faculdade/5-Semestre/STR/freertos/FreeRTOS-LTS/FreeRTOS/FreeRTOS-Kernel/tasks.c.obj
 .text.xTaskCreate
                0x0000000010007f10       0x68 CMakeFiles/Task.dir/home/josue/Documentos/Faculdade/5-Semestre/STR/freertos/FreeRTOS-LTS/FreeRTOS/FreeRTOS-Kernel/tasks.c.obj
                0x0000000010007f10                xTaskCreate
 .text.vTaskStartScheduler
                0x0000000010007f78       0x88 CMakeFiles/Task.dir/home/josue/Documentos/Faculdade/5-Semestre/STR/freertos/FreeRTOS-LTS/FreeRTOS/FreeRTOS-Kernel/tasks.c.obj
                0x0000000010007f78                vTaskStartScheduler
 .text.vTaskSuspendAll
                0x0000000010008000       0x10 CMakeFiles/Task.dir/home/josue/Documentos/Faculdade/5-Semestre/STR/freertos/FreeRTOS-LTS/FreeRTOS/FreeRTOS-Kernel/tasks.c.obj
                0x0000000010008000                vTaskSuspendAll
 .text.xTaskGetTickCount
                0x0000000010008010        0xc CMakeFiles/Task.dir/home/josue/Documentos/Faculdade/5-Semestre/STR/freertos/FreeRTOS-LTS/FreeRTOS/FreeRTOS-Kernel/tasks.c.obj
                0x0000000010008010                xTaskGetTickCount
 .text.uxTaskGetNumberOfTasks
                0x000000001000801c        0xc CMakeFiles/Task.dir/home/josue/Documentos/Faculdade/5-Semestre/STR/freertos/FreeRTOS-LTS/FreeRTOS/FreeRTOS-Kernel/tasks.c.obj
                0x000000001000801c                uxTaskGetNumberOfTasks
 .text.xTaskIncrementTick
                0x0000000010008028      0x17c CMakeFiles/Task.dir/home/josue/Documentos/Faculdade/5-Semestre/STR/freertos/FreeRTOS-LTS/FreeRTOS/FreeRTOS-Kernel/tasks.c.obj
                0x0000000010008028                xTaskIncrementTick
 .text.xTaskResumeAll
                0x00000000100081a4      0x15c CMakeFiles/Task.dir/home/josue/Documentos/Faculdade/5-Semestre/STR/freertos/FreeRTOS-LTS/FreeRTOS/FreeRTOS-Kernel/tasks.c.obj
                0x00000000100081a4                xTaskResumeAll
 .text.xTaskDelayUntil
                0x0000000010008300       0xb8 CMakeFiles/Task.dir/home/josue/Documentos/Faculdade/5-Semestre/STR/freertos/FreeRTOS-LTS/FreeRTOS/FreeRTOS-Kernel/tasks.c.obj
                0x0000000010008300                xTaskDelayUntil
 .text.vTaskSwitchContext
                0x00000000100083b8       0xa0 CMakeFiles/Task.dir/home/josue/Documentos/Faculdade/5-Semestre/STR/freertos/FreeRTOS-LTS/FreeRTOS/FreeRTOS-Kernel/tasks.c.obj
                0x00000000100083b8                vTaskSwitchContext
 .text.vTaskPlaceOnEventList
                0x0000000010008458       0x3c CMakeFiles/Task.dir/home/josue/Documentos/Faculdade/5-Semestre/STR/freertos/FreeRTOS-LTS/FreeRTOS/FreeRTOS-Kernel/tasks.c.obj
                0x0000000010008458                vTaskPlaceOnEventList
 .text.vTaskPlaceOnUnorderedEventList
                0x0000000010008494       0x80 CMakeFiles/Task.dir/home/josue/Documentos/Faculdade/5-Semestre/STR/freertos/FreeRTOS-LTS/FreeRTOS/FreeRTOS-Kernel/tasks.c.obj
                0x0000000010008494                vTaskPlaceOnUnorderedEventList
 .text.vTaskPlaceOnEventListRestricted
                0x0000000010008514       0x60 CMakeFiles/Task.dir/home/josue/Documentos/Faculdade/5-Semestre/STR/freertos/FreeRTOS-LTS/FreeRTOS/FreeRTOS-Kernel/tasks.c.obj
                0x0000000010008514                vTaskPlaceOnEventListRestricted
 .text.xTaskRemoveFromEventList
                0x0000000010008574      0x100 CMakeFiles/Task.dir/home/josue/Documentos/Faculdade/5-Semestre/STR/freertos/FreeRTOS-LTS/FreeRTOS/FreeRTOS-Kernel/tasks.c.obj
                0x0000000010008574                xTaskRemoveFromEventList
 .text.vTaskRemoveFromUnorderedEventList
                0x0000000010008674       0xf8 CMakeFiles/Task.dir/home/josue/Documentos/Faculdade/5-Semestre/STR/freertos/FreeRTOS-LTS/FreeRTOS/FreeRTOS-Kernel/tasks.c.obj
                0x0000000010008674                vTaskRemoveFromUnorderedEventList
 .text.vTaskInternalSetTimeOutState
                0x000000001000876c       0x18 CMakeFiles/Task.dir/home/josue/Documentos/Faculdade/5-Semestre/STR/freertos/FreeRTOS-LTS/FreeRTOS/FreeRTOS-Kernel/tasks.c.obj
                0x000000001000876c                vTaskInternalSetTimeOutState
 .text.xTaskCheckForTimeOut
                0x0000000010008784       0xb0 CMakeFiles/Task.dir/home/josue/Documentos/Faculdade/5-Semestre/STR/freertos/FreeRTOS-LTS/FreeRTOS/FreeRTOS-Kernel/tasks.c.obj
                0x0000000010008784                xTaskCheckForTimeOut
 .text.vTaskMissedYield
                0x0000000010008834        0xc CMakeFiles/Task.dir/home/josue/Documentos/Faculdade/5-Semestre/STR/freertos/FreeRTOS-LTS/FreeRTOS/FreeRTOS-Kernel/tasks.c.obj
                0x0000000010008834                vTaskMissedYield
 .text.xTaskGetCurrentTaskHandle
                0x0000000010008840        0xc CMakeFiles/Task.dir/home/josue/Documentos/Faculdade/5-Semestre/STR/freertos/FreeRTOS-LTS/FreeRTOS/FreeRTOS-Kernel/tasks.c.obj
                0x0000000010008840                xTaskGetCurrentTaskHandle
 .text.xTaskGetSchedulerState
                0x000000001000884c       0x24 CMakeFiles/Task.dir/home/josue/Documentos/Faculdade/5-Semestre/STR/freertos/FreeRTOS-LTS/FreeRTOS/FreeRTOS-Kernel/tasks.c.obj
                0x000000001000884c                xTaskGetSchedulerState
 .text.xTaskPriorityDisinherit
                0x0000000010008870       0xc0 CMakeFiles/Task.dir/home/josue/Documentos/Faculdade/5-Semestre/STR/freertos/FreeRTOS-LTS/FreeRTOS/FreeRTOS-Kernel/tasks.c.obj
                0x0000000010008870                xTaskPriorityDisinherit
 .text.uxTaskResetEventItemValue
                0x0000000010008930       0x18 CMakeFiles/Task.dir/home/josue/Documentos/Faculdade/5-Semestre/STR/freertos/FreeRTOS-LTS/FreeRTOS/FreeRTOS-Kernel/tasks.c.obj
                0x0000000010008930                uxTaskResetEventItemValue
 .text.prvGetNextExpireTime
                0x0000000010008948       0x24 CMakeFiles/Task.dir/home/josue/Documentos/Faculdade/5-Semestre/STR/freertos/FreeRTOS-LTS/FreeRTOS/FreeRTOS-Kernel/timers.c.obj
 .text.prvInsertTimerInActiveList
                0x000000001000896c       0x48 CMakeFiles/Task.dir/home/josue/Documentos/Faculdade/5-Semestre/STR/freertos/FreeRTOS-LTS/FreeRTOS/FreeRTOS-Kernel/timers.c.obj
 .text.prvReloadTimer
                0x00000000100089b4       0x2a CMakeFiles/Task.dir/home/josue/Documentos/Faculdade/5-Semestre/STR/freertos/FreeRTOS-LTS/FreeRTOS/FreeRTOS-Kernel/timers.c.obj
 *fill*         0x00000000100089de        0x2 
 .text.prvProcessExpiredTimer
                0x00000000100089e0       0x3c CMakeFiles/Task.dir/home/josue/Documentos/Faculdade/5-Semestre/STR/freertos/FreeRTOS-LTS/FreeRTOS/FreeRTOS-Kernel/timers.c.obj
 .text.prvSwitchTimerLists
                0x0000000010008a1c       0x30 CMakeFiles/Task.dir/home/josue/Documentos/Faculdade/5-Semestre/STR/freertos/FreeRTOS-LTS/FreeRTOS/FreeRTOS-Kernel/timers.c.obj
 .text.prvSampleTimeNow
                0x0000000010008a4c       0x2c CMakeFiles/Task.dir/home/josue/Documentos/Faculdade/5-Semestre/STR/freertos/FreeRTOS-LTS/FreeRTOS/FreeRTOS-Kernel/timers.c.obj
 .text.prvProcessTimerOrBlockTask
                0x0000000010008a78       0x70 CMakeFiles/Task.dir/home/josue/Documentos/Faculdade/5-Semestre/STR/freertos/FreeRTOS-LTS/FreeRTOS/FreeRTOS-Kernel/timers.c.obj
 .text.prvProcessReceivedCommands
                0x0000000010008ae8      0x108 CMakeFiles/Task.dir/home/josue/Documentos/Faculdade/5-Semestre/STR/freertos/FreeRTOS-LTS/FreeRTOS/FreeRTOS-Kernel/timers.c.obj
 .text.prvTimerTask
                0x0000000010008bf0       0x16 CMakeFiles/Task.dir/home/josue/Documentos/Faculdade/5-Semestre/STR/freertos/FreeRTOS-LTS/FreeRTOS/FreeRTOS-Kernel/timers.c.obj
 *fill*         0x0000000010008c06        0x2 
 .text.prvCheckForValidListAndQueue
                0x0000000010008c08       0x60 CMakeFiles/Task.dir/home/josue/Documentos/Faculdade/5-Semestre/STR/freertos/FreeRTOS-LTS/FreeRTOS/FreeRTOS-Kernel/timers.c.obj
 .text.xTimerCreateTimerTask
                0x0000000010008c68       0x58 CMakeFiles/Task.dir/home/josue/Documentos/Faculdade/5-Semestre/STR/freertos/FreeRTOS-LTS/FreeRTOS/FreeRTOS-Kernel/timers.c.obj
                0x0000000010008c68                xTimerCreateTimerTask
 .text.xTimerPendFunctionCallFromISR
                0x0000000010008cc0       0x28 CMakeFiles/Task.dir/home/josue/Documentos/Faculdade/5-Semestre/STR/freertos/FreeRTOS-LTS/FreeRTOS/FreeRTOS-Kernel/timers.c.obj
                0x0000000010008cc0                xTimerPendFunctionCallFromISR
 .text.exception_is_compile_time_default
                0x0000000010008ce8       0x20 CMakeFiles/Task.dir/home/josue/Documentos/Faculdade/5-Semestre/STR/freertos/pico/pico-sdk/src/rp2_common/hardware_exception/exception.c.obj
 .text.set_raw_exception_handler_and_restore_interrupts
                0x0000000010008d08       0x18 CMakeFiles/Task.dir/home/josue/Documentos/Faculdade/5-Semestre/STR/freertos/pico/pico-sdk/src/rp2_common/hardware_exception/exception.c.obj
 .text.exception_get_vtable_handler
                0x0000000010008d20       0x10 CMakeFiles/Task.dir/home/josue/Documentos/Faculdade/5-Semestre/STR/freertos/pico/pico-sdk/src/rp2_common/hardware_exception/exception.c.obj
                0x0000000010008d20                exception_get_vtable_handler
 .text.exception_set_exclusive_handler
                0x0000000010008d30       0x44 CMakeFiles/Task.dir/home/josue/Documentos/Faculdade/5-Semestre/STR/freertos/pico/pico-sdk/src/rp2_common/hardware_exception/exception.c.obj
                0x0000000010008d30                exception_set_exclusive_handler
 .text.prvHeapInit
                0x0000000010008d74       0x58 CMakeFiles/Task.dir/home/josue/Documentos/Faculdade/5-Semestre/STR/freertos/FreeRTOS-LTS/FreeRTOS/FreeRTOS-Kernel/portable/MemMang/heap_4.c.obj
 .text.prvInsertBlockIntoFreeList
                0x0000000010008dcc       0x54 CMakeFiles/Task.dir/home/josue/Documentos/Faculdade/5-Semestre/STR/freertos/FreeRTOS-LTS/FreeRTOS/FreeRTOS-Kernel/portable/MemMang/heap_4.c.obj
 .text.pvPortMalloc
                0x0000000010008e20       0xfc CMakeFiles/Task.dir/home/josue/Documentos/Faculdade/5-Semestre/STR/freertos/FreeRTOS-LTS/FreeRTOS/FreeRTOS-Kernel/portable/MemMang/heap_4.c.obj
                0x0000000010008e20                pvPortMalloc
 .text.vPortFree
                0x0000000010008f1c       0x7c CMakeFiles/Task.dir/home/josue/Documentos/Faculdade/5-Semestre/STR/freertos/FreeRTOS-LTS/FreeRTOS/FreeRTOS-Kernel/portable/MemMang/heap_4.c.obj
                0x0000000010008f1c                vPortFree
 .text          0x0000000010008f98       0x5c /usr/lib/gcc/arm-none-eabi/10.3.1/../../../arm-none-eabi/lib/thumb/v6-m/nofp/libg.a(lib_a-strlen-stub.o)
                0x0000000010008f98                strlen
 *(.fini)
 .fini          0x0000000010008ff4        0x4 /usr/lib/gcc/arm-none-eabi/10.3.1/thumb/v6-m/nofp/crti.o
                0x0000000010008ff4                _fini
 .fini.__stub   0x0000000010008ff8       0xe0 linker stubs
 *crtbegin.o(.ctors)
 *crtbegin?.o(.ctors)
 *(EXCLUDE_FILE(*crtend.o *crtend?.o) .ctors)
 *(SORT_BY_NAME(.ctors.*))
 *(.ctors)
 *crtbegin.o(.dtors)
 *crtbegin?.o(.dtors)
 *(EXCLUDE_FILE(*crtend.o *crtend?.o) .dtors)
 *(SORT_BY_NAME(.dtors.*))
 *(.dtors)
 *(.eh_frame*)
 .eh_frame      0x00000000100090d8        0x0 /usr/lib/gcc/arm-none-eabi/10.3.1/thumb/v6-m/nofp/crtbegin.o
                0x00000000100090d8                . = ALIGN (0x4)

.glue_7         0x00000000100090d8        0x0
 .glue_7        0x00000000100090d8        0x0 linker stubs

.glue_7t        0x00000000100090d8        0x0
 .glue_7t       0x00000000100090d8        0x0 linker stubs

.vfp11_veneer   0x00000000100090d8        0x0
 .vfp11_veneer  0x00000000100090d8        0x0 linker stubs

.v4_bx          0x00000000100090d8        0x0
 .v4_bx         0x00000000100090d8        0x0 linker stubs

.iplt           0x00000000100090d8        0x0