Archive member included to satisfy reference by file (symbol)

/usr/lib/gcc/arm-none-eabi/10.3.1/thumb/v6-m/nofp/libgcc.a(_dvmd_tls.o)
                              CMakeFiles/Task.dir/home/josue/Documentos/Faculdade/5-Semestre/STR/freertos/pico/pico-sdk/src/rp2_common/pico_divider/divider.S.obj (__aeabi_idiv0)
/usr/lib/gcc/arm-none-eabi/10.3.1/../../../arm-none-eabi/lib/thumb/v6-m/nofp/libc.a(lib_a-atexit.o)
                              /usr/lib/gcc/arm-none-eabi/10.3.1/../../../arm-none-eabi/lib/thumb/v6-m/nofp/crt0.o (atexit)
/usr/lib/gcc/arm-none-eabi/10.3.1/../../../arm-none-eabi/lib/thumb/v6-m/nofp/libc.a(lib_a-calloc.o)
                              CMakeFiles/Task.dir/home/josue/Documentos/Faculdade/5-Semestre/STR/freertos/pico/pico-sdk/src/rp2_common/pico_malloc/pico_malloc.c.obj (calloc)
/usr/lib/gcc/arm-none-eabi/10.3.1/../../../arm-none-eabi/lib/thumb/v6-m/nofp/libc.a(lib_a-callocr.o)
                              /usr/lib/gcc/arm-none-eabi/10.3.1/../../../arm-none-eabi/lib/thumb/v6-m/nofp/libc.a(lib_a-calloc.o) (_calloc_r)
/usr/lib/gcc/arm-none-eabi/10.3.1/../../../arm-none-eabi/lib/thumb/v6-m/nofp/libc.a(lib_a-fini.o)
                              /usr/lib/gcc/arm-none-eabi/10.3.1/../../../arm-none-eabi/lib/thumb/v6-m/nofp/crt0.o (__libc_fini_array)
/usr/lib/gcc/arm-none-eabi/10.3.1/../../../arm-none-eabi/lib/thumb/v6-m/nofp/libc.a(lib_a-impure.o)
                              /usr/lib/gcc/arm-none-eabi/10.3.1/../../../arm-none-eabi/lib/thumb/v6-m/nofp/libc.a(lib_a-calloc.o) (_impure_ptr)
/usr/lib/gcc/arm-none-eabi/10.3.1/../../../arm-none-eabi/lib/thumb/v6-m/nofp/libc.a(lib_a-init.o)
                              /usr/lib/gcc/arm-none-eabi/10.3.1/../../../arm-none-eabi/lib/thumb/v6-m/nofp/crt0.o (__libc_init_array)
/usr/lib/gcc/arm-none-eabi/10.3.1/../../../arm-none-eabi/lib/thumb/v6-m/nofp/libc.a(lib_a-malloc.o)
                              CMakeFiles/Task.dir/home/josue/Documentos/Faculdade/5-Semestre/STR/freertos/pico/pico-sdk/src/rp2_common/pico_malloc/pico_malloc.c.obj (malloc)
/usr/lib/gcc/arm-none-eabi/10.3.1/../../../arm-none-eabi/lib/thumb/v6-m/nofp/libc.a(lib_a-mallocr.o)
                              /usr/lib/gcc/arm-none-eabi/10.3.1/../../../arm-none-eabi/lib/thumb/v6-m/nofp/libc.a(lib_a-callocr.o) (_malloc_r)
/usr/lib/gcc/arm-none-eabi/10.3.1/../../../arm-none-eabi/lib/thumb/v6-m/nofp/libc.a(lib_a-mlock.o)
                              /usr/lib/gcc/arm-none-eabi/10.3.1/../../../arm-none-eabi/lib/thumb/v6-m/nofp/libc.a(lib_a-mallocr.o) (__malloc_lock)
/usr/lib/gcc/arm-none-eabi/10.3.1/../../../arm-none-eabi/lib/thumb/v6-m/nofp/libc.a(lib_a-realloc.o)
                              CMakeFiles/Task.dir/home/josue/Documentos/Faculdade/5-Semestre/STR/freertos/pico/pico-sdk/src/rp2_common/pico_malloc/pico_malloc.c.obj (realloc)
/usr/lib/gcc/arm-none-eabi/10.3.1/../../../arm-none-eabi/lib/thumb/v6-m/nofp/libc.a(lib_a-reallocr.o)
                              /usr/lib/gcc/arm-none-eabi/10.3.1/../../../arm-none-eabi/lib/thumb/v6-m/nofp/libc.a(lib_a-realloc.o) (_realloc_r)
/usr/lib/gcc/arm-none-eabi/10.3.1/../../../arm-none-eabi/lib/thumb/v6-m/nofp/libc.a(lib_a-sbrkr.o)
                              /usr/lib/gcc/arm-none-eabi/10.3.1/../../../arm-none-eabi/lib/thumb/v6-m/nofp/libc.a(lib_a-mallocr.o) (_sbrk_r)
/usr/lib/gcc/arm-none-eabi/10.3.1/../../../arm-none-eabi/lib/thumb/v6-m/nofp/libc.a(lib_a-strlen-stub.o)
                              CMakeFiles/Task.dir/home/josue/Documentos/Faculdade/5-Semestre/STR/freertos/pico/pico-sdk/src/rp2_common/pico_stdio/stdio.c.obj (strlen)
/usr/lib/gcc/arm-none-eabi/10.3.1/../../../arm-none-eabi/lib/thumb/v6-m/nofp/libc.a(lib_a-__atexit.o)
                              /usr/lib/gcc/arm-none-eabi/10.3.1/../../../arm-none-eabi/lib/thumb/v6-m/nofp/libc.a(lib_a-atexit.o) (__register_exitproc)
/usr/lib/gcc/arm-none-eabi/10.3.1/../../../arm-none-eabi/lib/thumb/v6-m/nofp/libc.a(lib_a-freer.o)
                              /usr/lib/gcc/arm-none-eabi/10.3.1/../../../arm-none-eabi/lib/thumb/v6-m/nofp/libc.a(lib_a-malloc.o) (_free_r)
/usr/lib/gcc/arm-none-eabi/10.3.1/../../../arm-none-eabi/lib/thumb/v6-m/nofp/libc.a(lib_a-memmove.o)
                              /usr/lib/gcc/arm-none-eabi/10.3.1/../../../arm-none-eabi/lib/thumb/v6-m/nofp/libc.a(lib_a-reallocr.o) (memmove)
/usr/lib/gcc/arm-none-eabi/10.3.1/../../../arm-none-eabi/lib/thumb/v6-m/nofp/libc.a(lib_a-reent.o)
                              /usr/lib/gcc/arm-none-eabi/10.3.1/../../../arm-none-eabi/lib/thumb/v6-m/nofp/libc.a(lib_a-sbrkr.o) (errno)

Discarded input sections

 .text          0x0000000000000000        0x0 /usr/lib/gcc/arm-none-eabi/10.3.1/thumb/v6-m/nofp/crti.o
 .data          0x0000000000000000        0x0 /usr/lib/gcc/arm-none-eabi/10.3.1/thumb/v6-m/nofp/crti.o
 .bss           0x0000000000000000        0x0 /usr/lib/gcc/arm-none-eabi/10.3.1/thumb/v6-m/nofp/crti.o
 .data          0x0000000000000000        0x4 /usr/lib/gcc/arm-none-eabi/10.3.1/thumb/v6-m/nofp/crtbegin.o
[...]
Memory Configuration

Name             Origin             Length             Attributes
FLASH            0x0000000010000000 0x0000000000200000 xr
RAM              0x0000000020000000 0x0000000000040000 xrw
SCRATCH_X        0x0000000020040000 0x0000000000001000 xrw
SCRATCH_Y        0x0000000020041000 0x0000000000001000 xrw
*default*        0x0000000000000000 0xffffffffffffffff

Linker script and memory map

LOAD /usr/lib/gcc/arm-none-eabi/10.3.1/thumb/v6-m/nofp/crti.o
LOAD /usr/lib/gcc/arm-none-eabi/10.3.1/thumb/v6-m/nofp/crtbegin.o
LOAD /usr/lib/gcc/arm-none-eabi/10.3.1/../../../arm-none-eabi/lib/thumb/v6-m/nofp/crt0.o

.flash_begin    0x0000000010000000        0x0
                0x0000000010000000                __flash_binary_start = .

.boot2          0x0000000010000000      0x100
                0x0000000010000000                __boot2_start__ = .
 *(.boot2)
 .boot2         0x0000000010000000      0x100 /tmp/cclFvRQj.o
                0x0000000010000100                __boot2_end__ = .
                0x0000000000000001                ASSERT (((__boot2_end__ - __boot2_start__) == 0x100), ERROR: Pico second stage bootloader must be 256 bytes in size)

.text           0x0000000010000100     0x6ce8
                0x0000000010000100                __logical_binary_start = .
 *(.vectors)
 .vectors       0x0000000010000100       0xd4 CMakeFiles/Task.dir/home/josue/Documentos/Faculdade/5-Semestre/STR/freertos/pico/pico-sdk/src/rp2_common/pico_standard_link/crt0.S.obj
                0x0000000010000100                __vectors
                0x0000000010000100                __VECTOR_TABLE
                0x00000000100001c0                isr_invalid
                0x00000000100001c0                __default_isrs_start
                0x00000000100001c2                isr_nmi
                0x00000000100001c4                isr_hardfault
                0x00000000100001c6                isr_svcall
                0x00000000100001c8                isr_pendsv
                0x00000000100001ca                isr_systick
                0x00000000100001cc                isr_irq30
                0x00000000100001cc                __unhandled_user_irq
                0x00000000100001cc                isr_irq13
                0x00000000100001cc                isr_irq27
                0x00000000100001cc                isr_irq31
                0x00000000100001cc                isr_irq5
                0x00000000100001cc                isr_irq11
                0x00000000100001cc                isr_irq23
                0x00000000100001cc                isr_irq18
                0x00000000100001cc                isr_irq28
                0x00000000100001cc                isr_irq19
                0x00000000100001cc                isr_irq0
                0x00000000100001cc                isr_irq6
                0x00000000100001cc                isr_irq22
                0x00000000100001cc                isr_irq17
                0x00000000100001cc                isr_irq14
                0x00000000100001cc                isr_irq2
                0x00000000100001cc                isr_irq10
                0x00000000100001cc                isr_irq8
                0x00000000100001cc                isr_irq24
                0x00000000100001cc                isr_irq1
                0x00000000100001cc                isr_irq7
                0x00000000100001cc                isr_irq21
                0x00000000100001cc                isr_irq20
                0x00000000100001cc                isr_irq15
                0x00000000100001cc                isr_irq25
                0x00000000100001cc                isr_irq4
                0x00000000100001cc                isr_irq16
                0x00000000100001cc                isr_irq29
                0x00000000100001cc                isr_irq26
                0x00000000100001cc                __default_isrs_end
                0x00000000100001cc                isr_irq3
                0x00000000100001cc                isr_irq12
                0x00000000100001cc                isr_irq9
                0x00000000100001d2                unhandled_user_irq_num_in_r0
 *(.binary_info_header)
 .binary_info_header
                0x00000000100001d4       0x14 CMakeFiles/Task.dir/home/josue/Documentos/Faculdade/5-Semestre/STR/freertos/pico/pico-sdk/src/rp2_common/pico_standard_link/crt0.S.obj
                0x00000000100001e8                __binary_info_header_end = .
 *(.reset)
 .reset         0x00000000100001e8       0xa0 CMakeFiles/Task.dir/home/josue/Documentos/Faculdade/5-Semestre/STR/freertos/pico/pico-sdk/src/rp2_common/pico_standard_link/crt0.S.obj
                0x00000000100001e8                _entry_point
 .reset         0x0000000010000288       0x30 CMakeFiles/Task.dir/home/josue/Documentos/Faculdade/5-Semestre/STR/freertos/pico/pico-sdk/src/rp2_common/pico_standard_link/binary_info.c.obj
 *(.init)
 .init          0x00000000100002b8        0x4 /usr/lib/gcc/arm-none-eabi/10.3.1/thumb/v6-m/nofp/crti.o
                0x00000000100002b8                _init
 *(EXCLUDE_FILE(*libm.a: *libc.a:*lib_a-mem*.o *libgcc.a:) .text*)
 .text          0x00000000100002bc       0x98 /usr/lib/gcc/arm-none-eabi/10.3.1/thumb/v6-m/nofp/crtbegin.o
 .text.adc_task
                0x0000000010000354       0x44 CMakeFiles/Task.dir/src/main.c.obj
                0x0000000010000354                adc_task
 .text.led_task
                0x0000000010000398       0x40 CMakeFiles/Task.dir/src/main.c.obj
                0x0000000010000398                led_task
 .text.startup.main
                0x00000000100003d8       0xb4 CMakeFiles/Task.dir/src/main.c.obj
                0x00000000100003d8                main
 .text.gpio_set_function
                0x000000001000048c       0x30 CMakeFiles/Task.dir/home/josue/Documentos/Faculdade/5-Semestre/STR/freertos/pico/pico-sdk/src/rp2_common/hardware_gpio/gpio.c.obj
                0x000000001000048c                gpio_set_function
 .text.gpio_set_pulls
                0x00000000100004bc       0x30 CMakeFiles/Task.dir/home/josue/Documentos/Faculdade/5-Semestre/STR/freertos/pico/pico-sdk/src/rp2_common/hardware_gpio/gpio.c.obj
                0x00000000100004bc                gpio_set_pulls
 .text.gpio_set_input_enabled
                0x00000000100004ec       0x28 CMakeFiles/Task.dir/home/josue/Documentos/Faculdade/5-Semestre/STR/freertos/pico/pico-sdk/src/rp2_common/hardware_gpio/gpio.c.obj
                0x00000000100004ec                gpio_set_input_enabled
 .text.gpio_init
                0x0000000010000514       0x3c CMakeFiles/Task.dir/home/josue/Documentos/Faculdade/5-Semestre/STR/freertos/pico/pico-sdk/src/rp2_common/hardware_gpio/gpio.c.obj
                0x0000000010000514                gpio_init
 .text.running_on_fpga
                0x0000000010000550       0x10 CMakeFiles/Task.dir/home/josue/Documentos/Faculdade/5-Semestre/STR/freertos/pico/pico-sdk/src/rp2_common/pico_platform/platform.c.obj
                0x0000000010000550                running_on_fpga
 .text.hw_claim_or_assert
                0x0000000010000560       0x44 CMakeFiles/Task.dir/home/josue/Documentos/Faculdade/5-Semestre/STR/freertos/pico/pico-sdk/src/rp2_common/hardware_claim/claim.c.obj
                0x0000000010000560                hw_claim_or_assert
 .text.hw_claim_unused_from_range
                0x00000000100005a4       0x9c CMakeFiles/Task.dir/home/josue/Documentos/Faculdade/5-Semestre/STR/freertos/pico/pico-sdk/src/rp2_common/hardware_claim/claim.c.obj
                0x00000000100005a4                hw_claim_unused_from_range
 .text.spin_locks_reset
                0x0000000010000640       0x1c CMakeFiles/Task.dir/home/josue/Documentos/Faculdade/5-Semestre/STR/freertos/pico/pico-sdk/src/rp2_common/hardware_sync/sync.c.obj
                0x0000000010000640                spin_locks_reset
 .text.next_striped_spin_lock_num
                0x000000001000065c       0x18 CMakeFiles/Task.dir/home/josue/Documentos/Faculdade/5-Semestre/STR/freertos/pico/pico-sdk/src/rp2_common/hardware_sync/sync.c.obj
                0x000000001000065c                next_striped_spin_lock_num
 .text.spin_lock_claim_unused
                0x0000000010000674       0x20 CMakeFiles/Task.dir/home/josue/Documentos/Faculdade/5-Semestre/STR/freertos/pico/pico-sdk/src/rp2_common/hardware_sync/sync.c.obj
                0x0000000010000674                spin_lock_claim_unused
 .text.irq_set_enabled
                0x0000000010000694       0x24 CMakeFiles/Task.dir/home/josue/Documentos/Faculdade/5-Semestre/STR/freertos/pico/pico-sdk/src/rp2_common/hardware_irq/irq.c.obj
                0x0000000010000694                irq_set_enabled
 .text.irq_set_pending
                0x00000000100006b8       0x10 CMakeFiles/Task.dir/home/josue/Documentos/Faculdade/5-Semestre/STR/freertos/pico/pico-sdk/src/rp2_common/hardware_irq/irq.c.obj
                0x00000000100006b8                irq_set_pending
 .text.irq_has_shared_handler
                0x00000000100006c8       0x2c CMakeFiles/Task.dir/home/josue/Documentos/Faculdade/5-Semestre/STR/freertos/pico/pico-sdk/src/rp2_common/hardware_irq/irq.c.obj
                0x00000000100006c8                irq_has_shared_handler
 .text.irq_get_vtable_handler
                0x00000000100006f4       0x10 CMakeFiles/Task.dir/home/josue/Documentos/Faculdade/5-Semestre/STR/freertos/pico/pico-sdk/src/rp2_common/hardware_irq/irq.c.obj
                0x00000000100006f4                irq_get_vtable_handler
 .text.irq_set_exclusive_handler
                0x0000000010000704       0x54 CMakeFiles/Task.dir/home/josue/Documentos/Faculdade/5-Semestre/STR/freertos/pico/pico-sdk/src/rp2_common/hardware_irq/irq.c.obj
                0x0000000010000704                irq_set_exclusive_handler
 .text.irq_add_shared_handler
                0x0000000010000758      0x1e8 CMakeFiles/Task.dir/home/josue/Documentos/Faculdade/5-Semestre/STR/freertos/pico/pico-sdk/src/rp2_common/hardware_irq/irq.c.obj
                0x0000000010000758                irq_add_shared_handler
 .text.irq_remove_handler
                0x0000000010000940      0x1b0 CMakeFiles/Task.dir/home/josue/Documentos/Faculdade/5-Semestre/STR/freertos/pico/pico-sdk/src/rp2_common/hardware_irq/irq.c.obj
                0x0000000010000940                irq_remove_handler
 .text.irq_add_tail_to_free_list
                0x0000000010000af0       0xb4 CMakeFiles/Task.dir/home/josue/Documentos/Faculdade/5-Semestre/STR/freertos/pico/pico-sdk/src/rp2_common/hardware_irq/irq.c.obj
                0x0000000010000af0                irq_add_tail_to_free_list
 .text.irq_init_priorities
                0x0000000010000ba4       0x24 CMakeFiles/Task.dir/home/josue/Documentos/Faculdade/5-Semestre/STR/freertos/pico/pico-sdk/src/rp2_common/hardware_irq/irq.c.obj
                0x0000000010000ba4                irq_init_priorities
 .text.user_irq_claim_unused
                0x0000000010000bc8       0x28 CMakeFiles/Task.dir/home/josue/Documentos/Faculdade/5-Semestre/STR/freertos/pico/pico-sdk/src/rp2_common/hardware_irq/irq.c.obj
                0x0000000010000bc8                user_irq_claim_unused
 .text.lock_init
                0x0000000010000bf0       0x10 CMakeFiles/Task.dir/home/josue/Documentos/Faculdade/5-Semestre/STR/freertos/pico/pico-sdk/src/common/pico_sync/lock_core.c.obj
                0x0000000010000bf0                lock_init
 .text.mutex_init
                0x0000000010000c00       0x1c CMakeFiles/Task.dir/home/josue/Documentos/Faculdade/5-Semestre/STR/freertos/pico/pico-sdk/src/common/pico_sync/mutex.c.obj
                0x0000000010000c00                mutex_init
 .text.recursive_mutex_init
                0x0000000010000c1c       0x20 CMakeFiles/Task.dir/home/josue/Documentos/Faculdade/5-Semestre/STR/freertos/pico/pico-sdk/src/common/pico_sync/mutex.c.obj
                0x0000000010000c1c                recursive_mutex_init
 .text.critical_section_init
                0x0000000010000c3c       0x20 CMakeFiles/Task.dir/home/josue/Documentos/Faculdade/5-Semestre/STR/freertos/pico/pico-sdk/src/common/pico_sync/critical_section.c.obj
                0x0000000010000c3c                critical_section_init
 .text.critical_section_init_with_lock_num
                0x0000000010000c5c       0x14 CMakeFiles/Task.dir/home/josue/Documentos/Faculdade/5-Semestre/STR/freertos/pico/pico-sdk/src/common/pico_sync/critical_section.c.obj
                0x0000000010000c5c                critical_section_init_with_lock_num
 .text.timer_pool_entry_comparator
                0x0000000010000c70       0x34 CMakeFiles/Task.dir/home/josue/Documentos/Faculdade/5-Semestre/STR/freertos/pico/pico-sdk/src/common/pico_time/time.c.obj
                0x0000000010000c70                timer_pool_entry_comparator
 .text.sleep_until_callback
                0x0000000010000ca4       0x24 CMakeFiles/Task.dir/home/josue/Documentos/Faculdade/5-Semestre/STR/freertos/pico/pico-sdk/src/common/pico_time/time.c.obj
 .text.add_alarm_under_lock.isra.0
                0x0000000010000cc8      0x100 CMakeFiles/Task.dir/home/josue/Documentos/Faculdade/5-Semestre/STR/freertos/pico/pico-sdk/src/common/pico_time/time.c.obj
 .text.alarm_pool_alarm_callback
                0x0000000010000dc8      0x1bc CMakeFiles/Task.dir/home/josue/Documentos/Faculdade/5-Semestre/STR/freertos/pico/pico-sdk/src/common/pico_time/time.c.obj
 .text.alarm_pool_init_default
                0x0000000010000f84       0x6c CMakeFiles/Task.dir/home/josue/Documentos/Faculdade/5-Semestre/STR/freertos/pico/pico-sdk/src/common/pico_time/time.c.obj
                0x0000000010000f84                alarm_pool_init_default
 .text.alarm_pool_get_default
                0x0000000010000ff0        0x8 CMakeFiles/Task.dir/home/josue/Documentos/Faculdade/5-Semestre/STR/freertos/pico/pico-sdk/src/common/pico_time/time.c.obj
                0x0000000010000ff0                alarm_pool_get_default
 .text.alarm_pool_add_alarm_at
                0x0000000010000ff8      0x178 CMakeFiles/Task.dir/home/josue/Documentos/Faculdade/5-Semestre/STR/freertos/pico/pico-sdk/src/common/pico_time/time.c.obj
                0x0000000010000ff8                alarm_pool_add_alarm_at
 .text.alarm_pool_core_num
                0x0000000010001170        0x4 CMakeFiles/Task.dir/home/josue/Documentos/Faculdade/5-Semestre/STR/freertos/pico/pico-sdk/src/common/pico_time/time.c.obj
                0x0000000010001170                alarm_pool_core_num
 .text.best_effort_wfe_or_timeout
                0x0000000010001174       0xd4 CMakeFiles/Task.dir/home/josue/Documentos/Faculdade/5-Semestre/STR/freertos/pico/pico-sdk/src/common/pico_time/time.c.obj
                0x0000000010001174                best_effort_wfe_or_timeout
 .text.hardware_alarm_irq_handler
                0x0000000010001248       0xbc CMakeFiles/Task.dir/home/josue/Documentos/Faculdade/5-Semestre/STR/freertos/pico/pico-sdk/src/rp2_common/hardware_timer/timer.c.obj
 .text.hardware_alarm_claim
                0x0000000010001304       0x18 CMakeFiles/Task.dir/home/josue/Documentos/Faculdade/5-Semestre/STR/freertos/pico/pico-sdk/src/rp2_common/hardware_timer/timer.c.obj
                0x0000000010001304                hardware_alarm_claim
 .text.time_us_64
                0x000000001000131c       0x14 CMakeFiles/Task.dir/home/josue/Documentos/Faculdade/5-Semestre/STR/freertos/pico/pico-sdk/src/rp2_common/hardware_timer/timer.c.obj
                0x000000001000131c                time_us_64
 .text.hardware_alarm_set_callback
                0x0000000010001330       0x8c CMakeFiles/Task.dir/home/josue/Documentos/Faculdade/5-Semestre/STR/freertos/pico/pico-sdk/src/rp2_common/hardware_timer/timer.c.obj
                0x0000000010001330                hardware_alarm_set_callback
 .text.hardware_alarm_set_target
                0x00000000100013bc       0xd4 CMakeFiles/Task.dir/home/josue/Documentos/Faculdade/5-Semestre/STR/freertos/pico/pico-sdk/src/rp2_common/hardware_timer/timer.c.obj
                0x00000000100013bc                hardware_alarm_set_target
 .text.hardware_alarm_cancel
                0x0000000010001490       0x3c CMakeFiles/Task.dir/home/josue/Documentos/Faculdade/5-Semestre/STR/freertos/pico/pico-sdk/src/rp2_common/hardware_timer/timer.c.obj
                0x0000000010001490                hardware_alarm_cancel
 .text.ph_merge_nodes
                0x00000000100014cc       0x68 CMakeFiles/Task.dir/home/josue/Documentos/Faculdade/5-Semestre/STR/freertos/pico/pico-sdk/src/common/pico_util/pheap.c.obj
 .text.ph_post_alloc_init
                0x0000000010001534       0x3c CMakeFiles/Task.dir/home/josue/Documentos/Faculdade/5-Semestre/STR/freertos/pico/pico-sdk/src/common/pico_util/pheap.c.obj
                0x0000000010001534                ph_post_alloc_init
 .text.ph_merge_two_pass
                0x0000000010001570       0x90 CMakeFiles/Task.dir/home/josue/Documentos/Faculdade/5-Semestre/STR/freertos/pico/pico-sdk/src/common/pico_util/pheap.c.obj
                0x0000000010001570                ph_merge_two_pass
 .text.ph_remove_any_head
                0x0000000010001600      0x100 CMakeFiles/Task.dir/home/josue/Documentos/Faculdade/5-Semestre/STR/freertos/pico/pico-sdk/src/common/pico_util/pheap.c.obj
 .text.ph_remove_head
                0x0000000010001700      0x104 CMakeFiles/Task.dir/home/josue/Documentos/Faculdade/5-Semestre/STR/freertos/pico/pico-sdk/src/common/pico_util/pheap.c.obj
                0x0000000010001700                ph_remove_head
 .text.ph_remove_and_free_node
                0x0000000010001804       0x7c CMakeFiles/Task.dir/home/josue/Documentos/Faculdade/5-Semestre/STR/freertos/pico/pico-sdk/src/common/pico_util/pheap.c.obj
                0x0000000010001804                ph_remove_and_free_node
 .text.clocks_init
                0x0000000010001880      0x2d0 CMakeFiles/Task.dir/home/josue/Documentos/Faculdade/5-Semestre/STR/freertos/pico/pico-sdk/src/rp2_common/hardware_clocks/clocks.c.obj
                0x0000000010001880                clocks_init
 .text.clock_get_hz
                0x0000000010001b50        0xc CMakeFiles/Task.dir/home/josue/Documentos/Faculdade/5-Semestre/STR/freertos/pico/pico-sdk/src/rp2_common/hardware_clocks/clocks.c.obj
                0x0000000010001b50                clock_get_hz
 .text.pll_init
                0x0000000010001b5c       0xa0 CMakeFiles/Task.dir/home/josue/Documentos/Faculdade/5-Semestre/STR/freertos/pico/pico-sdk/src/rp2_common/hardware_pll/pll.c.obj
                0x0000000010001b5c                pll_init
 .text.watchdog_start_tick
                0x0000000010001bfc       0x10 CMakeFiles/Task.dir/home/josue/Documentos/Faculdade/5-Semestre/STR/freertos/pico/pico-sdk/src/rp2_common/hardware_watchdog/watchdog.c.obj
                0x0000000010001bfc                watchdog_start_tick
 .text.watchdog_reboot
                0x0000000010001c0c       0x98 CMakeFiles/Task.dir/home/josue/Documentos/Faculdade/5-Semestre/STR/freertos/pico/pico-sdk/src/rp2_common/hardware_watchdog/watchdog.c.obj
                0x0000000010001c0c                watchdog_reboot
 .text.xosc_init
                0x0000000010001ca4       0x28 CMakeFiles/Task.dir/home/josue/Documentos/Faculdade/5-Semestre/STR/freertos/pico/pico-sdk/src/rp2_common/hardware_xosc/xosc.c.obj
                0x0000000010001ca4                xosc_init
 .text.runtime_init
                0x0000000010001ccc       0xf0 CMakeFiles/Task.dir/home/josue/Documentos/Faculdade/5-Semestre/STR/freertos/pico/pico-sdk/src/rp2_common/pico_runtime/runtime.c.obj
                0x0000000010001ccc                runtime_init
 .text._exit    0x0000000010001dbc        0x4 CMakeFiles/Task.dir/home/josue/Documentos/Faculdade/5-Semestre/STR/freertos/pico/pico-sdk/src/rp2_common/pico_runtime/runtime.c.obj
                0x0000000010001dbc                _exit
 .text.exit     0x0000000010001dc0        0x8 CMakeFiles/Task.dir/home/josue/Documentos/Faculdade/5-Semestre/STR/freertos/pico/pico-sdk/src/rp2_common/pico_runtime/runtime.c.obj
                0x0000000010001dc0                exit
 .text.panic    0x0000000010001dc8       0x30 CMakeFiles/Task.dir/home/josue/Documentos/Faculdade/5-Semestre/STR/freertos/pico/pico-sdk/src/rp2_common/pico_runtime/runtime.c.obj
                0x0000000010001dc8                panic
 .text.panic_unsupported
                0x0000000010001df8        0xc CMakeFiles/Task.dir/home/josue/Documentos/Faculdade/5-Semestre/STR/freertos/pico/pico-sdk/src/rp2_common/pico_runtime/runtime.c.obj
                0x0000000010001df8                panic_unsupported
 .text.hard_assertion_failure
                0x0000000010001e04        0xc CMakeFiles/Task.dir/home/josue/Documentos/Faculdade/5-Semestre/STR/freertos/pico/pico-sdk/src/rp2_common/pico_runtime/runtime.c.obj
                0x0000000010001e04                hard_assertion_failure
 .text._out_char
                0x0000000010001e10       0x10 CMakeFiles/Task.dir/home/josue/Documentos/Faculdade/5-Semestre/STR/freertos/pico/pico-sdk/src/rp2_common/pico_printf/printf.c.obj
 .text.weak_raw_vprintf
                0x0000000010001e20       0x30 CMakeFiles/Task.dir/home/josue/Documentos/Faculdade/5-Semestre/STR/freertos/pico/pico-sdk/src/rp2_common/pico_printf/printf.c.obj
                0x0000000010001e20                weak_raw_vprintf
 .text          0x0000000010001e50       0x10 CMakeFiles/Task.dir/home/josue/Documentos/Faculdade/5-Semestre/STR/freertos/pico/pico-sdk/src/rp2_common/pico_bit_ops/bit_ops_aeabi.S.obj
 .text.rom_func_lookup
                0x0000000010001e60       0x10 CMakeFiles/Task.dir/home/josue/Documentos/Faculdade/5-Semestre/STR/freertos/pico/pico-sdk/src/rp2_common/pico_bootrom/bootrom.c.obj
                0x0000000010001e60                rom_func_lookup
 .text.rom_data_lookup
                0x0000000010001e70       0x10 CMakeFiles/Task.dir/home/josue/Documentos/Faculdade/5-Semestre/STR/freertos/pico/pico-sdk/src/rp2_common/pico_bootrom/bootrom.c.obj
                0x0000000010001e70                rom_data_lookup
 .text.rom_funcs_lookup
                0x0000000010001e80       0x44 CMakeFiles/Task.dir/home/josue/Documentos/Faculdade/5-Semestre/STR/freertos/pico/pico-sdk/src/rp2_common/pico_bootrom/bootrom.c.obj
                0x0000000010001e80                rom_funcs_lookup
 .text.__wrap___aeabi_uidiv
                0x0000000010001ec4       0x4c CMakeFiles/Task.dir/home/josue/Documentos/Faculdade/5-Semestre/STR/freertos/pico/pico-sdk/src/rp2_common/pico_divider/divider.S.obj
                0x0000000010001ec4                __wrap___aeabi_uidiv
                0x0000000010001ec4                __wrap___aeabi_uidivmod
                0x0000000010001ec4                div_u32u32
                0x0000000010001ec4                divmod_u32u32
                0x0000000010001ecc                divmod_u32u32_unsafe
                0x0000000010001ef4                divmod_u32u32_savestate
 .text.__wrap___aeabi_ldiv
                0x0000000010001f10      0x424 CMakeFiles/Task.dir/home/josue/Documentos/Faculdade/5-Semestre/STR/freertos/pico/pico-sdk/src/rp2_common/pico_divider/divider.S.obj
                0x0000000010001f10                div_s64s64
                0x0000000010001f10                divmod_s64s64
                0x0000000010001f10                __wrap___aeabi_ldivmod
                0x0000000010001f40                div_u64u64
                0x0000000010001f40                divmod_u64u64
                0x0000000010001f40                __wrap___aeabi_uldivmod
                0x0000000010001f50                divmod_u64u64_savestate
                0x0000000010001f70                divmod_s64s64_unsafe
                0x0000000010001ff8                divmod_u64u64_unsafe
 .text.__aeabi_double_init
                0x0000000010002334       0x94 CMakeFiles/Task.dir/home/josue/Documentos/Faculdade/5-Semestre/STR/freertos/pico/pico-sdk/src/rp2_common/pico_double/double_init_rom.c.obj
                0x0000000010002334                __aeabi_double_init
 .text.double_table_shim_on_use_helper
                0x00000000100023c8       0x2c CMakeFiles/Task.dir/home/josue/Documentos/Faculdade/5-Semestre/STR/freertos/pico/pico-sdk/src/rp2_common/pico_double/double_v1_rom_shim.S.obj
                0x00000000100023c8                double_table_shim_on_use_helper
 .text.__aeabi_lmul
                0x00000000100023f4       0x32 CMakeFiles/Task.dir/home/josue/Documentos/Faculdade/5-Semestre/STR/freertos/pico/pico-sdk/src/rp2_common/pico_int64_ops/pico_int64_ops_aeabi.S.obj
                0x00000000100023f4                __wrap___aeabi_lmul
 *fill*         0x0000000010002426        0x2 
 .text.__aeabi_float_init
                0x0000000010002428       0x64 CMakeFiles/Task.dir/home/josue/Documentos/Faculdade/5-Semestre/STR/freertos/pico/pico-sdk/src/rp2_common/pico_float/float_init_rom.c.obj
                0x0000000010002428                __aeabi_float_init
 .text.float_table_shim_on_use_helper
                0x000000001000248c       0x2c CMakeFiles/Task.dir/home/josue/Documentos/Faculdade/5-Semestre/STR/freertos/pico/pico-sdk/src/rp2_common/pico_float/float_v1_rom_shim.S.obj
                0x000000001000248c                float_table_shim_on_use_helper
 .text          0x00000000100024b8       0x10 CMakeFiles/Task.dir/home/josue/Documentos/Faculdade/5-Semestre/STR/freertos/pico/pico-sdk/src/rp2_common/pico_mem_ops/mem_ops_aeabi.S.obj
                0x00000000100024b8                __aeabi_mem_init
 .text.memset   0x00000000100024c8        0xc CMakeFiles/Task.dir/home/josue/Documentos/Faculdade/5-Semestre/STR/freertos/pico/pico-sdk/src/rp2_common/pico_mem_ops/mem_ops_aeabi.S.obj
                0x00000000100024c8                __wrap_memset
 .text.memcpy   0x00000000100024d4        0xc CMakeFiles/Task.dir/home/josue/Documentos/Faculdade/5-Semestre/STR/freertos/pico/pico-sdk/src/rp2_common/pico_mem_ops/mem_ops_aeabi.S.obj
                0x00000000100024d4                __wrap___aeabi_memcpy
                0x00000000100024d4                __wrap_memcpy
 .text.stdio_out_chars_no_crlf
                0x00000000100024e0       0x10 CMakeFiles/Task.dir/home/josue/Documentos/Faculdade/5-Semestre/STR/freertos/pico/pico-sdk/src/rp2_common/pico_stdio/stdio.c.obj
 .text.stdio_out_chars_crlf
                0x00000000100024f0       0xb4 CMakeFiles/Task.dir/home/josue/Documentos/Faculdade/5-Semestre/STR/freertos/pico/pico-sdk/src/rp2_common/pico_stdio/stdio.c.obj
 .text.stdio_put_string.isra.0
                0x00000000100025a4       0xfc CMakeFiles/Task.dir/home/josue/Documentos/Faculdade/5-Semestre/STR/freertos/pico/pico-sdk/src/rp2_common/pico_stdio/stdio.c.obj
 .text.__wrap_putchar
                0x00000000100026a0       0x98 CMakeFiles/Task.dir/home/josue/Documentos/Faculdade/5-Semestre/STR/freertos/pico/pico-sdk/src/rp2_common/pico_stdio/stdio.c.obj
                0x00000000100026a0                __wrap_putchar
 .text.__wrap_puts
                0x0000000010002738       0x3c CMakeFiles/Task.dir/home/josue/Documentos/Faculdade/5-Semestre/STR/freertos/pico/pico-sdk/src/rp2_common/pico_stdio/stdio.c.obj
                0x0000000010002738                __wrap_puts
 .text.stdio_set_driver_enabled
                0x0000000010002774       0x30 CMakeFiles/Task.dir/home/josue/Documentos/Faculdade/5-Semestre/STR/freertos/pico/pico-sdk/src/rp2_common/pico_stdio/stdio.c.obj
                0x0000000010002774                stdio_set_driver_enabled
 .text.stdio_init_all
                0x00000000100027a4        0x8 CMakeFiles/Task.dir/home/josue/Documentos/Faculdade/5-Semestre/STR/freertos/pico/pico-sdk/src/rp2_common/pico_stdio/stdio.c.obj
                0x00000000100027a4                stdio_init_all
 .text.resetd_init
                0x00000000100027ac        0x4 CMakeFiles/Task.dir/home/josue/Documentos/Faculdade/5-Semestre/STR/freertos/pico/pico-sdk/src/rp2_common/pico_stdio_usb/reset_interface.c.obj
 .text.resetd_reset
                0x00000000100027b0        0xc CMakeFiles/Task.dir/home/josue/Documentos/Faculdade/5-Semestre/STR/freertos/pico/pico-sdk/src/rp2_common/pico_stdio_usb/reset_interface.c.obj
 .text.resetd_open
                0x00000000100027bc       0x28 CMakeFiles/Task.dir/home/josue/Documentos/Faculdade/5-Semestre/STR/freertos/pico/pico-sdk/src/rp2_common/pico_stdio_usb/reset_interface.c.obj
 .text.resetd_xfer_cb
                0x00000000100027e4        0x4 CMakeFiles/Task.dir/home/josue/Documentos/Faculdade/5-Semestre/STR/freertos/pico/pico-sdk/src/rp2_common/pico_stdio_usb/reset_interface.c.obj
 .text.resetd_control_xfer_cb
                0x00000000100027e8       0x64 CMakeFiles/Task.dir/home/josue/Documentos/Faculdade/5-Semestre/STR/freertos/pico/pico-sdk/src/rp2_common/pico_stdio_usb/reset_interface.c.obj
 .text.usbd_app_driver_get_cb
                0x000000001000284c        0xc CMakeFiles/Task.dir/home/josue/Documentos/Faculdade/5-Semestre/STR/freertos/pico/pico-sdk/src/rp2_common/pico_stdio_usb/reset_interface.c.obj
                0x000000001000284c                usbd_app_driver_get_cb
 .text.tud_cdc_line_coding_cb
                0x0000000010002858       0x34 CMakeFiles/Task.dir/home/josue/Documentos/Faculdade/5-Semestre/STR/freertos/pico/pico-sdk/src/rp2_common/pico_stdio_usb/reset_interface.c.obj
                0x0000000010002858                tud_cdc_line_coding_cb
 .text.stdio_usb_set_chars_available_callback
                0x000000001000288c       0x14 CMakeFiles/Task.dir/home/josue/Documentos/Faculdade/5-Semestre/STR/freertos/pico/pico-sdk/src/rp2_common/pico_stdio_usb/stdio_usb.c.obj
                0x000000001000288c                stdio_usb_set_chars_available_callback
 .text.usb_irq  0x00000000100028a0       0x10 CMakeFiles/Task.dir/home/josue/Documentos/Faculdade/5-Semestre/STR/freertos/pico/pico-sdk/src/rp2_common/pico_stdio_usb/stdio_usb.c.obj
 .text.timer_task
                0x00000000100028b0       0x54 CMakeFiles/Task.dir/home/josue/Documentos/Faculdade/5-Semestre/STR/freertos/pico/pico-sdk/src/rp2_common/pico_stdio_usb/stdio_usb.c.obj
 .text.stdio_usb_in_chars
                0x0000000010002904       0x90 CMakeFiles/Task.dir/home/josue/Documentos/Faculdade/5-Semestre/STR/freertos/pico/pico-sdk/src/rp2_common/pico_stdio_usb/stdio_usb.c.obj
                0x0000000010002904                stdio_usb_in_chars
 .text.stdio_usb_out_chars
                0x0000000010002994      0x100 CMakeFiles/Task.dir/home/josue/Documentos/Faculdade/5-Semestre/STR/freertos/pico/pico-sdk/src/rp2_common/pico_stdio_usb/stdio_usb.c.obj
 .text.low_priority_worker_irq
                0x0000000010002a94       0xa8 CMakeFiles/Task.dir/home/josue/Documentos/Faculdade/5-Semestre/STR/freertos/pico/pico-sdk/src/rp2_common/pico_stdio_usb/stdio_usb.c.obj
 .text.tud_cdc_rx_cb
                0x0000000010002b3c       0x20 CMakeFiles/Task.dir/home/josue/Documentos/Faculdade/5-Semestre/STR/freertos/pico/pico-sdk/src/rp2_common/pico_stdio_usb/stdio_usb.c.obj
                0x0000000010002b3c                tud_cdc_rx_cb
 .text.stdio_usb_init
                0x0000000010002b5c       0xdc CMakeFiles/Task.dir/home/josue/Documentos/Faculdade/5-Semestre/STR/freertos/pico/pico-sdk/src/rp2_common/pico_stdio_usb/stdio_usb.c.obj
                0x0000000010002b5c                stdio_usb_init
 .text.tud_descriptor_device_cb
                0x0000000010002c38        0x8 CMakeFiles/Task.dir/home/josue/Documentos/Faculdade/5-Semestre/STR/freertos/pico/pico-sdk/src/rp2_common/pico_stdio_usb/stdio_usb_descriptors.c.obj
                0x0000000010002c38                tud_descriptor_device_cb
 .text.tud_descriptor_configuration_cb
                0x0000000010002c40        0x8 CMakeFiles/Task.dir/home/josue/Documentos/Faculdade/5-Semestre/STR/freertos/pico/pico-sdk/src/rp2_common/pico_stdio_usb/stdio_usb_descriptors.c.obj
                0x0000000010002c40                tud_descriptor_configuration_cb
 .text.tud_descriptor_string_cb
                0x0000000010002c48       0x74 CMakeFiles/Task.dir/home/josue/Documentos/Faculdade/5-Semestre/STR/freertos/pico/pico-sdk/src/rp2_common/pico_stdio_usb/stdio_usb_descriptors.c.obj
                0x0000000010002c48                tud_descriptor_string_cb
 .text.startup._retrieve_unique_id_on_boot
                0x0000000010002cbc       0x10 CMakeFiles/Task.dir/home/josue/Documentos/Faculdade/5-Semestre/STR/freertos/pico/pico-sdk/src/rp2_common/pico_unique_id/unique_id.c.obj
 .text.pico_get_unique_board_id_string
                0x0000000010002ccc      0x1a8 CMakeFiles/Task.dir/home/josue/Documentos/Faculdade/5-Semestre/STR/freertos/pico/pico-sdk/src/rp2_common/pico_unique_id/unique_id.c.obj
                0x0000000010002ccc                pico_get_unique_board_id_string
 .text.flash_get_unique_id
                0x0000000010002e74       0x40 CMakeFiles/Task.dir/home/josue/Documentos/Faculdade/5-Semestre/STR/freertos/pico/pico-sdk/src/rp2_common/hardware_flash/flash.c.obj
                0x0000000010002e74                flash_get_unique_id
 .text.dcd_int_enable
                0x0000000010002eb4        0xc CMakeFiles/Task.dir/home/josue/Documentos/Faculdade/5-Semestre/STR/freertos/pico/pico-sdk/lib/tinyusb/src/portable/raspberrypi/rp2040/dcd_rp2040.c.obj
                0x0000000010002eb4                dcd_int_enable
 .text.dcd_set_address
                0x0000000010002ec0       0x14 CMakeFiles/Task.dir/home/josue/Documentos/Faculdade/5-Semestre/STR/freertos/pico/pico-sdk/lib/tinyusb/src/portable/raspberrypi/rp2040/dcd_rp2040.c.obj
                0x0000000010002ec0                dcd_set_address
 .text.dcd_connect
                0x0000000010002ed4       0x10 CMakeFiles/Task.dir/home/josue/Documentos/Faculdade/5-Semestre/STR/freertos/pico/pico-sdk/lib/tinyusb/src/portable/raspberrypi/rp2040/dcd_rp2040.c.obj
                0x0000000010002ed4                dcd_connect
 .text.dcd_init
                0x0000000010002ee4       0x98 CMakeFiles/Task.dir/home/josue/Documentos/Faculdade/5-Semestre/STR/freertos/pico/pico-sdk/lib/tinyusb/src/portable/raspberrypi/rp2040/dcd_rp2040.c.obj
                0x0000000010002ee4                dcd_init
 .text.dcd_edpt0_status_complete
                0x0000000010002f7c       0x1c CMakeFiles/Task.dir/home/josue/Documentos/Faculdade/5-Semestre/STR/freertos/pico/pico-sdk/lib/tinyusb/src/portable/raspberrypi/rp2040/dcd_rp2040.c.obj
                0x0000000010002f7c                dcd_edpt0_status_complete
 .text.dcd_edpt_open
                0x0000000010002f98      0x108 CMakeFiles/Task.dir/home/josue/Documentos/Faculdade/5-Semestre/STR/freertos/pico/pico-sdk/lib/tinyusb/src/portable/raspberrypi/rp2040/dcd_rp2040.c.obj
                0x0000000010002f98                dcd_edpt_open
 .text.dcd_edpt_close_all
                0x00000000100030a0        0x8 CMakeFiles/Task.dir/home/josue/Documentos/Faculdade/5-Semestre/STR/freertos/pico/pico-sdk/lib/tinyusb/src/portable/raspberrypi/rp2040/dcd_rp2040.c.obj
                0x00000000100030a0                dcd_edpt_close_all
 .text.dcd_edpt_xfer
                0x00000000100030a8       0x24 CMakeFiles/Task.dir/home/josue/Documentos/Faculdade/5-Semestre/STR/freertos/pico/pico-sdk/lib/tinyusb/src/portable/raspberrypi/rp2040/dcd_rp2040.c.obj
                0x00000000100030a8                dcd_edpt_xfer
 .text.dcd_edpt_stall
                0x00000000100030cc       0x38 CMakeFiles/Task.dir/home/josue/Documentos/Faculdade/5-Semestre/STR/freertos/pico/pico-sdk/lib/tinyusb/src/portable/raspberrypi/rp2040/dcd_rp2040.c.obj
                0x00000000100030cc                dcd_edpt_stall
 .text.dcd_edpt_clear_stall
                0x0000000010003104       0x30 CMakeFiles/Task.dir/home/josue/Documentos/Faculdade/5-Semestre/STR/freertos/pico/pico-sdk/lib/tinyusb/src/portable/raspberrypi/rp2040/dcd_rp2040.c.obj
                0x0000000010003104                dcd_edpt_clear_stall
 .text.rp2040_usb_init
                0x0000000010003134       0x4c CMakeFiles/Task.dir/home/josue/Documentos/Faculdade/5-Semestre/STR/freertos/pico/pico-sdk/lib/tinyusb/src/portable/raspberrypi/rp2040/rp2040_usb.c.obj
                0x0000000010003134                rp2040_usb_init
 .text.hw_endpoint_xfer_start
                0x0000000010003180       0x50 CMakeFiles/Task.dir/home/josue/Documentos/Faculdade/5-Semestre/STR/freertos/pico/pico-sdk/lib/tinyusb/src/portable/raspberrypi/rp2040/rp2040_usb.c.obj
                0x0000000010003180                hw_endpoint_xfer_start
 .text.tud_mounted
                0x00000000100031d0       0x10 CMakeFiles/Task.dir/home/josue/Documentos/Faculdade/5-Semestre/STR/freertos/pico/pico-sdk/lib/tinyusb/src/device/usbd.c.obj
                0x00000000100031d0                tud_mounted
 .text.tud_suspended
                0x00000000100031e0       0x10 CMakeFiles/Task.dir/home/josue/Documentos/Faculdade/5-Semestre/STR/freertos/pico/pico-sdk/lib/tinyusb/src/device/usbd.c.obj
                0x00000000100031e0                tud_suspended
 .text.tud_inited
                0x00000000100031f0       0x14 CMakeFiles/Task.dir/home/josue/Documentos/Faculdade/5-Semestre/STR/freertos/pico/pico-sdk/lib/tinyusb/src/device/usbd.c.obj
                0x00000000100031f0                tud_inited
 .text.tud_init
                0x0000000010003204       0xe4 CMakeFiles/Task.dir/home/josue/Documentos/Faculdade/5-Semestre/STR/freertos/pico/pico-sdk/lib/tinyusb/src/device/usbd.c.obj
                0x0000000010003204                tud_init
 .text.tud_task_ext
                0x00000000100032e8      0x854 CMakeFiles/Task.dir/home/josue/Documentos/Faculdade/5-Semestre/STR/freertos/pico/pico-sdk/lib/tinyusb/src/device/usbd.c.obj
                0x00000000100032e8                tud_task_ext
 .text.usbd_open_edpt_pair
                0x0000000010003b3c       0x9c CMakeFiles/Task.dir/home/josue/Documentos/Faculdade/5-Semestre/STR/freertos/pico/pico-sdk/lib/tinyusb/src/device/usbd.c.obj
                0x0000000010003b3c                usbd_open_edpt_pair
 .text.usbd_defer_func
                0x0000000010003bd8       0x48 CMakeFiles/Task.dir/home/josue/Documentos/Faculdade/5-Semestre/STR/freertos/pico/pico-sdk/lib/tinyusb/src/device/usbd.c.obj
                0x0000000010003bd8                usbd_defer_func
 .text.usbd_edpt_open
                0x0000000010003c20       0x34 CMakeFiles/Task.dir/home/josue/Documentos/Faculdade/5-Semestre/STR/freertos/pico/pico-sdk/lib/tinyusb/src/device/usbd.c.obj
                0x0000000010003c20                usbd_edpt_open
 .text.usbd_edpt_claim
                0x0000000010003c54       0x28 CMakeFiles/Task.dir/home/josue/Documentos/Faculdade/5-Semestre/STR/freertos/pico/pico-sdk/lib/tinyusb/src/device/usbd.c.obj
                0x0000000010003c54                usbd_edpt_claim
 .text.usbd_edpt_release
                0x0000000010003c7c       0x28 CMakeFiles/Task.dir/home/josue/Documentos/Faculdade/5-Semestre/STR/freertos/pico/pico-sdk/lib/tinyusb/src/device/usbd.c.obj
                0x0000000010003c7c                usbd_edpt_release
 .text.usbd_edpt_xfer
                0x0000000010003ca4       0x4c CMakeFiles/Task.dir/home/josue/Documentos/Faculdade/5-Semestre/STR/freertos/pico/pico-sdk/lib/tinyusb/src/device/usbd.c.obj
                0x0000000010003ca4                usbd_edpt_xfer
 .text.tud_control_status
                0x0000000010003cf0       0x30 CMakeFiles/Task.dir/home/josue/Documentos/Faculdade/5-Semestre/STR/freertos/pico/pico-sdk/lib/tinyusb/src/device/usbd_control.c.obj
                0x0000000010003cf0                tud_control_status
 .text.tud_control_xfer
                0x0000000010003d20       0xbc CMakeFiles/Task.dir/home/josue/Documentos/Faculdade/5-Semestre/STR/freertos/pico/pico-sdk/lib/tinyusb/src/device/usbd_control.c.obj
                0x0000000010003d20                tud_control_xfer
 .text.usbd_control_reset
                0x0000000010003ddc       0x14 CMakeFiles/Task.dir/home/josue/Documentos/Faculdade/5-Semestre/STR/freertos/pico/pico-sdk/lib/tinyusb/src/device/usbd_control.c.obj
                0x0000000010003ddc                usbd_control_reset
 .text.usbd_control_set_complete_callback
                0x0000000010003df0        0xc CMakeFiles/Task.dir/home/josue/Documentos/Faculdade/5-Semestre/STR/freertos/pico/pico-sdk/lib/tinyusb/src/device/usbd_control.c.obj
                0x0000000010003df0                usbd_control_set_complete_callback
 .text.usbd_control_set_request
                0x0000000010003dfc       0x1c CMakeFiles/Task.dir/home/josue/Documentos/Faculdade/5-Semestre/STR/freertos/pico/pico-sdk/lib/tinyusb/src/device/usbd_control.c.obj
                0x0000000010003dfc                usbd_control_set_request
 .text.usbd_control_xfer_cb
                0x0000000010003e18       0xfc CMakeFiles/Task.dir/home/josue/Documentos/Faculdade/5-Semestre/STR/freertos/pico/pico-sdk/lib/tinyusb/src/device/usbd_control.c.obj
                0x0000000010003e18                usbd_control_xfer_cb
 .text.tud_cdc_n_connected
                0x0000000010003f14       0x30 CMakeFiles/Task.dir/home/josue/Documentos/Faculdade/5-Semestre/STR/freertos/pico/pico-sdk/lib/tinyusb/src/class/cdc/cdc_device.c.obj
                0x0000000010003f14                tud_cdc_n_connected
 .text.tud_cdc_n_available
                0x0000000010003f44       0x18 CMakeFiles/Task.dir/home/josue/Documentos/Faculdade/5-Semestre/STR/freertos/pico/pico-sdk/lib/tinyusb/src/class/cdc/cdc_device.c.obj
                0x0000000010003f44                tud_cdc_n_available
 .text.tud_cdc_n_read
                0x0000000010003f5c       0x70 CMakeFiles/Task.dir/home/josue/Documentos/Faculdade/5-Semestre/STR/freertos/pico/pico-sdk/lib/tinyusb/src/class/cdc/cdc_device.c.obj
                0x0000000010003f5c                tud_cdc_n_read
 .text.tud_cdc_n_write_flush
                0x0000000010003fcc       0x78 CMakeFiles/Task.dir/home/josue/Documentos/Faculdade/5-Semestre/STR/freertos/pico/pico-sdk/lib/tinyusb/src/class/cdc/cdc_device.c.obj
                0x0000000010003fcc                tud_cdc_n_write_flush
 .text.tud_cdc_n_write
                0x0000000010004044       0x34 CMakeFiles/Task.dir/home/josue/Documentos/Faculdade/5-Semestre/STR/freertos/pico/pico-sdk/lib/tinyusb/src/class/cdc/cdc_device.c.obj
                0x0000000010004044                tud_cdc_n_write
 .text.tud_cdc_n_write_available
                0x0000000010004078       0x18 CMakeFiles/Task.dir/home/josue/Documentos/Faculdade/5-Semestre/STR/freertos/pico/pico-sdk/lib/tinyusb/src/class/cdc/cdc_device.c.obj
                0x0000000010004078                tud_cdc_n_write_available
 .text.cdcd_init
                0x0000000010004090       0x7c CMakeFiles/Task.dir/home/josue/Documentos/Faculdade/5-Semestre/STR/freertos/pico/pico-sdk/lib/tinyusb/src/class/cdc/cdc_device.c.obj
                0x0000000010004090                cdcd_init
 .text.cdcd_reset
                0x000000001000410c       0x2c CMakeFiles/Task.dir/home/josue/Documentos/Faculdade/5-Semestre/STR/freertos/pico/pico-sdk/lib/tinyusb/src/class/cdc/cdc_device.c.obj
                0x000000001000410c                cdcd_reset
 .text.cdcd_open
                0x0000000010004138       0xe8 CMakeFiles/Task.dir/home/josue/Documentos/Faculdade/5-Semestre/STR/freertos/pico/pico-sdk/lib/tinyusb/src/class/cdc/cdc_device.c.obj
                0x0000000010004138                cdcd_open
 .text.cdcd_control_xfer_cb
                0x0000000010004220       0xe4 CMakeFiles/Task.dir/home/josue/Documentos/Faculdade/5-Semestre/STR/freertos/pico/pico-sdk/lib/tinyusb/src/class/cdc/cdc_device.c.obj
                0x0000000010004220                cdcd_control_xfer_cb
 .text.cdcd_xfer_cb
                0x0000000010004304      0x148 CMakeFiles/Task.dir/home/josue/Documentos/Faculdade/5-Semestre/STR/freertos/pico/pico-sdk/lib/tinyusb/src/class/cdc/cdc_device.c.obj
                0x0000000010004304                cdcd_xfer_cb
 .text.tusb_init
                0x000000001000444c        0xc CMakeFiles/Task.dir/home/josue/Documentos/Faculdade/5-Semestre/STR/freertos/pico/pico-sdk/lib/tinyusb/src/tusb.c.obj
                0x000000001000444c                tusb_init
 .text.tusb_inited
                0x0000000010004458        0x8 CMakeFiles/Task.dir/home/josue/Documentos/Faculdade/5-Semestre/STR/freertos/pico/pico-sdk/lib/tinyusb/src/tusb.c.obj
                0x0000000010004458                tusb_inited
 .text.tu_edpt_claim
                0x0000000010004460       0x50 CMakeFiles/Task.dir/home/josue/Documentos/Faculdade/5-Semestre/STR/freertos/pico/pico-sdk/lib/tinyusb/src/tusb.c.obj
                0x0000000010004460                tu_edpt_claim
 .text.tu_edpt_release
                0x00000000100044b0       0x38 CMakeFiles/Task.dir/home/josue/Documentos/Faculdade/5-Semestre/STR/freertos/pico/pico-sdk/lib/tinyusb/src/tusb.c.obj
                0x00000000100044b0                tu_edpt_release
 .text.tu_edpt_validate
                0x00000000100044e8       0x78 CMakeFiles/Task.dir/home/josue/Documentos/Faculdade/5-Semestre/STR/freertos/pico/pico-sdk/lib/tinyusb/src/tusb.c.obj
                0x00000000100044e8                tu_edpt_validate
 .text.tu_edpt_bind_driver
                0x0000000010004560       0x34 CMakeFiles/Task.dir/home/josue/Documentos/Faculdade/5-Semestre/STR/freertos/pico/pico-sdk/lib/tinyusb/src/tusb.c.obj
                0x0000000010004560                tu_edpt_bind_driver
 .text.tu_fifo_config
                0x0000000010004594       0x70 CMakeFiles/Task.dir/home/josue/Documentos/Faculdade/5-Semestre/STR/freertos/pico/pico-sdk/lib/tinyusb/src/common/tusb_fifo.c.obj
                0x0000000010004594                tu_fifo_config
 .text.tu_fifo_count
                0x0000000010004604       0x2c CMakeFiles/Task.dir/home/josue/Documentos/Faculdade/5-Semestre/STR/freertos/pico/pico-sdk/lib/tinyusb/src/common/tusb_fifo.c.obj
                0x0000000010004604                tu_fifo_count
 .text.tu_fifo_empty
                0x0000000010004630       0x10 CMakeFiles/Task.dir/home/josue/Documentos/Faculdade/5-Semestre/STR/freertos/pico/pico-sdk/lib/tinyusb/src/common/tusb_fifo.c.obj
                0x0000000010004630                tu_fifo_empty
 .text.tu_fifo_remaining
                0x0000000010004640       0x2c CMakeFiles/Task.dir/home/josue/Documentos/Faculdade/5-Semestre/STR/freertos/pico/pico-sdk/lib/tinyusb/src/common/tusb_fifo.c.obj
                0x0000000010004640                tu_fifo_remaining
 .text.tu_fifo_read
                0x000000001000466c       0xa0 CMakeFiles/Task.dir/home/josue/Documentos/Faculdade/5-Semestre/STR/freertos/pico/pico-sdk/lib/tinyusb/src/common/tusb_fifo.c.obj
                0x000000001000466c                tu_fifo_read
 .text.tu_fifo_read_n
                0x000000001000470c       0xec CMakeFiles/Task.dir/home/josue/Documentos/Faculdade/5-Semestre/STR/freertos/pico/pico-sdk/lib/tinyusb/src/common/tusb_fifo.c.obj
                0x000000001000470c                tu_fifo_read_n
 .text.tu_fifo_write
                0x00000000100047f8       0x88 CMakeFiles/Task.dir/home/josue/Documentos/Faculdade/5-Semestre/STR/freertos/pico/pico-sdk/lib/tinyusb/src/common/tusb_fifo.c.obj
                0x00000000100047f8                tu_fifo_write
 .text.tu_fifo_write_n
                0x0000000010004880      0x168 CMakeFiles/Task.dir/home/josue/Documentos/Faculdade/5-Semestre/STR/freertos/pico/pico-sdk/lib/tinyusb/src/common/tusb_fifo.c.obj
                0x0000000010004880                tu_fifo_write_n
 .text.tu_fifo_clear
                0x00000000100049e8       0x40 CMakeFiles/Task.dir/home/josue/Documentos/Faculdade/5-Semestre/STR/freertos/pico/pico-sdk/lib/tinyusb/src/common/tusb_fifo.c.obj
                0x00000000100049e8                tu_fifo_clear
 .text.tu_fifo_set_overwritable
                0x0000000010004a28       0x48 CMakeFiles/Task.dir/home/josue/Documentos/Faculdade/5-Semestre/STR/freertos/pico/pico-sdk/lib/tinyusb/src/common/tusb_fifo.c.obj
                0x0000000010004a28                tu_fifo_set_overwritable
 .text.vPortSVCHandler
                0x0000000010004a70        0x4 CMakeFiles/Task.dir/home/josue/Documentos/Faculdade/5-Semestre/STR/freertos/FreeRTOS-LTS/FreeRTOS/FreeRTOS-Kernel/portable/ThirdParty/GCC/RP2040/port.c.obj
                0x0000000010004a70                vPortSVCHandler
 *fill*         0x0000000010004a74        0xc 
 .text.vPortStartFirstTask
                0x0000000010004a80       0x34 CMakeFiles/Task.dir/home/josue/Documentos/Faculdade/5-Semestre/STR/freertos/FreeRTOS-LTS/FreeRTOS/FreeRTOS-Kernel/portable/ThirdParty/GCC/RP2040/port.c.obj
 *fill*         0x0000000010004ab4        0xc 
 .text.xPortPendSVHandler
                0x0000000010004ac0       0x64 CMakeFiles/Task.dir/home/josue/Documentos/Faculdade/5-Semestre/STR/freertos/FreeRTOS-LTS/FreeRTOS/FreeRTOS-Kernel/portable/ThirdParty/GCC/RP2040/port.c.obj
                0x0000000010004ac0                xPortPendSVHandler
 .text.prvTaskExitError
                0x0000000010004b24        0x8 CMakeFiles/Task.dir/home/josue/Documentos/Faculdade/5-Semestre/STR/freertos/FreeRTOS-LTS/FreeRTOS/FreeRTOS-Kernel/portable/ThirdParty/GCC/RP2040/port.c.obj
 .text.pxPortInitialiseStack
                0x0000000010004b2c       0x20 CMakeFiles/Task.dir/home/josue/Documentos/Faculdade/5-Semestre/STR/freertos/FreeRTOS-LTS/FreeRTOS/FreeRTOS-Kernel/portable/ThirdParty/GCC/RP2040/port.c.obj
                0x0000000010004b2c                pxPortInitialiseStack
 .text.vPortYield
                0x0000000010004b4c       0x18 CMakeFiles/Task.dir/home/josue/Documentos/Faculdade/5-Semestre/STR/freertos/FreeRTOS-LTS/FreeRTOS/FreeRTOS-Kernel/portable/ThirdParty/GCC/RP2040/port.c.obj
                0x0000000010004b4c                vPortYield
 .text.vPortEnterCritical
                0x0000000010004b64       0x18 CMakeFiles/Task.dir/home/josue/Documentos/Faculdade/5-Semestre/STR/freertos/FreeRTOS-LTS/FreeRTOS/FreeRTOS-Kernel/portable/ThirdParty/GCC/RP2040/port.c.obj
                0x0000000010004b64                vPortEnterCritical
 .text.vPortExitCritical
                0x0000000010004b7c       0x34 CMakeFiles/Task.dir/home/josue/Documentos/Faculdade/5-Semestre/STR/freertos/FreeRTOS-LTS/FreeRTOS/FreeRTOS-Kernel/portable/ThirdParty/GCC/RP2040/port.c.obj
                0x0000000010004b7c                vPortExitCritical
 .text.ulSetInterruptMaskFromISR
                0x0000000010004bb0        0x8 CMakeFiles/Task.dir/home/josue/Documentos/Faculdade/5-Semestre/STR/freertos/FreeRTOS-LTS/FreeRTOS/FreeRTOS-Kernel/portable/ThirdParty/GCC/RP2040/port.c.obj
                0x0000000010004bb0                ulSetInterruptMaskFromISR
 .text.vClearInterruptMaskFromISR
                0x0000000010004bb8        0x8 CMakeFiles/Task.dir/home/josue/Documentos/Faculdade/5-Semestre/STR/freertos/FreeRTOS-LTS/FreeRTOS/FreeRTOS-Kernel/portable/ThirdParty/GCC/RP2040/port.c.obj
                0x0000000010004bb8                vClearInterruptMaskFromISR
 .text.xPortSysTickHandler
                0x0000000010004bc0       0x24 CMakeFiles/Task.dir/home/josue/Documentos/Faculdade/5-Semestre/STR/freertos/FreeRTOS-LTS/FreeRTOS/FreeRTOS-Kernel/portable/ThirdParty/GCC/RP2040/port.c.obj
                0x0000000010004bc0                xPortSysTickHandler
 .text.vPortSetupTimerInterrupt
                0x0000000010004be4       0x34 CMakeFiles/Task.dir/home/josue/Documentos/Faculdade/5-Semestre/STR/freertos/FreeRTOS-LTS/FreeRTOS/FreeRTOS-Kernel/portable/ThirdParty/GCC/RP2040/port.c.obj
                0x0000000010004be4                vPortSetupTimerInterrupt
 .text.xPortStartScheduler
                0x0000000010004c18       0x70 CMakeFiles/Task.dir/home/josue/Documentos/Faculdade/5-Semestre/STR/freertos/FreeRTOS-LTS/FreeRTOS/FreeRTOS-Kernel/portable/ThirdParty/GCC/RP2040/port.c.obj
                0x0000000010004c18                xPortStartScheduler
 .text.ulPortLockGetCurrentOwnerId
                0x0000000010004c88       0x2c CMakeFiles/Task.dir/home/josue/Documentos/Faculdade/5-Semestre/STR/freertos/FreeRTOS-LTS/FreeRTOS/FreeRTOS-Kernel/portable/ThirdParty/GCC/RP2040/port.c.obj
                0x0000000010004c88                ulPortLockGetCurrentOwnerId
 .text.vPortLockInternalSpinUnlockWithNotify
                0x0000000010004cb4       0x84 CMakeFiles/Task.dir/home/josue/Documentos/Faculdade/5-Semestre/STR/freertos/FreeRTOS-LTS/FreeRTOS/FreeRTOS-Kernel/portable/ThirdParty/GCC/RP2040/port.c.obj
                0x0000000010004cb4                vPortLockInternalSpinUnlockWithNotify
 .text.xPortLockInternalSpinUnlockWithBestEffortWaitOrTimeout
                0x0000000010004d38       0xfc CMakeFiles/Task.dir/home/josue/Documentos/Faculdade/5-Semestre/STR/freertos/FreeRTOS-LTS/FreeRTOS/FreeRTOS-Kernel/portable/ThirdParty/GCC/RP2040/port.c.obj
                0x0000000010004d38                xPortLockInternalSpinUnlockWithBestEffortWaitOrTimeout
 .text.startup.prvRuntimeInitializer
                0x0000000010004e34       0x10 CMakeFiles/Task.dir/home/josue/Documentos/Faculdade/5-Semestre/STR/freertos/FreeRTOS-LTS/FreeRTOS/FreeRTOS-Kernel/portable/ThirdParty/GCC/RP2040/port.c.obj
 .text.vEventGroupSetBitsCallback
                0x0000000010004e44       0x8c CMakeFiles/Task.dir/home/josue/Documentos/Faculdade/5-Semestre/STR/freertos/FreeRTOS-LTS/FreeRTOS/FreeRTOS-Kernel/event_groups.c.obj
                0x0000000010004e44                vEventGroupSetBitsCallback
 .text.xEventGroupCreate
                0x0000000010004ed0       0x18 CMakeFiles/Task.dir/home/josue/Documentos/Faculdade/5-Semestre/STR/freertos/FreeRTOS-LTS/FreeRTOS/FreeRTOS-Kernel/event_groups.c.obj
                0x0000000010004ed0                xEventGroupCreate
 .text.xEventGroupWaitBits
                0x0000000010004ee8       0xb8 CMakeFiles/Task.dir/home/josue/Documentos/Faculdade/5-Semestre/STR/freertos/FreeRTOS-LTS/FreeRTOS/FreeRTOS-Kernel/event_groups.c.obj
                0x0000000010004ee8                xEventGroupWaitBits
 .text.xEventGroupSetBits
                0x0000000010004fa0       0x90 CMakeFiles/Task.dir/home/josue/Documentos/Faculdade/5-Semestre/STR/freertos/FreeRTOS-LTS/FreeRTOS/FreeRTOS-Kernel/event_groups.c.obj
                0x0000000010004fa0                xEventGroupSetBits
 .text.xEventGroupSetBitsFromISR
                0x0000000010005030       0x14 CMakeFiles/Task.dir/home/josue/Documentos/Faculdade/5-Semestre/STR/freertos/FreeRTOS-LTS/FreeRTOS/FreeRTOS-Kernel/event_groups.c.obj
                0x0000000010005030                xEventGroupSetBitsFromISR
 .text.vListInitialise
                0x0000000010005044       0x18 CMakeFiles/Task.dir/home/josue/Documentos/Faculdade/5-Semestre/STR/freertos/FreeRTOS-LTS/FreeRTOS/FreeRTOS-Kernel/list.c.obj
                0x0000000010005044                vListInitialise
 .text.vListInitialiseItem
                0x000000001000505c        0x8 CMakeFiles/Task.dir/home/josue/Documentos/Faculdade/5-Semestre/STR/freertos/FreeRTOS-LTS/FreeRTOS/FreeRTOS-Kernel/list.c.obj
                0x000000001000505c                vListInitialiseItem
 .text.vListInsert
                0x0000000010005064       0x30 CMakeFiles/Task.dir/home/josue/Documentos/Faculdade/5-Semestre/STR/freertos/FreeRTOS-LTS/FreeRTOS/FreeRTOS-Kernel/list.c.obj
                0x0000000010005064                vListInsert
 .text.uxListRemove
                0x0000000010005094       0x24 CMakeFiles/Task.dir/home/josue/Documentos/Faculdade/5-Semestre/STR/freertos/FreeRTOS-LTS/FreeRTOS/FreeRTOS-Kernel/list.c.obj
                0x0000000010005094                uxListRemove
 .text.prvUnlockQueue
                0x00000000100050b8      0x148 CMakeFiles/Task.dir/home/josue/Documentos/Faculdade/5-Semestre/STR/freertos/FreeRTOS-LTS/FreeRTOS/FreeRTOS-Kernel/queue.c.obj
 .text.prvNotifyQueueSetContainer
                0x0000000010005200       0x9c CMakeFiles/Task.dir/home/josue/Documentos/Faculdade/5-Semestre/STR/freertos/FreeRTOS-LTS/FreeRTOS/FreeRTOS-Kernel/queue.c.obj
 .text.xQueueGenericCreate
                0x000000001000529c       0xa0 CMakeFiles/Task.dir/home/josue/Documentos/Faculdade/5-Semestre/STR/freertos/FreeRTOS-LTS/FreeRTOS/FreeRTOS-Kernel/queue.c.obj
                0x000000001000529c                xQueueGenericCreate
 .text.xQueueGenericSend
                0x000000001000533c      0x1cc CMakeFiles/Task.dir/home/josue/Documentos/Faculdade/5-Semestre/STR/freertos/FreeRTOS-LTS/FreeRTOS/FreeRTOS-Kernel/queue.c.obj
                0x000000001000533c                xQueueGenericSend
 .text.xQueueGenericSendFromISR
                0x0000000010005508      0x138 CMakeFiles/Task.dir/home/josue/Documentos/Faculdade/5-Semestre/STR/freertos/FreeRTOS-LTS/FreeRTOS/FreeRTOS-Kernel/queue.c.obj
                0x0000000010005508                xQueueGenericSendFromISR
 .text.xQueueReceive
                0x0000000010005640      0x11c CMakeFiles/Task.dir/home/josue/Documentos/Faculdade/5-Semestre/STR/freertos/FreeRTOS-LTS/FreeRTOS/FreeRTOS-Kernel/queue.c.obj
                0x0000000010005640                xQueueReceive
 .text.vQueueAddToRegistry
                0x000000001000575c       0xec CMakeFiles/Task.dir/home/josue/Documentos/Faculdade/5-Semestre/STR/freertos/FreeRTOS-LTS/FreeRTOS/FreeRTOS-Kernel/queue.c.obj
                0x000000001000575c                vQueueAddToRegistry
 .text.vQueueWaitForMessageRestricted
                0x0000000010005848       0x48 CMakeFiles/Task.dir/home/josue/Documentos/Faculdade/5-Semestre/STR/freertos/FreeRTOS-LTS/FreeRTOS/FreeRTOS-Kernel/queue.c.obj
                0x0000000010005848                vQueueWaitForMessageRestricted
 .text.prvIdleTask
                0x0000000010005890       0x60 CMakeFiles/Task.dir/home/josue/Documentos/Faculdade/5-Semestre/STR/freertos/FreeRTOS-LTS/FreeRTOS/FreeRTOS-Kernel/tasks.c.obj
 .text.xTaskIncrementTick.part.0
                0x00000000100058f0      0x1a0 CMakeFiles/Task.dir/home/josue/Documentos/Faculdade/5-Semestre/STR/freertos/FreeRTOS-LTS/FreeRTOS/FreeRTOS-Kernel/tasks.c.obj
 .text.xTaskCreate
                0x0000000010005a90      0x280 CMakeFiles/Task.dir/home/josue/Documentos/Faculdade/5-Semestre/STR/freertos/FreeRTOS-LTS/FreeRTOS/FreeRTOS-Kernel/tasks.c.obj
                0x0000000010005a90                xTaskCreate
 .text.vTaskStartScheduler
                0x0000000010005d10      0x1e0 CMakeFiles/Task.dir/home/josue/Documentos/Faculdade/5-Semestre/STR/freertos/FreeRTOS-LTS/FreeRTOS/FreeRTOS-Kernel/tasks.c.obj
                0x0000000010005d10                vTaskStartScheduler
 .text.vTaskSuspendAll
                0x0000000010005ef0       0x10 CMakeFiles/Task.dir/home/josue/Documentos/Faculdade/5-Semestre/STR/freertos/FreeRTOS-LTS/FreeRTOS/FreeRTOS-Kernel/tasks.c.obj
                0x0000000010005ef0                vTaskSuspendAll
 .text.xTaskResumeAll
                0x0000000010005f00      0x18c CMakeFiles/Task.dir/home/josue/Documentos/Faculdade/5-Semestre/STR/freertos/FreeRTOS-LTS/FreeRTOS/FreeRTOS-Kernel/tasks.c.obj
                0x0000000010005f00                xTaskResumeAll
 .text.vTaskDelay
                0x000000001000608c       0x78 CMakeFiles/Task.dir/home/josue/Documentos/Faculdade/5-Semestre/STR/freertos/FreeRTOS-LTS/FreeRTOS/FreeRTOS-Kernel/tasks.c.obj
                0x000000001000608c                vTaskDelay
 .text.xTaskGetTickCount
                0x0000000010006104        0xc CMakeFiles/Task.dir/home/josue/Documentos/Faculdade/5-Semestre/STR/freertos/FreeRTOS-LTS/FreeRTOS/FreeRTOS-Kernel/tasks.c.obj
                0x0000000010006104                xTaskGetTickCount
 .text.uxTaskGetNumberOfTasks
                0x0000000010006110        0xc CMakeFiles/Task.dir/home/josue/Documentos/Faculdade/5-Semestre/STR/freertos/FreeRTOS-LTS/FreeRTOS/FreeRTOS-Kernel/tasks.c.obj
                0x0000000010006110                uxTaskGetNumberOfTasks
 .text.xTaskIncrementTick
                0x000000001000611c       0x24 CMakeFiles/Task.dir/home/josue/Documentos/Faculdade/5-Semestre/STR/freertos/FreeRTOS-LTS/FreeRTOS/FreeRTOS-Kernel/tasks.c.obj
                0x000000001000611c                xTaskIncrementTick
 .text.vTaskSwitchContext
                0x0000000010006140       0x6c CMakeFiles/Task.dir/home/josue/Documentos/Faculdade/5-Semestre/STR/freertos/FreeRTOS-LTS/FreeRTOS/FreeRTOS-Kernel/tasks.c.obj
                0x0000000010006140                vTaskSwitchContext
 .text.vTaskPlaceOnEventList
                0x00000000100061ac       0x98 CMakeFiles/Task.dir/home/josue/Documentos/Faculdade/5-Semestre/STR/freertos/FreeRTOS-LTS/FreeRTOS/FreeRTOS-Kernel/tasks.c.obj
                0x00000000100061ac                vTaskPlaceOnEventList
 .text.vTaskPlaceOnUnorderedEventList
                0x0000000010006244       0xbc CMakeFiles/Task.dir/home/josue/Documentos/Faculdade/5-Semestre/STR/freertos/FreeRTOS-LTS/FreeRTOS/FreeRTOS-Kernel/tasks.c.obj
                0x0000000010006244                vTaskPlaceOnUnorderedEventList
 .text.vTaskPlaceOnEventListRestricted
                0x0000000010006300       0xc4 CMakeFiles/Task.dir/home/josue/Documentos/Faculdade/5-Semestre/STR/freertos/FreeRTOS-LTS/FreeRTOS/FreeRTOS-Kernel/tasks.c.obj
                0x0000000010006300                vTaskPlaceOnEventListRestricted
 .text.xTaskRemoveFromEventList
                0x00000000100063c4       0xd8 CMakeFiles/Task.dir/home/josue/Documentos/Faculdade/5-Semestre/STR/freertos/FreeRTOS-LTS/FreeRTOS/FreeRTOS-Kernel/tasks.c.obj
                0x00000000100063c4                xTaskRemoveFromEventList
 .text.vTaskRemoveFromUnorderedEventList
                0x000000001000649c       0x98 CMakeFiles/Task.dir/home/josue/Documentos/Faculdade/5-Semestre/STR/freertos/FreeRTOS-LTS/FreeRTOS/FreeRTOS-Kernel/tasks.c.obj
                0x000000001000649c                vTaskRemoveFromUnorderedEventList
 .text.vTaskInternalSetTimeOutState
                0x0000000010006534       0x18 CMakeFiles/Task.dir/home/josue/Documentos/Faculdade/5-Semestre/STR/freertos/FreeRTOS-LTS/FreeRTOS/FreeRTOS-Kernel/tasks.c.obj
                0x0000000010006534                vTaskInternalSetTimeOutState
 .text.xTaskCheckForTimeOut
                0x000000001000654c       0x74 CMakeFiles/Task.dir/home/josue/Documentos/Faculdade/5-Semestre/STR/freertos/FreeRTOS-LTS/FreeRTOS/FreeRTOS-Kernel/tasks.c.obj
                0x000000001000654c                xTaskCheckForTimeOut
 .text.vTaskMissedYield
                0x00000000100065c0        0xc CMakeFiles/Task.dir/home/josue/Documentos/Faculdade/5-Semestre/STR/freertos/FreeRTOS-LTS/FreeRTOS/FreeRTOS-Kernel/tasks.c.obj
                0x00000000100065c0                vTaskMissedYield
 .text.xTaskGetCurrentTaskHandle
                0x00000000100065cc        0xc CMakeFiles/Task.dir/home/josue/Documentos/Faculdade/5-Semestre/STR/freertos/FreeRTOS-LTS/FreeRTOS/FreeRTOS-Kernel/tasks.c.obj
                0x00000000100065cc                xTaskGetCurrentTaskHandle
 .text.xTaskPriorityDisinherit
                0x00000000100065d8       0x64 CMakeFiles/Task.dir/home/josue/Documentos/Faculdade/5-Semestre/STR/freertos/FreeRTOS-LTS/FreeRTOS/FreeRTOS-Kernel/tasks.c.obj
                0x00000000100065d8                xTaskPriorityDisinherit
 .text.uxTaskResetEventItemValue
                0x000000001000663c       0x18 CMakeFiles/Task.dir/home/josue/Documentos/Faculdade/5-Semestre/STR/freertos/FreeRTOS-LTS/FreeRTOS/FreeRTOS-Kernel/tasks.c.obj
                0x000000001000663c                uxTaskResetEventItemValue
 .text.prvTimerTask
                0x0000000010006654      0x360 CMakeFiles/Task.dir/home/josue/Documentos/Faculdade/5-Semestre/STR/freertos/FreeRTOS-LTS/FreeRTOS/FreeRTOS-Kernel/timers.c.obj
 .text.xTimerCreateTimerTask
                0x00000000100069b4       0x8c CMakeFiles/Task.dir/home/josue/Documentos/Faculdade/5-Semestre/STR/freertos/FreeRTOS-LTS/FreeRTOS/FreeRTOS-Kernel/timers.c.obj
                0x00000000100069b4                xTimerCreateTimerTask
 .text.xTimerPendFunctionCallFromISR
                0x0000000010006a40       0x28 CMakeFiles/Task.dir/home/josue/Documentos/Faculdade/5-Semestre/STR/freertos/FreeRTOS-LTS/FreeRTOS/FreeRTOS-Kernel/timers.c.obj
                0x0000000010006a40                xTimerPendFunctionCallFromISR
 .text.exception_set_exclusive_handler
                0x0000000010006a68       0x48 CMakeFiles/Task.dir/home/josue/Documentos/Faculdade/5-Semestre/STR/freertos/pico/pico-sdk/src/rp2_common/hardware_exception/exception.c.obj
                0x0000000010006a68                exception_set_exclusive_handler
 .text.pvPortMalloc
                0x0000000010006ab0      0x144 CMakeFiles/Task.dir/home/josue/Documentos/Faculdade/5-Semestre/STR/freertos/FreeRTOS-LTS/FreeRTOS/FreeRTOS-Kernel/portable/MemMang/heap_4.c.obj
                0x0000000010006ab0                pvPortMalloc
 .text.vPortFree
                0x0000000010006bf4       0x8c CMakeFiles/Task.dir/home/josue/Documentos/Faculdade/5-Semestre/STR/freertos/FreeRTOS-LTS/FreeRTOS/FreeRTOS-Kernel/portable/MemMang/heap_4.c.obj
                0x0000000010006bf4                vPortFree
 .text.adc_init
                0x0000000010006c80       0x38 CMakeFiles/Task.dir/home/josue/Documentos/Faculdade/5-Semestre/STR/freertos/pico/pico-sdk/src/rp2_common/hardware_adc/adc.c.obj
                0x0000000010006c80                adc_init
 .text          0x0000000010006cb8       0x5c /usr/lib/gcc/arm-none-eabi/10.3.1/../../../arm-none-eabi/lib/thumb/v6-m/nofp/libc.a(lib_a-strlen-stub.o)
                0x0000000010006cb8                strlen
 *(.fini)
 .fini          0x0000000010006d14        0x4 /usr/lib/gcc/arm-none-eabi/10.3.1/thumb/v6-m/nofp/crti.o
                0x0000000010006d14                _fini
 .fini.__stub   0x0000000010006d18       0xd0 linker stubs
 *crtbegin.o(.ctors)
 *crtbegin?.o(.ctors)
 *(EXCLUDE_FILE(*crtend.o *crtend?.o) .ctors)
 *(SORT_BY_NAME(.ctors.*))
 *(.ctors)
 *crtbegin.o(.dtors)
 *crtbegin?.o(.dtors)
 *(EXCLUDE_FILE(*crtend.o *crtend?.o) .dtors)
 *(SORT_BY_NAME(.dtors.*))
 *(.dtors)
 *(.eh_frame*)
 .eh_frame      0x0000000010006de8        0x0 /usr/lib/gcc/arm-none-eabi/10.3.1/thumb/v6-m/nofp/crtbegin.o
                0x0000000010006de8                . = ALIGN (0x4)

.glue_7         0x0000000010006de8        0x0
 .glue_7        0x0000000010006de8        0x0 linker stubs

.glue_7t        0x0000000010006de8        0x0
 .glue_7t       0x0000000010006de8        0x0 linker stubs

.vfp11_veneer   0x0000000010006de8        0x0
 .vfp11_veneer  0x0000000010006de8        0x0 linker stubs

.v4_bx          0x0000000010006de8        0x0
 .v4_bx         0x0000000010006de8        0x0 linker stubs

.iplt           0x0000000010006de8        0x0
 .iplt          0x0000000010006de8        0x0 /usr/lib/gcc/arm-none-eabi/10.3.1/thumb/v6-m/nofp/crtbegin.o

.rodata         0x0000000010006de8      0x340
 *(EXCLUDE_FILE(*libm.a: *libc.a:*lib_a-mem*.o *libgcc.a:) .rodata*)
 .rodata.main.str1.4
                0x0000000010006de8       0x2d CMakeFiles/Task.dir/src/main.c.obj
 *fill*         0x0000000010006e15        0x3 
 .rodata.spin_lock_claim_unused.str1.4
                0x0000000010006e18       0x1b CMakeFiles/Task.dir/home/josue/Documentos/Faculdade/5-Semestre/STR/freertos/pico/pico-sdk/src/rp2_common/hardware_sync/sync.c.obj
 *fill*         0x0000000010006e33        0x1 
 .rodata.user_irq_claim_unused.str1.4
                0x0000000010006e34       0x1b CMakeFiles/Task.dir/home/josue/Documentos/Faculdade/5-Semestre/STR/freertos/pico/pico-sdk/src/rp2_common/hardware_irq/irq.c.obj
 *fill*         0x0000000010006e4f        0x1 
 .rodata.hardware_alarm_claim.str1.4
                0x0000000010006e50       0x22 CMakeFiles/Task.dir/home/josue/Documentos/Faculdade/5-Semestre/STR/freertos/pico/pico-sdk/src/rp2_common/hardware_timer/timer.c.obj
 *fill*         0x0000000010006e72        0x2 
 .rodata.panic.str1.4
                0x0000000010006e74       0x12 CMakeFiles/Task.dir/home/josue/Documentos/Faculdade/5-Semestre/STR/freertos/pico/pico-sdk/src/rp2_common/pico_runtime/runtime.c.obj
 *fill*         0x0000000010006e86        0x2 
 .rodata.panic_unsupported.str1.4
                0x0000000010006e88        0xe CMakeFiles/Task.dir/home/josue/Documentos/Faculdade/5-Semestre/STR/freertos/pico/pico-sdk/src/rp2_common/pico_runtime/runtime.c.obj
 *fill*         0x0000000010006e96        0x2 
 .rodata.hard_assertion_failure.str1.4
                0x0000000010006e98        0xc CMakeFiles/Task.dir/home/josue/Documentos/Faculdade/5-Semestre/STR/freertos/pico/pico-sdk/src/rp2_common/pico_runtime/runtime.c.obj
 .rodata.str1.4
                0x0000000010006ea4       0x34 CMakeFiles/Task.dir/home/josue/Documentos/Faculdade/5-Semestre/STR/freertos/pico/pico-sdk/src/rp2_common/pico_standard_link/binary_info.c.obj
                                         0x3c (size before relaxing)
 .rodata.__bi_44
                0x0000000010006ed8        0xc CMakeFiles/Task.dir/home/josue/Documentos/Faculdade/5-Semestre/STR/freertos/pico/pico-sdk/src/rp2_common/pico_standard_link/binary_info.c.obj
 .rodata.__bi_75
                0x0000000010006ee4        0xc CMakeFiles/Task.dir/home/josue/Documentos/Faculdade/5-Semestre/STR/freertos/pico/pico-sdk/src/rp2_common/pico_standard_link/binary_info.c.obj
 .rodata.__bi_81
                0x0000000010006ef0        0xc CMakeFiles/Task.dir/home/josue/Documentos/Faculdade/5-Semestre/STR/freertos/pico/pico-sdk/src/rp2_common/pico_standard_link/binary_info.c.obj
 .rodata.crlf_str.0
                0x0000000010006efc        0x2 CMakeFiles/Task.dir/home/josue/Documentos/Faculdade/5-Semestre/STR/freertos/pico/pico-sdk/src/rp2_common/pico_stdio/stdio.c.obj
 *fill*         0x0000000010006efe        0x2 
 .rodata._resetd_driver
                0x0000000010006f00       0x18 CMakeFiles/Task.dir/home/josue/Documentos/Faculdade/5-Semestre/STR/freertos/pico/pico-sdk/src/rp2_common/pico_stdio_usb/reset_interface.c.obj
 .rodata.str1.4
                0x0000000010006f18       0x13 CMakeFiles/Task.dir/home/josue/Documentos/Faculdade/5-Semestre/STR/freertos/pico/pico-sdk/src/rp2_common/pico_stdio_usb/stdio_usb.c.obj
 *fill*         0x0000000010006f2b        0x1 
 .rodata.__bi_182.0
                0x0000000010006f2c        0xc CMakeFiles/Task.dir/home/josue/Documentos/Faculdade/5-Semestre/STR/freertos/pico/pico-sdk/src/rp2_common/pico_stdio_usb/stdio_usb.c.obj
 .rodata.str1.4
                0x0000000010006f38       0x2a CMakeFiles/Task.dir/home/josue/Documentos/Faculdade/5-Semestre/STR/freertos/pico/pico-sdk/src/rp2_common/pico_stdio_usb/stdio_usb_descriptors.c.obj
 *fill*         0x0000000010006f62        0x2 
 .rodata.usbd_desc_cfg
                0x0000000010006f64       0x54 CMakeFiles/Task.dir/home/josue/Documentos/Faculdade/5-Semestre/STR/freertos/pico/pico-sdk/src/rp2_common/pico_stdio_usb/stdio_usb_descriptors.c.obj
 .rodata.usbd_desc_device
                0x0000000010006fb8       0x12 CMakeFiles/Task.dir/home/josue/Documentos/Faculdade/5-Semestre/STR/freertos/pico/pico-sdk/src/rp2_common/pico_stdio_usb/stdio_usb_descriptors.c.obj
 *fill*         0x0000000010006fca        0x2 
 .rodata.usbd_desc_str
                0x0000000010006fcc       0x18 CMakeFiles/Task.dir/home/josue/Documentos/Faculdade/5-Semestre/STR/freertos/pico/pico-sdk/src/rp2_common/pico_stdio_usb/stdio_usb_descriptors.c.obj
 .rodata.str1.4
                0x0000000010006fe4       0x14 CMakeFiles/Task.dir/home/josue/Documentos/Faculdade/5-Semestre/STR/freertos/pico/pico-sdk/lib/tinyusb/src/portable/raspberrypi/rp2040/dcd_rp2040.c.obj
 .rodata.str1.4
                0x0000000010006ff8       0x53 CMakeFiles/Task.dir/home/josue/Documentos/Faculdade/5-Semestre/STR/freertos/pico/pico-sdk/lib/tinyusb/src/portable/raspberrypi/rp2040/rp2040_usb.c.obj
 *fill*         0x000000001000704b        0x1 
 .rodata.tud_task_ext
                0x000000001000704c       0x8c CMakeFiles/Task.dir/home/josue/Documentos/Faculdade/5-Semestre/STR/freertos/pico/pico-sdk/lib/tinyusb/src/device/usbd.c.obj
 .rodata._usbd_driver
                0x00000000100070d8       0x18 CMakeFiles/Task.dir/home/josue/Documentos/Faculdade/5-Semestre/STR/freertos/pico/pico-sdk/lib/tinyusb/src/device/usbd.c.obj
 .rodata.prvTimerTask
                0x00000000100070f0       0x28 CMakeFiles/Task.dir/home/josue/Documentos/Faculdade/5-Semestre/STR/freertos/FreeRTOS-LTS/FreeRTOS/FreeRTOS-Kernel/timers.c.obj
 .rodata.xTimerCreateTimerTask.str1.4
                0x0000000010007118       0x10 CMakeFiles/Task.dir/home/josue/Documentos/Faculdade/5-Semestre/STR/freertos/FreeRTOS-LTS/FreeRTOS/FreeRTOS-Kernel/timers.c.obj
                0x0000000010007128                . = ALIGN (0x4)
 *(SORT_BY_ALIGNMENT(SORT_BY_NAME(.flashdata*)))
                0x0000000010007128                . = ALIGN (0x4)

.ARM.extab
 *(.ARM.extab* .gnu.linkonce.armextab.*)
                0x0000000010007128                __exidx_start = .

.ARM.exidx
 *(.ARM.exidx* .gnu.linkonce.armexidx.*)
                0x0000000010007128                __exidx_end = .
                0x0000000010007128                . = ALIGN (0x4)
                0x0000000010007128                __binary_info_start = .

.binary_info    0x0000000010007128       0x20
 *(.binary_info.keep.*)
 .binary_info.keep.__bi_ptr22
                0x0000000010007128        0x4 CMakeFiles/Task.dir/home/josue/Documentos/Faculdade/5-Semestre/STR/freertos/pico/pico-sdk/src/rp2_common/pico_standard_link/binary_info.c.obj
 .binary_info.keep.__bi_ptr30
                0x000000001000712c        0x4 CMakeFiles/Task.dir/home/josue/Documentos/Faculdade/5-Semestre/STR/freertos/pico/pico-sdk/src/rp2_common/pico_standard_link/binary_info.c.obj
 .binary_info.keep.__bi_ptr38
                0x0000000010007130        0x4 CMakeFiles/Task.dir/home/josue/Documentos/Faculdade/5-Semestre/STR/freertos/pico/pico-sdk/src/rp2_common/pico_standard_link/binary_info.c.obj
 .binary_info.keep.__bi_ptr44
                0x0000000010007134        0x4 CMakeFiles/Task.dir/home/josue/Documentos/Faculdade/5-Semestre/STR/freertos/pico/pico-sdk/src/rp2_common/pico_standard_link/binary_info.c.obj
 .binary_info.keep.__bi_ptr50
                0x0000000010007138        0x4 CMakeFiles/Task.dir/home/josue/Documentos/Faculdade/5-Semestre/STR/freertos/pico/pico-sdk/src/rp2_common/pico_standard_link/binary_info.c.obj
 .binary_info.keep.__bi_ptr75
                0x000000001000713c        0x4 CMakeFiles/Task.dir/home/josue/Documentos/Faculdade/5-Semestre/STR/freertos/pico/pico-sdk/src/rp2_common/pico_standard_link/binary_info.c.obj
 .binary_info.keep.__bi_ptr81
                0x0000000010007140        0x4 CMakeFiles/Task.dir/home/josue/Documentos/Faculdade/5-Semestre/STR/freertos/pico/pico-sdk/src/rp2_common/pico_standard_link/binary_info.c.obj
 *(.binary_info.*)
 .binary_info.__bi_ptr182
                0x0000000010007144        0x4 CMakeFiles/Task.dir/home/josue/Documentos/Faculdade/5-Semestre/STR/freertos/pico/pico-sdk/src/rp2_common/pico_stdio_usb/stdio_usb.c.obj
                0x0000000010007148                __binary_info_end = .

.rel.dyn        0x0000000010007148        0x0
 .rel.iplt      0x0000000010007148        0x0 /usr/lib/gcc/arm-none-eabi/10.3.1/thumb/v6-m/nofp/crtbegin.o
                0x0000000010007148                . = ALIGN (0x4)

.ram_vector_table
                0x0000000020000000       0xc0
 *(.ram_vector_table)
 .ram_vector_table
                0x0000000020000000       0xc0 CMakeFiles/Task.dir/home/josue/Documentos/Faculdade/5-Semestre/STR/freertos/pico/pico-sdk/src/rp2_common/pico_runtime/runtime.c.obj
                0x0000000020000000                ram_vector_table

.data           0x00000000200000c0      0xe60 load address 0x0000000010007148
                0x00000000200000c0                __data_start__ = .
 *(vtable)
 *(.time_critical*)
 .time_critical.mutex_try_enter
                0x00000000200000c0       0x44 CMakeFiles/Task.dir/home/josue/Documentos/Faculdade/5-Semestre/STR/freertos/pico/pico-sdk/src/common/pico_sync/mutex.c.obj
                0x00000000200000c0                mutex_try_enter
 .time_critical.mutex_try_enter_block_until
                0x0000000020000104       0x9c CMakeFiles/Task.dir/home/josue/Documentos/Faculdade/5-Semestre/STR/freertos/pico/pico-sdk/src/common/pico_sync/mutex.c.obj
                0x0000000020000104                mutex_try_enter_block_until
 .time_critical.mutex_enter_timeout_ms
                0x00000000200001a0       0x78 CMakeFiles/Task.dir/home/josue/Documentos/Faculdade/5-Semestre/STR/freertos/pico/pico-sdk/src/common/pico_sync/mutex.c.obj
                0x00000000200001a0                mutex_enter_timeout_ms
 .time_critical.mutex_exit
                0x0000000020000218       0x20 CMakeFiles/Task.dir/home/josue/Documentos/Faculdade/5-Semestre/STR/freertos/pico/pico-sdk/src/common/pico_sync/mutex.c.obj
                0x0000000020000218                mutex_exit
 .time_critical.flash_init_boot2_copyout
                0x0000000020000238       0x30 CMakeFiles/Task.dir/home/josue/Documentos/Faculdade/5-Semestre/STR/freertos/pico/pico-sdk/src/rp2_common/hardware_flash/flash.c.obj
 .time_critical.flash_enable_xip_via_boot2
                0x0000000020000268       0x10 CMakeFiles/Task.dir/home/josue/Documentos/Faculdade/5-Semestre/STR/freertos/pico/pico-sdk/src/rp2_common/hardware_flash/flash.c.obj
 .time_critical.flash_cs_force
                0x0000000020000278       0x38 CMakeFiles/Task.dir/home/josue/Documentos/Faculdade/5-Semestre/STR/freertos/pico/pico-sdk/src/rp2_common/hardware_flash/flash.c.obj
 .time_critical.flash_do_cmd
                0x00000000200002b0       0xc4 CMakeFiles/Task.dir/home/josue/Documentos/Faculdade/5-Semestre/STR/freertos/pico/pico-sdk/src/rp2_common/hardware_flash/flash.c.obj
                0x00000000200002b0                flash_do_cmd
 .time_critical.reset_non_control_endpoints
                0x0000000020000374       0xbc CMakeFiles/Task.dir/home/josue/Documentos/Faculdade/5-Semestre/STR/freertos/pico/pico-sdk/lib/tinyusb/src/portable/raspberrypi/rp2040/dcd_rp2040.c.obj
 .time_critical.hw_handle_buff_status
                0x0000000020000430       0xa8 CMakeFiles/Task.dir/home/josue/Documentos/Faculdade/5-Semestre/STR/freertos/pico/pico-sdk/lib/tinyusb/src/portable/raspberrypi/rp2040/dcd_rp2040.c.obj
 .time_critical.dcd_rp2040_irq
                0x00000000200004d8      0x4d8 CMakeFiles/Task.dir/home/josue/Documentos/Faculdade/5-Semestre/STR/freertos/pico/pico-sdk/lib/tinyusb/src/portable/raspberrypi/rp2040/dcd_rp2040.c.obj
 .time_critical.e15_is_bulkin_ep
                0x00000000200009b0       0x28 CMakeFiles/Task.dir/home/josue/Documentos/Faculdade/5-Semestre/STR/freertos/pico/pico-sdk/lib/tinyusb/src/portable/raspberrypi/rp2040/rp2040_usb.c.obj
 .time_critical.e15_is_critical_frame_period
                0x00000000200009d8       0x34 CMakeFiles/Task.dir/home/josue/Documentos/Faculdade/5-Semestre/STR/freertos/pico/pico-sdk/lib/tinyusb/src/portable/raspberrypi/rp2040/rp2040_usb.c.obj
 .time_critical.prepare_ep_buffer
                0x0000000020000a0c       0x70 CMakeFiles/Task.dir/home/josue/Documentos/Faculdade/5-Semestre/STR/freertos/pico/pico-sdk/lib/tinyusb/src/portable/raspberrypi/rp2040/rp2040_usb.c.obj
 .time_critical.sync_ep_buffer
                0x0000000020000a7c       0x4c CMakeFiles/Task.dir/home/josue/Documentos/Faculdade/5-Semestre/STR/freertos/pico/pico-sdk/lib/tinyusb/src/portable/raspberrypi/rp2040/rp2040_usb.c.obj
 .time_critical._hw_endpoint_xfer_sync
                0x0000000020000ac8       0x28 CMakeFiles/Task.dir/home/josue/Documentos/Faculdade/5-Semestre/STR/freertos/pico/pico-sdk/lib/tinyusb/src/portable/raspberrypi/rp2040/rp2040_usb.c.obj
 .time_critical.hw_endpoint_reset_transfer
                0x0000000020000af0        0xc CMakeFiles/Task.dir/home/josue/Documentos/Faculdade/5-Semestre/STR/freertos/pico/pico-sdk/lib/tinyusb/src/portable/raspberrypi/rp2040/rp2040_usb.c.obj
                0x0000000020000af0                hw_endpoint_reset_transfer
 .time_critical._hw_endpoint_buffer_control_update32
                0x0000000020000afc       0x58 CMakeFiles/Task.dir/home/josue/Documentos/Faculdade/5-Semestre/STR/freertos/pico/pico-sdk/lib/tinyusb/src/portable/raspberrypi/rp2040/rp2040_usb.c.obj
                0x0000000020000afc                _hw_endpoint_buffer_control_update32
 .time_critical.hw_endpoint_start_next_buffer
                0x0000000020000b54       0x6c CMakeFiles/Task.dir/home/josue/Documentos/Faculdade/5-Semestre/STR/freertos/pico/pico-sdk/lib/tinyusb/src/portable/raspberrypi/rp2040/rp2040_usb.c.obj
                0x0000000020000b54                hw_endpoint_start_next_buffer
 .time_critical.hw_endpoint_xfer_continue
                0x0000000020000bc0       0x50 CMakeFiles/Task.dir/home/josue/Documentos/Faculdade/5-Semestre/STR/freertos/pico/pico-sdk/lib/tinyusb/src/portable/raspberrypi/rp2040/rp2040_usb.c.obj
                0x0000000020000bc0                hw_endpoint_xfer_continue
 .time_critical.tinyusb
                0x0000000020000c10      0x170 CMakeFiles/Task.dir/home/josue/Documentos/Faculdade/5-Semestre/STR/freertos/pico/pico-sdk/lib/tinyusb/src/device/usbd.c.obj
                0x0000000020000c10                dcd_event_handler
 *(.text*)
 .text          0x0000000020000d80        0x4 /usr/lib/gcc/arm-none-eabi/10.3.1/thumb/v6-m/nofp/libgcc.a(_dvmd_tls.o)
                0x0000000020000d80                __aeabi_ldiv0
                0x0000000020000d80                __aeabi_idiv0
 *fill*         0x0000000020000d84        0x4 
 .text.__stub   0x0000000020000d88       0x90 linker stubs
                0x0000000020000e18                . = ALIGN (0x4)
 *(.rodata*)
                0x0000000020000e18                . = ALIGN (0x4)
 *(.data*)
 .data.striped_spin_lock_num
                0x0000000020000e18        0x1 CMakeFiles/Task.dir/home/josue/Documentos/Faculdade/5-Semestre/STR/freertos/pico/pico-sdk/src/rp2_common/hardware_sync/sync.c.obj
 *fill*         0x0000000020000e19        0x3 
 .data          0x0000000020000e1c       0x48 CMakeFiles/Task.dir/home/josue/Documentos/Faculdade/5-Semestre/STR/freertos/pico/pico-sdk/src/rp2_common/hardware_irq/irq_handler_chain.S.obj
                0x0000000020000e1c                irq_handler_chain_slots
                0x0000000020000e4c                irq_handler_chain_first_slot
                0x0000000020000e56                irq_handler_chain_remove_tail
 .data.default_alarm_pool
                0x0000000020000e64       0x18 CMakeFiles/Task.dir/home/josue/Documentos/Faculdade/5-Semestre/STR/freertos/pico/pico-sdk/src/common/pico_time/time.c.obj
 .data.default_alarm_pool_heap
                0x0000000020000e7c       0x10 CMakeFiles/Task.dir/home/josue/Documentos/Faculdade/5-Semestre/STR/freertos/pico/pico-sdk/src/common/pico_time/time.c.obj
 *fill*         0x0000000020000e8c        0x4 
 .data.aeabi_bits_funcs
                0x0000000020000e90       0x10 CMakeFiles/Task.dir/home/josue/Documentos/Faculdade/5-Semestre/STR/freertos/pico/pico-sdk/src/rp2_common/pico_bit_ops/bit_ops_aeabi.S.obj
                0x0000000020000e90                aeabi_bits_funcs
                0x0000000020000ea0                aeabi_bits_funcs_end
 .data.aeabi_mem_funcs
                0x0000000020000ea0       0x10 CMakeFiles/Task.dir/home/josue/Documentos/Faculdade/5-Semestre/STR/freertos/pico/pico-sdk/src/rp2_common/pico_mem_ops/mem_ops_aeabi.S.obj
                0x0000000020000ea0                aeabi_mem_funcs
                0x0000000020000eb0                aeabi_mem_funcs_end
 .data.stdio_usb
                0x0000000020000eb0       0x18 CMakeFiles/Task.dir/home/josue/Documentos/Faculdade/5-Semestre/STR/freertos/pico/pico-sdk/src/rp2_common/pico_stdio_usb/stdio_usb.c.obj
                0x0000000020000eb0                stdio_usb
 .data.ep_dir_string
                0x0000000020000ec8        0x8 CMakeFiles/Task.dir/home/josue/Documentos/Faculdade/5-Semestre/STR/freertos/pico/pico-sdk/lib/tinyusb/src/portable/raspberrypi/rp2040/rp2040_usb.c.obj
                0x0000000020000ec8                ep_dir_string
 .data._usbd_qdef
                0x0000000020000ed0       0x1c CMakeFiles/Task.dir/home/josue/Documentos/Faculdade/5-Semestre/STR/freertos/pico/pico-sdk/lib/tinyusb/src/device/usbd.c.obj
                0x0000000020000ed0                _usbd_qdef
 .data._usbd_rhport
                0x0000000020000eec        0x1 CMakeFiles/Task.dir/home/josue/Documentos/Faculdade/5-Semestre/STR/freertos/pico/pico-sdk/lib/tinyusb/src/device/usbd.c.obj
 .data.ucLaunchCoreNum
                0x0000000020000eed        0x1 CMakeFiles/Task.dir/home/josue/Documentos/Faculdade/5-Semestre/STR/freertos/FreeRTOS-LTS/FreeRTOS/FreeRTOS-Kernel/portable/ThirdParty/GCC/RP2040/port.c.obj
 *fill*         0x0000000020000eee        0x2 
 .data.uxTopUsedPriority
                0x0000000020000ef0        0x4 CMakeFiles/Task.dir/home/josue/Documentos/Faculdade/5-Semestre/STR/freertos/FreeRTOS-LTS/FreeRTOS/FreeRTOS-Kernel/tasks.c.obj
                0x0000000020000ef0                uxTopUsedPriority
                0x0000000020000ef4                . = ALIGN (0x4)
 *(.after_data.*)
                0x0000000020000ef4                . = ALIGN (0x4)
                0x0000000020000ef4                PROVIDE (__mutex_array_start = .)
 *(SORT_BY_NAME(.mutex_array.*))
 *(.mutex_array)
 .mutex_array   0x0000000020000ef4        0x8 CMakeFiles/Task.dir/home/josue/Documentos/Faculdade/5-Semestre/STR/freertos/pico/pico-sdk/src/rp2_common/pico_malloc/pico_malloc.c.obj
 .mutex_array   0x0000000020000efc        0x8 CMakeFiles/Task.dir/home/josue/Documentos/Faculdade/5-Semestre/STR/freertos/pico/pico-sdk/src/rp2_common/pico_stdio/stdio.c.obj
                0x0000000020000f04                PROVIDE (__mutex_array_end = .)
                0x0000000020000f04                . = ALIGN (0x4)
                0x0000000020000f04                PROVIDE (__preinit_array_start = .)
 *(SORT_BY_NAME(.preinit_array.*))
 .preinit_array.00001
                0x0000000020000f04        0x4 CMakeFiles/Task.dir/home/josue/Documentos/Faculdade/5-Semestre/STR/freertos/pico/pico-sdk/src/rp2_common/pico_mem_ops/mem_ops_aeabi.S.obj
 .preinit_array.00010
                0x0000000020000f08        0x4 CMakeFiles/Task.dir/home/josue/Documentos/Faculdade/5-Semestre/STR/freertos/pico/pico-sdk/src/rp2_common/pico_bit_ops/bit_ops_aeabi.S.obj
 .preinit_array.00020
                0x0000000020000f0c        0x4 CMakeFiles/Task.dir/home/josue/Documentos/Faculdade/5-Semestre/STR/freertos/pico/pico-sdk/src/rp2_common/pico_double/double_aeabi.S.obj
 .preinit_array.00020
                0x0000000020000f10        0x4 CMakeFiles/Task.dir/home/josue/Documentos/Faculdade/5-Semestre/STR/freertos/pico/pico-sdk/src/rp2_common/pico_float/float_aeabi.S.obj
 *(.preinit_array)
                0x0000000020000f14                PROVIDE (__preinit_array_end = .)
                0x0000000020000f14                . = ALIGN (0x4)
                0x0000000020000f14                PROVIDE (__init_array_start = .)
 *(SORT_BY_NAME(.init_array.*))
 *(.init_array)
 .init_array    0x0000000020000f14        0x4 /usr/lib/gcc/arm-none-eabi/10.3.1/thumb/v6-m/nofp/crtbegin.o
 .init_array    0x0000000020000f18        0x4 CMakeFiles/Task.dir/home/josue/Documentos/Faculdade/5-Semestre/STR/freertos/pico/pico-sdk/src/rp2_common/pico_unique_id/unique_id.c.obj
 .init_array    0x0000000020000f1c        0x4 CMakeFiles/Task.dir/home/josue/Documentos/Faculdade/5-Semestre/STR/freertos/FreeRTOS-LTS/FreeRTOS/FreeRTOS-Kernel/portable/ThirdParty/GCC/RP2040/port.c.obj
                0x0000000020000f20                PROVIDE (__init_array_end = .)
                0x0000000020000f20                . = ALIGN (0x4)
                0x0000000020000f20                PROVIDE (__fini_array_start = .)
 *(SORT_BY_NAME(.fini_array.*))
 *(.fini_array)
                0x0000000020000f20                PROVIDE (__fini_array_end = .)
 *(.jcr)
                0x0000000020000f20                . = ALIGN (0x4)
                0x0000000020000f20                __data_end__ = .
                0x0000000010007148                __etext = LOADADDR (.data)

.tm_clone_table
                0x0000000020000f20        0x0 load address 0x0000000010007fa8
 .tm_clone_table
                0x0000000020000f20        0x0 /usr/lib/gcc/arm-none-eabi/10.3.1/thumb/v6-m/nofp/crtbegin.o
 .tm_clone_table
                0x0000000020000f20        0x0 /usr/lib/gcc/arm-none-eabi/10.3.1/thumb/v6-m/nofp/crtend.o

.igot.plt       0x0000000020000f20        0x0 load address 0x0000000010007fa8
 .igot.plt      0x0000000020000f20        0x0 /usr/lib/gcc/arm-none-eabi/10.3.1/thumb/v6-m/nofp/crtbegin.o

.uninitialized_data
                0x0000000020000f20        0x0 load address 0x0000000010007fa8
                0x0000000020000f20                . = ALIGN (0x4)
 *(.uninitialized_data*)

.scratch_x      0x0000000020040000        0x0 load address 0x0000000010007fa8
                0x0000000020040000                __scratch_x_start__ = .
 *(.scratch_x.*)
                0x0000000020040000                . = ALIGN (0x4)
                0x0000000020040000                __scratch_x_end__ = .
                0x0000000010007fa8                __scratch_x_source__ = LOADADDR (.scratch_x)

.scratch_y      0x0000000020041000        0x0 load address 0x0000000010007fa8
                0x0000000020041000                __scratch_y_start__ = .
 *(.scratch_y.*)
                0x0000000020041000                . = ALIGN (0x4)
                0x0000000020041000                __scratch_y_end__ = .
                0x0000000010007fa8                __scratch_y_source__ = LOADADDR (.scratch_y)

.bss            0x0000000020000f20    0x21158
                0x0000000020000f20                . = ALIGN (0x4)
                0x0000000020000f20                __bss_start__ = .
 *(SORT_BY_ALIGNMENT(SORT_BY_NAME(.bss*)))
 .bss.default_alarm_pool_entries
                0x0000000020000f20      0x100 CMakeFiles/Task.dir/home/josue/Documentos/Faculdade/5-Semestre/STR/freertos/pico/pico-sdk/src/common/pico_time/time.c.obj
 .bss.last_avail_time.1
                0x0000000020001020        0x8 CMakeFiles/Task.dir/home/josue/Documentos/Faculdade/5-Semestre/STR/freertos/pico/pico-sdk/src/rp2_common/pico_stdio_usb/stdio_usb.c.obj
 .bss.sd_table  0x0000000020001028      0x100 CMakeFiles/Task.dir/home/josue/Documentos/Faculdade/5-Semestre/STR/freertos/pico/pico-sdk/src/rp2_common/pico_double/double_init_rom.c.obj
                0x0000000020001028                sd_table
 .bss.sf_table  0x0000000020001128      0x100 CMakeFiles/Task.dir/home/josue/Documentos/Faculdade/5-Semestre/STR/freertos/pico/pico-sdk/src/rp2_common/pico_float/float_init_rom.c.obj
                0x0000000020001128                sf_table
 .bss.xQueueRegistry
                0x0000000020001228       0x40 CMakeFiles/Task.dir/home/josue/Documentos/Faculdade/5-Semestre/STR/freertos/FreeRTOS-LTS/FreeRTOS/FreeRTOS-Kernel/queue.c.obj
                0x0000000020001228                xQueueRegistry
 .bss           0x0000000020001268       0x1c /usr/lib/gcc/arm-none-eabi/10.3.1/thumb/v6-m/nofp/crtbegin.o
 .bss._app_driver
                0x0000000020001284        0x4 CMakeFiles/Task.dir/home/josue/Documentos/Faculdade/5-Semestre/STR/freertos/pico/pico-sdk/lib/tinyusb/src/device/usbd.c.obj
 .bss._cdcd_itf
                0x0000000020001288      0x2c8 CMakeFiles/Task.dir/home/josue/Documentos/Faculdade/5-Semestre/STR/freertos/pico/pico-sdk/lib/tinyusb/src/class/cdc/cdc_device.c.obj
 .bss._ctrl_xfer
                0x0000000020001550       0x14 CMakeFiles/Task.dir/home/josue/Documentos/Faculdade/5-Semestre/STR/freertos/pico/pico-sdk/lib/tinyusb/src/device/usbd_control.c.obj
 .bss._ubsd_mutexdef
                0x0000000020001564        0x8 CMakeFiles/Task.dir/home/josue/Documentos/Faculdade/5-Semestre/STR/freertos/pico/pico-sdk/lib/tinyusb/src/device/usbd.c.obj
 .bss._usbd_ctrl_buf
                0x000000002000156c       0x40 CMakeFiles/Task.dir/home/josue/Documentos/Faculdade/5-Semestre/STR/freertos/pico/pico-sdk/lib/tinyusb/src/device/usbd_control.c.obj
 .bss._usbd_dev
                0x00000000200015ac       0x53 CMakeFiles/Task.dir/home/josue/Documentos/Faculdade/5-Semestre/STR/freertos/pico/pico-sdk/lib/tinyusb/src/device/usbd.c.obj
 *fill*         0x00000000200015ff        0x1 
 .bss._usbd_mutex
                0x0000000020001600        0x4 CMakeFiles/Task.dir/home/josue/Documentos/Faculdade/5-Semestre/STR/freertos/pico/pico-sdk/lib/tinyusb/src/device/usbd.c.obj
 .bss._usbd_q   0x0000000020001604        0x4 CMakeFiles/Task.dir/home/josue/Documentos/Faculdade/5-Semestre/STR/freertos/pico/pico-sdk/lib/tinyusb/src/device/usbd.c.obj
 .bss._usbd_qdef_buf
                0x0000000020001608       0xc0 CMakeFiles/Task.dir/home/josue/Documentos/Faculdade/5-Semestre/STR/freertos/pico/pico-sdk/lib/tinyusb/src/device/usbd.c.obj
                0x0000000020001608                _usbd_qdef_buf
 .bss.adcQueue  0x00000000200016c8        0x4 CMakeFiles/Task.dir/src/main.c.obj
                0x00000000200016c8                adcQueue
 .bss.alarm_callbacks
                0x00000000200016cc       0x10 CMakeFiles/Task.dir/home/josue/Documentos/Faculdade/5-Semestre/STR/freertos/pico/pico-sdk/src/rp2_common/hardware_timer/timer.c.obj
 .bss.boot2_copyout
                0x00000000200016dc      0x100 CMakeFiles/Task.dir/home/josue/Documentos/Faculdade/5-Semestre/STR/freertos/pico/pico-sdk/src/rp2_common/hardware_flash/flash.c.obj
 .bss.chars_available_callback
                0x00000000200017dc        0x4 CMakeFiles/Task.dir/home/josue/Documentos/Faculdade/5-Semestre/STR/freertos/pico/pico-sdk/src/rp2_common/pico_stdio_usb/stdio_usb.c.obj
 .bss.chars_available_param
                0x00000000200017e0        0x4 CMakeFiles/Task.dir/home/josue/Documentos/Faculdade/5-Semestre/STR/freertos/pico/pico-sdk/src/rp2_common/pico_stdio_usb/stdio_usb.c.obj
 .bss.claimed   0x00000000200017e4        0x4 CMakeFiles/Task.dir/home/josue/Documentos/Faculdade/5-Semestre/STR/freertos/pico/pico-sdk/src/rp2_common/hardware_sync/sync.c.obj
 .bss.configured_freq
                0x00000000200017e8       0x28 CMakeFiles/Task.dir/home/josue/Documentos/Faculdade/5-Semestre/STR/freertos/pico/pico-sdk/src/rp2_common/hardware_clocks/clocks.c.obj
 .bss.default_alarm_pool_entry_ids_high
                0x0000000020001810       0x10 CMakeFiles/Task.dir/home/josue/Documentos/Faculdade/5-Semestre/STR/freertos/pico/pico-sdk/src/common/pico_time/time.c.obj
 .bss.default_alarm_pool_heap_nodes
                0x0000000020001820       0x30 CMakeFiles/Task.dir/home/josue/Documentos/Faculdade/5-Semestre/STR/freertos/pico/pico-sdk/src/common/pico_time/time.c.obj
 .bss.desc_str.0