Archive member included to satisfy reference by file (symbol)

/usr/lib/gcc/arm-none-eabi/10.3.1/thumb/v6-m/nofp/libgcc.a(_dvmd_tls.o)
                              CMakeFiles/Task.dir/home/josue/Documentos/Faculdade/5-Semestre/STR/freertos/pico/pico-sdk/src/rp2_common/pico_divider/divider.S.obj (__aeabi_idiv0)
/usr/lib/gcc/arm-none-eabi/10.3.1/../../../arm-none-eabi/lib/thumb/v6-m/nofp/libc.a(lib_a-atexit.o)
                              /usr/lib/gcc/arm-none-eabi/10.3.1/../../../arm-none-eabi/lib/thumb/v6-m/nofp/crt0.o (atexit)
/usr/lib/gcc/arm-none-eabi/10.3.1/../../../arm-none-eabi/lib/thumb/v6-m/nofp/libc.a(lib_a-calloc.o)
                              CMakeFiles/Task.dir/home/josue/Documentos/Faculdade/5-Semestre/STR/freertos/pico/pico-sdk/src/rp2_common/pico_malloc/pico_malloc.c.obj (calloc)
/usr/lib/gcc/arm-none-eabi/10.3.1/../../../arm-none-eabi/lib/thumb/v6-m/nofp/libc.a(lib_a-callocr.o)
                              /usr/lib/gcc/arm-none-eabi/10.3.1/../../../arm-none-eabi/lib/thumb/v6-m/nofp/libc.a(lib_a-calloc.o) (_calloc_r)
/usr/lib/gcc/arm-none-eabi/10.3.1/../../../arm-none-eabi/lib/thumb/v6-m/nofp/libc.a(lib_a-fini.o)
                              /usr/lib/gcc/arm-none-eabi/10.3.1/../../../arm-none-eabi/lib/thumb/v6-m/nofp/crt0.o (__libc_fini_array)
/usr/lib/gcc/arm-none-eabi/10.3.1/../../../arm-none-eabi/lib/thumb/v6-m/nofp/libc.a(lib_a-impure.o)
                              /usr/lib/gcc/arm-none-eabi/10.3.1/../../../arm-none-eabi/lib/thumb/v6-m/nofp/libc.a(lib_a-calloc.o) (_impure_ptr)
/usr/lib/gcc/arm-none-eabi/10.3.1/../../../arm-none-eabi/lib/thumb/v6-m/nofp/libc.a(lib_a-init.o)
                              /usr/lib/gcc/arm-none-eabi/10.3.1/../../../arm-none-eabi/lib/thumb/v6-m/nofp/crt0.o (__libc_init_array)
/usr/lib/gcc/arm-none-eabi/10.3.1/../../../arm-none-eabi/lib/thumb/v6-m/nofp/libc.a(lib_a-malloc.o)
                              CMakeFiles/Task.dir/home/josue/Documentos/Faculdade/5-Semestre/STR/freertos/pico/pico-sdk/src/rp2_common/pico_malloc/pico_malloc.c.obj (malloc)
/usr/lib/gcc/arm-none-eabi/10.3.1/../../../arm-none-eabi/lib/thumb/v6-m/nofp/libc.a(lib_a-mallocr.o)
                              /usr/lib/gcc/arm-none-eabi/10.3.1/../../../arm-none-eabi/lib/thumb/v6-m/nofp/libc.a(lib_a-callocr.o) (_malloc_r)
/usr/lib/gcc/arm-none-eabi/10.3.1/../../../arm-none-eabi/lib/thumb/v6-m/nofp/libc.a(lib_a-mlock.o)
                              /usr/lib/gcc/arm-none-eabi/10.3.1/../../../arm-none-eabi/lib/thumb/v6-m/nofp/libc.a(lib_a-mallocr.o) (__malloc_lock)
/usr/lib/gcc/arm-none-eabi/10.3.1/../../../arm-none-eabi/lib/thumb/v6-m/nofp/libc.a(lib_a-realloc.o)
                              CMakeFiles/Task.dir/home/josue/Documentos/Faculdade/5-Semestre/STR/freertos/pico/pico-sdk/src/rp2_common/pico_malloc/pico_malloc.c.obj (realloc)
/usr/lib/gcc/arm-none-eabi/10.3.1/../../../arm-none-eabi/lib/thumb/v6-m/nofp/libc.a(lib_a-reallocr.o)
                              /usr/lib/gcc/arm-none-eabi/10.3.1/../../../arm-none-eabi/lib/thumb/v6-m/nofp/libc.a(lib_a-realloc.o) (_realloc_r)
/usr/lib/gcc/arm-none-eabi/10.3.1/../../../arm-none-eabi/lib/thumb/v6-m/nofp/libc.a(lib_a-sbrkr.o)
                              /usr/lib/gcc/arm-none-eabi/10.3.1/../../../arm-none-eabi/lib/thumb/v6-m/nofp/libc.a(lib_a-mallocr.o) (_sbrk_r)
/usr/lib/gcc/arm-none-eabi/10.3.1/../../../arm-none-eabi/lib/thumb/v6-m/nofp/libc.a(lib_a-strlen-stub.o)
                              CMakeFiles/Task.dir/home/josue/Documentos/Faculdade/5-Semestre/STR/freertos/pico/pico-sdk/src/rp2_common/pico_stdio/stdio.c.obj (strlen)
/usr/lib/gcc/arm-none-eabi/10.3.1/../../../arm-none-eabi/lib/thumb/v6-m/nofp/libc.a(lib_a-__atexit.o)
                              /usr/lib/gcc/arm-none-eabi/10.3.1/../../../arm-none-eabi/lib/thumb/v6-m/nofp/libc.a(lib_a-atexit.o) (__register_exitproc)
/usr/lib/gcc/arm-none-eabi/10.3.1/../../../arm-none-eabi/lib/thumb/v6-m/nofp/libc.a(lib_a-freer.o)
                              /usr/lib/gcc/arm-none-eabi/10.3.1/../../../arm-none-eabi/lib/thumb/v6-m/nofp/libc.a(lib_a-malloc.o) (_free_r)
/usr/lib/gcc/arm-none-eabi/10.3.1/../../../arm-none-eabi/lib/thumb/v6-m/nofp/libc.a(lib_a-memmove.o)
                              /usr/lib/gcc/arm-none-eabi/10.3.1/../../../arm-none-eabi/lib/thumb/v6-m/nofp/libc.a(lib_a-reallocr.o) (memmove)
/usr/lib/gcc/arm-none-eabi/10.3.1/../../../arm-none-eabi/lib/thumb/v6-m/nofp/libc.a(lib_a-reent.o)
                              /usr/lib/gcc/arm-none-eabi/10.3.1/../../../arm-none-eabi/lib/thumb/v6-m/nofp/libc.a(lib_a-sbrkr.o) (errno)

Discarded input sections

 .text          0x0000000000000000        0x0 /usr/lib/gcc/arm-none-eabi/10.3.1/thumb/v6-m/nofp/crti.o
 .data          0x0000000000000000        0x0 /usr/lib/gcc/arm-none-eabi/10.3.1/thumb/v6-m/nofp/crti.o
 .bss           0x0000000000000000        0x0 /usr/lib/gcc/arm-none-eabi/10.3.1/thumb/v6-m/nofp/crti.o
 .data          0x0000000000000000        0x4 /usr/lib/gcc/arm-none-eabi/10.3.1/thumb/v6-m/nofp/crtbegin.o
[...]
Memory Configuration

Name             Origin             Length             Attributes
FLASH            0x0000000010000000 0x0000000000200000 xr
RAM              0x0000000020000000 0x0000000000040000 xrw
SCRATCH_X        0x0000000020040000 0x0000000000001000 xrw
SCRATCH_Y        0x0000000020041000 0x0000000000001000 xrw
*default*        0x0000000000000000 0xffffffffffffffff

Linker script and memory map

LOAD /usr/lib/gcc/arm-none-eabi/10.3.1/thumb/v6-m/nofp/crti.o
LOAD /usr/lib/gcc/arm-none-eabi/10.3.1/thumb/v6-m/nofp/crtbegin.o
LOAD /usr/lib/gcc/arm-none-eabi/10.3.1/../../../arm-none-eabi/lib/thumb/v6-m/nofp/crt0.o

.flash_begin    0x0000000010000000        0x0
                0x0000000010000000                __flash_binary_start = .

.boot2          0x0000000010000000      0x100
                0x0000000010000000                __boot2_start__ = .
 *(.boot2)
 .boot2         0x0000000010000000      0x100 /tmp/ccRpFltu.o
                0x0000000010000100                __boot2_end__ = .
                0x0000000000000001                ASSERT (((__boot2_end__ - __boot2_start__) == 0x100), ERROR: Pico second stage bootloader must be 256 bytes in size)

.text           0x0000000010000100     0x6e48
                0x0000000010000100                __logical_binary_start = .
 *(.vectors)
 .vectors       0x0000000010000100       0xd4 CMakeFiles/Task.dir/home/josue/Documentos/Faculdade/5-Semestre/STR/freertos/pico/pico-sdk/src/rp2_common/pico_standard_link/crt0.S.obj
                0x0000000010000100                __vectors
                0x0000000010000100                __VECTOR_TABLE
                0x00000000100001c0                isr_invalid
                0x00000000100001c0                __default_isrs_start
                0x00000000100001c2                isr_nmi
                0x00000000100001c4                isr_hardfault
                0x00000000100001c6                isr_svcall
                0x00000000100001c8                isr_pendsv
                0x00000000100001ca                isr_systick
                0x00000000100001cc                isr_irq30
                0x00000000100001cc                __unhandled_user_irq
                0x00000000100001cc                isr_irq13
                0x00000000100001cc                isr_irq27
                0x00000000100001cc                isr_irq31
                0x00000000100001cc                isr_irq5
                0x00000000100001cc                isr_irq11
                0x00000000100001cc                isr_irq23
                0x00000000100001cc                isr_irq18
                0x00000000100001cc                isr_irq28
                0x00000000100001cc                isr_irq19
                0x00000000100001cc                isr_irq0
                0x00000000100001cc                isr_irq6
                0x00000000100001cc                isr_irq22
                0x00000000100001cc                isr_irq17
                0x00000000100001cc                isr_irq14
                0x00000000100001cc                isr_irq2
                0x00000000100001cc                isr_irq10
                0x00000000100001cc                isr_irq8
                0x00000000100001cc                isr_irq24
                0x00000000100001cc                isr_irq1
                0x00000000100001cc                isr_irq7
                0x00000000100001cc                isr_irq21
                0x00000000100001cc                isr_irq20
                0x00000000100001cc                isr_irq15
                0x00000000100001cc                isr_irq25
                0x00000000100001cc                isr_irq4
                0x00000000100001cc                isr_irq16
                0x00000000100001cc                isr_irq29
                0x00000000100001cc                isr_irq26
                0x00000000100001cc                __default_isrs_end
                0x00000000100001cc                isr_irq3
                0x00000000100001cc                isr_irq12
                0x00000000100001cc                isr_irq9
                0x00000000100001d2                unhandled_user_irq_num_in_r0
 *(.binary_info_header)
 .binary_info_header
                0x00000000100001d4       0x14 CMakeFiles/Task.dir/home/josue/Documentos/Faculdade/5-Semestre/STR/freertos/pico/pico-sdk/src/rp2_common/pico_standard_link/crt0.S.obj
                0x00000000100001e8                __binary_info_header_end = .
 *(.reset)
 .reset         0x00000000100001e8       0xa0 CMakeFiles/Task.dir/home/josue/Documentos/Faculdade/5-Semestre/STR/freertos/pico/pico-sdk/src/rp2_common/pico_standard_link/crt0.S.obj
                0x00000000100001e8                _entry_point
 .reset         0x0000000010000288       0x30 CMakeFiles/Task.dir/home/josue/Documentos/Faculdade/5-Semestre/STR/freertos/pico/pico-sdk/src/rp2_common/pico_standard_link/binary_info.c.obj
 *(.init)
 .init          0x00000000100002b8        0x4 /usr/lib/gcc/arm-none-eabi/10.3.1/thumb/v6-m/nofp/crti.o
                0x00000000100002b8                _init
 *(EXCLUDE_FILE(*libm.a: *libc.a:*lib_a-mem*.o *libgcc.a:) .text*)
 .text          0x00000000100002bc       0x98 /usr/lib/gcc/arm-none-eabi/10.3.1/thumb/v6-m/nofp/crtbegin.o
 .text.taskMsg  0x0000000010000354       0x50 CMakeFiles/Task.dir/src/main.c.obj
                0x0000000010000354                taskMsg
 .text.startup.main
                0x00000000100003a4       0x60 CMakeFiles/Task.dir/src/main.c.obj
                0x00000000100003a4                main
 .text.running_on_fpga
                0x0000000010000404       0x10 CMakeFiles/Task.dir/home/josue/Documentos/Faculdade/5-Semestre/STR/freertos/pico/pico-sdk/src/rp2_common/pico_platform/platform.c.obj
                0x0000000010000404                running_on_fpga
 .text.hw_claim_or_assert
                0x0000000010000414       0x44 CMakeFiles/Task.dir/home/josue/Documentos/Faculdade/5-Semestre/STR/freertos/pico/pico-sdk/src/rp2_common/hardware_claim/claim.c.obj
                0x0000000010000414                hw_claim_or_assert
 .text.hw_claim_unused_from_range
                0x0000000010000458       0x9c CMakeFiles/Task.dir/home/josue/Documentos/Faculdade/5-Semestre/STR/freertos/pico/pico-sdk/src/rp2_common/hardware_claim/claim.c.obj
                0x0000000010000458                hw_claim_unused_from_range
 .text.spin_locks_reset
                0x00000000100004f4       0x1c CMakeFiles/Task.dir/home/josue/Documentos/Faculdade/5-Semestre/STR/freertos/pico/pico-sdk/src/rp2_common/hardware_sync/sync.c.obj
                0x00000000100004f4                spin_locks_reset
 .text.next_striped_spin_lock_num
                0x0000000010000510       0x18 CMakeFiles/Task.dir/home/josue/Documentos/Faculdade/5-Semestre/STR/freertos/pico/pico-sdk/src/rp2_common/hardware_sync/sync.c.obj
                0x0000000010000510                next_striped_spin_lock_num
 .text.spin_lock_claim_unused
                0x0000000010000528       0x20 CMakeFiles/Task.dir/home/josue/Documentos/Faculdade/5-Semestre/STR/freertos/pico/pico-sdk/src/rp2_common/hardware_sync/sync.c.obj
                0x0000000010000528                spin_lock_claim_unused
 .text.irq_set_enabled
                0x0000000010000548       0x24 CMakeFiles/Task.dir/home/josue/Documentos/Faculdade/5-Semestre/STR/freertos/pico/pico-sdk/src/rp2_common/hardware_irq/irq.c.obj
                0x0000000010000548                irq_set_enabled
 .text.irq_set_pending
                0x000000001000056c       0x10 CMakeFiles/Task.dir/home/josue/Documentos/Faculdade/5-Semestre/STR/freertos/pico/pico-sdk/src/rp2_common/hardware_irq/irq.c.obj
                0x000000001000056c                irq_set_pending
 .text.irq_has_shared_handler
                0x000000001000057c       0x2c CMakeFiles/Task.dir/home/josue/Documentos/Faculdade/5-Semestre/STR/freertos/pico/pico-sdk/src/rp2_common/hardware_irq/irq.c.obj
                0x000000001000057c                irq_has_shared_handler
 .text.irq_get_vtable_handler
                0x00000000100005a8       0x10 CMakeFiles/Task.dir/home/josue/Documentos/Faculdade/5-Semestre/STR/freertos/pico/pico-sdk/src/rp2_common/hardware_irq/irq.c.obj
                0x00000000100005a8                irq_get_vtable_handler
 .text.irq_set_exclusive_handler
                0x00000000100005b8       0x54 CMakeFiles/Task.dir/home/josue/Documentos/Faculdade/5-Semestre/STR/freertos/pico/pico-sdk/src/rp2_common/hardware_irq/irq.c.obj
                0x00000000100005b8                irq_set_exclusive_handler
 .text.irq_add_shared_handler
                0x000000001000060c      0x1e8 CMakeFiles/Task.dir/home/josue/Documentos/Faculdade/5-Semestre/STR/freertos/pico/pico-sdk/src/rp2_common/hardware_irq/irq.c.obj
                0x000000001000060c                irq_add_shared_handler
 .text.irq_remove_handler
                0x00000000100007f4      0x1b0 CMakeFiles/Task.dir/home/josue/Documentos/Faculdade/5-Semestre/STR/freertos/pico/pico-sdk/src/rp2_common/hardware_irq/irq.c.obj
                0x00000000100007f4                irq_remove_handler
 .text.irq_add_tail_to_free_list
                0x00000000100009a4       0xb4 CMakeFiles/Task.dir/home/josue/Documentos/Faculdade/5-Semestre/STR/freertos/pico/pico-sdk/src/rp2_common/hardware_irq/irq.c.obj
                0x00000000100009a4                irq_add_tail_to_free_list
 .text.irq_init_priorities
                0x0000000010000a58       0x24 CMakeFiles/Task.dir/home/josue/Documentos/Faculdade/5-Semestre/STR/freertos/pico/pico-sdk/src/rp2_common/hardware_irq/irq.c.obj
                0x0000000010000a58                irq_init_priorities
 .text.user_irq_claim_unused
                0x0000000010000a7c       0x28 CMakeFiles/Task.dir/home/josue/Documentos/Faculdade/5-Semestre/STR/freertos/pico/pico-sdk/src/rp2_common/hardware_irq/irq.c.obj
                0x0000000010000a7c                user_irq_claim_unused
 .text.lock_init
                0x0000000010000aa4       0x10 CMakeFiles/Task.dir/home/josue/Documentos/Faculdade/5-Semestre/STR/freertos/pico/pico-sdk/src/common/pico_sync/lock_core.c.obj
                0x0000000010000aa4                lock_init
 .text.mutex_init
                0x0000000010000ab4       0x1c CMakeFiles/Task.dir/home/josue/Documentos/Faculdade/5-Semestre/STR/freertos/pico/pico-sdk/src/common/pico_sync/mutex.c.obj
                0x0000000010000ab4                mutex_init
 .text.recursive_mutex_init
                0x0000000010000ad0       0x20 CMakeFiles/Task.dir/home/josue/Documentos/Faculdade/5-Semestre/STR/freertos/pico/pico-sdk/src/common/pico_sync/mutex.c.obj
                0x0000000010000ad0                recursive_mutex_init
 .text.critical_section_init
                0x0000000010000af0       0x20 CMakeFiles/Task.dir/home/josue/Documentos/Faculdade/5-Semestre/STR/freertos/pico/pico-sdk/src/common/pico_sync/critical_section.c.obj
                0x0000000010000af0                critical_section_init
 .text.critical_section_init_with_lock_num
                0x0000000010000b10       0x14 CMakeFiles/Task.dir/home/josue/Documentos/Faculdade/5-Semestre/STR/freertos/pico/pico-sdk/src/common/pico_sync/critical_section.c.obj
                0x0000000010000b10                critical_section_init_with_lock_num
 .text.timer_pool_entry_comparator
                0x0000000010000b24       0x34 CMakeFiles/Task.dir/home/josue/Documentos/Faculdade/5-Semestre/STR/freertos/pico/pico-sdk/src/common/pico_time/time.c.obj
                0x0000000010000b24                timer_pool_entry_comparator
 .text.sleep_until_callback
                0x0000000010000b58       0x24 CMakeFiles/Task.dir/home/josue/Documentos/Faculdade/5-Semestre/STR/freertos/pico/pico-sdk/src/common/pico_time/time.c.obj
 .text.add_alarm_under_lock.isra.0
                0x0000000010000b7c      0x100 CMakeFiles/Task.dir/home/josue/Documentos/Faculdade/5-Semestre/STR/freertos/pico/pico-sdk/src/common/pico_time/time.c.obj
 .text.alarm_pool_alarm_callback
                0x0000000010000c7c      0x1bc CMakeFiles/Task.dir/home/josue/Documentos/Faculdade/5-Semestre/STR/freertos/pico/pico-sdk/src/common/pico_time/time.c.obj
 .text.alarm_pool_init_default
                0x0000000010000e38       0x6c CMakeFiles/Task.dir/home/josue/Documentos/Faculdade/5-Semestre/STR/freertos/pico/pico-sdk/src/common/pico_time/time.c.obj
                0x0000000010000e38                alarm_pool_init_default
 .text.alarm_pool_get_default
                0x0000000010000ea4        0x8 CMakeFiles/Task.dir/home/josue/Documentos/Faculdade/5-Semestre/STR/freertos/pico/pico-sdk/src/common/pico_time/time.c.obj
                0x0000000010000ea4                alarm_pool_get_default
 .text.alarm_pool_add_alarm_at
                0x0000000010000eac      0x178 CMakeFiles/Task.dir/home/josue/Documentos/Faculdade/5-Semestre/STR/freertos/pico/pico-sdk/src/common/pico_time/time.c.obj
                0x0000000010000eac                alarm_pool_add_alarm_at
 .text.alarm_pool_core_num
                0x0000000010001024        0x4 CMakeFiles/Task.dir/home/josue/Documentos/Faculdade/5-Semestre/STR/freertos/pico/pico-sdk/src/common/pico_time/time.c.obj
                0x0000000010001024                alarm_pool_core_num
 .text.best_effort_wfe_or_timeout
                0x0000000010001028       0xd4 CMakeFiles/Task.dir/home/josue/Documentos/Faculdade/5-Semestre/STR/freertos/pico/pico-sdk/src/common/pico_time/time.c.obj
                0x0000000010001028                best_effort_wfe_or_timeout
 .text.hardware_alarm_irq_handler
                0x00000000100010fc       0xbc CMakeFiles/Task.dir/home/josue/Documentos/Faculdade/5-Semestre/STR/freertos/pico/pico-sdk/src/rp2_common/hardware_timer/timer.c.obj
 .text.hardware_alarm_claim
                0x00000000100011b8       0x18 CMakeFiles/Task.dir/home/josue/Documentos/Faculdade/5-Semestre/STR/freertos/pico/pico-sdk/src/rp2_common/hardware_timer/timer.c.obj
                0x00000000100011b8                hardware_alarm_claim
 .text.time_us_64
                0x00000000100011d0       0x14 CMakeFiles/Task.dir/home/josue/Documentos/Faculdade/5-Semestre/STR/freertos/pico/pico-sdk/src/rp2_common/hardware_timer/timer.c.obj
                0x00000000100011d0                time_us_64
 .text.hardware_alarm_set_callback
                0x00000000100011e4       0x8c CMakeFiles/Task.dir/home/josue/Documentos/Faculdade/5-Semestre/STR/freertos/pico/pico-sdk/src/rp2_common/hardware_timer/timer.c.obj
                0x00000000100011e4                hardware_alarm_set_callback
 .text.hardware_alarm_set_target
                0x0000000010001270       0xd4 CMakeFiles/Task.dir/home/josue/Documentos/Faculdade/5-Semestre/STR/freertos/pico/pico-sdk/src/rp2_common/hardware_timer/timer.c.obj
                0x0000000010001270                hardware_alarm_set_target
 .text.hardware_alarm_cancel
                0x0000000010001344       0x3c CMakeFiles/Task.dir/home/josue/Documentos/Faculdade/5-Semestre/STR/freertos/pico/pico-sdk/src/rp2_common/hardware_timer/timer.c.obj
                0x0000000010001344                hardware_alarm_cancel
 .text.ph_merge_nodes
                0x0000000010001380       0x68 CMakeFiles/Task.dir/home/josue/Documentos/Faculdade/5-Semestre/STR/freertos/pico/pico-sdk/src/common/pico_util/pheap.c.obj
 .text.ph_post_alloc_init
                0x00000000100013e8       0x3c CMakeFiles/Task.dir/home/josue/Documentos/Faculdade/5-Semestre/STR/freertos/pico/pico-sdk/src/common/pico_util/pheap.c.obj
                0x00000000100013e8                ph_post_alloc_init
 .text.ph_merge_two_pass
                0x0000000010001424       0x90 CMakeFiles/Task.dir/home/josue/Documentos/Faculdade/5-Semestre/STR/freertos/pico/pico-sdk/src/common/pico_util/pheap.c.obj
                0x0000000010001424                ph_merge_two_pass
 .text.ph_remove_any_head
                0x00000000100014b4      0x100 CMakeFiles/Task.dir/home/josue/Documentos/Faculdade/5-Semestre/STR/freertos/pico/pico-sdk/src/common/pico_util/pheap.c.obj
 .text.ph_remove_head
                0x00000000100015b4      0x104 CMakeFiles/Task.dir/home/josue/Documentos/Faculdade/5-Semestre/STR/freertos/pico/pico-sdk/src/common/pico_util/pheap.c.obj
                0x00000000100015b4                ph_remove_head
 .text.ph_remove_and_free_node
                0x00000000100016b8       0x7c CMakeFiles/Task.dir/home/josue/Documentos/Faculdade/5-Semestre/STR/freertos/pico/pico-sdk/src/common/pico_util/pheap.c.obj
                0x00000000100016b8                ph_remove_and_free_node
 .text.clocks_init
                0x0000000010001734      0x2d0 CMakeFiles/Task.dir/home/josue/Documentos/Faculdade/5-Semestre/STR/freertos/pico/pico-sdk/src/rp2_common/hardware_clocks/clocks.c.obj
                0x0000000010001734                clocks_init
 .text.clock_get_hz
                0x0000000010001a04        0xc CMakeFiles/Task.dir/home/josue/Documentos/Faculdade/5-Semestre/STR/freertos/pico/pico-sdk/src/rp2_common/hardware_clocks/clocks.c.obj
                0x0000000010001a04                clock_get_hz
 .text.pll_init
                0x0000000010001a10       0xa0 CMakeFiles/Task.dir/home/josue/Documentos/Faculdade/5-Semestre/STR/freertos/pico/pico-sdk/src/rp2_common/hardware_pll/pll.c.obj
                0x0000000010001a10                pll_init
 .text.watchdog_start_tick
                0x0000000010001ab0       0x10 CMakeFiles/Task.dir/home/josue/Documentos/Faculdade/5-Semestre/STR/freertos/pico/pico-sdk/src/rp2_common/hardware_watchdog/watchdog.c.obj
                0x0000000010001ab0                watchdog_start_tick
 .text.watchdog_reboot
                0x0000000010001ac0       0x98 CMakeFiles/Task.dir/home/josue/Documentos/Faculdade/5-Semestre/STR/freertos/pico/pico-sdk/src/rp2_common/hardware_watchdog/watchdog.c.obj
                0x0000000010001ac0                watchdog_reboot
 .text.xosc_init
                0x0000000010001b58       0x28 CMakeFiles/Task.dir/home/josue/Documentos/Faculdade/5-Semestre/STR/freertos/pico/pico-sdk/src/rp2_common/hardware_xosc/xosc.c.obj
                0x0000000010001b58                xosc_init
 .text.runtime_init
                0x0000000010001b80       0xf0 CMakeFiles/Task.dir/home/josue/Documentos/Faculdade/5-Semestre/STR/freertos/pico/pico-sdk/src/rp2_common/pico_runtime/runtime.c.obj
                0x0000000010001b80                runtime_init
 .text._exit    0x0000000010001c70        0x4 CMakeFiles/Task.dir/home/josue/Documentos/Faculdade/5-Semestre/STR/freertos/pico/pico-sdk/src/rp2_common/pico_runtime/runtime.c.obj
                0x0000000010001c70                _exit
 .text.exit     0x0000000010001c74        0x8 CMakeFiles/Task.dir/home/josue/Documentos/Faculdade/5-Semestre/STR/freertos/pico/pico-sdk/src/rp2_common/pico_runtime/runtime.c.obj
                0x0000000010001c74                exit
 .text.panic    0x0000000010001c7c       0x30 CMakeFiles/Task.dir/home/josue/Documentos/Faculdade/5-Semestre/STR/freertos/pico/pico-sdk/src/rp2_common/pico_runtime/runtime.c.obj
                0x0000000010001c7c                panic
 .text.panic_unsupported
                0x0000000010001cac        0xc CMakeFiles/Task.dir/home/josue/Documentos/Faculdade/5-Semestre/STR/freertos/pico/pico-sdk/src/rp2_common/pico_runtime/runtime.c.obj
                0x0000000010001cac                panic_unsupported
 .text.hard_assertion_failure
                0x0000000010001cb8        0xc CMakeFiles/Task.dir/home/josue/Documentos/Faculdade/5-Semestre/STR/freertos/pico/pico-sdk/src/rp2_common/pico_runtime/runtime.c.obj
                0x0000000010001cb8                hard_assertion_failure
 .text._out_char
                0x0000000010001cc4       0x10 CMakeFiles/Task.dir/home/josue/Documentos/Faculdade/5-Semestre/STR/freertos/pico/pico-sdk/src/rp2_common/pico_printf/printf.c.obj
 .text.weak_raw_vprintf
                0x0000000010001cd4       0x30 CMakeFiles/Task.dir/home/josue/Documentos/Faculdade/5-Semestre/STR/freertos/pico/pico-sdk/src/rp2_common/pico_printf/printf.c.obj
                0x0000000010001cd4                weak_raw_vprintf
 .text          0x0000000010001d04       0x10 CMakeFiles/Task.dir/home/josue/Documentos/Faculdade/5-Semestre/STR/freertos/pico/pico-sdk/src/rp2_common/pico_bit_ops/bit_ops_aeabi.S.obj
 .text.rom_func_lookup
                0x0000000010001d14       0x10 CMakeFiles/Task.dir/home/josue/Documentos/Faculdade/5-Semestre/STR/freertos/pico/pico-sdk/src/rp2_common/pico_bootrom/bootrom.c.obj
                0x0000000010001d14                rom_func_lookup
 .text.rom_data_lookup
                0x0000000010001d24       0x10 CMakeFiles/Task.dir/home/josue/Documentos/Faculdade/5-Semestre/STR/freertos/pico/pico-sdk/src/rp2_common/pico_bootrom/bootrom.c.obj
                0x0000000010001d24                rom_data_lookup
 .text.rom_funcs_lookup
                0x0000000010001d34       0x44 CMakeFiles/Task.dir/home/josue/Documentos/Faculdade/5-Semestre/STR/freertos/pico/pico-sdk/src/rp2_common/pico_bootrom/bootrom.c.obj
                0x0000000010001d34                rom_funcs_lookup
 .text.__wrap___aeabi_uidiv
                0x0000000010001d78       0x4c CMakeFiles/Task.dir/home/josue/Documentos/Faculdade/5-Semestre/STR/freertos/pico/pico-sdk/src/rp2_common/pico_divider/divider.S.obj
                0x0000000010001d78                __wrap___aeabi_uidiv
                0x0000000010001d78                __wrap___aeabi_uidivmod
                0x0000000010001d78                div_u32u32
                0x0000000010001d78                divmod_u32u32
                0x0000000010001d80                divmod_u32u32_unsafe
                0x0000000010001da8                divmod_u32u32_savestate
 .text.__wrap___aeabi_ldiv
                0x0000000010001dc4      0x424 CMakeFiles/Task.dir/home/josue/Documentos/Faculdade/5-Semestre/STR/freertos/pico/pico-sdk/src/rp2_common/pico_divider/divider.S.obj
                0x0000000010001dc4                div_s64s64
                0x0000000010001dc4                divmod_s64s64
                0x0000000010001dc4                __wrap___aeabi_ldivmod
                0x0000000010001df4                div_u64u64
                0x0000000010001df4                divmod_u64u64
                0x0000000010001df4                __wrap___aeabi_uldivmod
                0x0000000010001e04                divmod_u64u64_savestate
                0x0000000010001e24                divmod_s64s64_unsafe
                0x0000000010001eac                divmod_u64u64_unsafe
 .text.__aeabi_double_init
                0x00000000100021e8       0x94 CMakeFiles/Task.dir/home/josue/Documentos/Faculdade/5-Semestre/STR/freertos/pico/pico-sdk/src/rp2_common/pico_double/double_init_rom.c.obj
                0x00000000100021e8                __aeabi_double_init
 .text.double_table_shim_on_use_helper
                0x000000001000227c       0x2c CMakeFiles/Task.dir/home/josue/Documentos/Faculdade/5-Semestre/STR/freertos/pico/pico-sdk/src/rp2_common/pico_double/double_v1_rom_shim.S.obj
                0x000000001000227c                double_table_shim_on_use_helper
 .text.__aeabi_lmul
                0x00000000100022a8       0x32 CMakeFiles/Task.dir/home/josue/Documentos/Faculdade/5-Semestre/STR/freertos/pico/pico-sdk/src/rp2_common/pico_int64_ops/pico_int64_ops_aeabi.S.obj
                0x00000000100022a8                __wrap___aeabi_lmul
 *fill*         0x00000000100022da        0x2 
 .text.__aeabi_float_init
                0x00000000100022dc       0x64 CMakeFiles/Task.dir/home/josue/Documentos/Faculdade/5-Semestre/STR/freertos/pico/pico-sdk/src/rp2_common/pico_float/float_init_rom.c.obj
                0x00000000100022dc                __aeabi_float_init
 .text.float_table_shim_on_use_helper
                0x0000000010002340       0x2c CMakeFiles/Task.dir/home/josue/Documentos/Faculdade/5-Semestre/STR/freertos/pico/pico-sdk/src/rp2_common/pico_float/float_v1_rom_shim.S.obj
                0x0000000010002340                float_table_shim_on_use_helper
 .text          0x000000001000236c       0x10 CMakeFiles/Task.dir/home/josue/Documentos/Faculdade/5-Semestre/STR/freertos/pico/pico-sdk/src/rp2_common/pico_mem_ops/mem_ops_aeabi.S.obj
                0x000000001000236c                __aeabi_mem_init
 .text.memset   0x000000001000237c        0xc CMakeFiles/Task.dir/home/josue/Documentos/Faculdade/5-Semestre/STR/freertos/pico/pico-sdk/src/rp2_common/pico_mem_ops/mem_ops_aeabi.S.obj
                0x000000001000237c                __wrap_memset
 .text.memcpy   0x0000000010002388        0xc CMakeFiles/Task.dir/home/josue/Documentos/Faculdade/5-Semestre/STR/freertos/pico/pico-sdk/src/rp2_common/pico_mem_ops/mem_ops_aeabi.S.obj
                0x0000000010002388                __wrap___aeabi_memcpy
                0x0000000010002388                __wrap_memcpy
 .text.stdio_out_chars_no_crlf
                0x0000000010002394       0x10 CMakeFiles/Task.dir/home/josue/Documentos/Faculdade/5-Semestre/STR/freertos/pico/pico-sdk/src/rp2_common/pico_stdio/stdio.c.obj
 .text.stdio_out_chars_crlf
                0x00000000100023a4       0xb4 CMakeFiles/Task.dir/home/josue/Documentos/Faculdade/5-Semestre/STR/freertos/pico/pico-sdk/src/rp2_common/pico_stdio/stdio.c.obj
 .text.stdio_put_string.isra.0
                0x0000000010002458       0xfc CMakeFiles/Task.dir/home/josue/Documentos/Faculdade/5-Semestre/STR/freertos/pico/pico-sdk/src/rp2_common/pico_stdio/stdio.c.obj
 .text.__wrap_putchar
                0x0000000010002554       0x98 CMakeFiles/Task.dir/home/josue/Documentos/Faculdade/5-Semestre/STR/freertos/pico/pico-sdk/src/rp2_common/pico_stdio/stdio.c.obj
                0x0000000010002554                __wrap_putchar
 .text.__wrap_puts
                0x00000000100025ec       0x3c CMakeFiles/Task.dir/home/josue/Documentos/Faculdade/5-Semestre/STR/freertos/pico/pico-sdk/src/rp2_common/pico_stdio/stdio.c.obj
                0x00000000100025ec                __wrap_puts
 .text.stdio_set_driver_enabled
                0x0000000010002628       0x30 CMakeFiles/Task.dir/home/josue/Documentos/Faculdade/5-Semestre/STR/freertos/pico/pico-sdk/src/rp2_common/pico_stdio/stdio.c.obj
                0x0000000010002628                stdio_set_driver_enabled
 .text.stdio_init_all
                0x0000000010002658        0x8 CMakeFiles/Task.dir/home/josue/Documentos/Faculdade/5-Semestre/STR/freertos/pico/pico-sdk/src/rp2_common/pico_stdio/stdio.c.obj
                0x0000000010002658                stdio_init_all
 .text.resetd_init
                0x0000000010002660        0x4 CMakeFiles/Task.dir/home/josue/Documentos/Faculdade/5-Semestre/STR/freertos/pico/pico-sdk/src/rp2_common/pico_stdio_usb/reset_interface.c.obj
 .text.resetd_reset
                0x0000000010002664        0xc CMakeFiles/Task.dir/home/josue/Documentos/Faculdade/5-Semestre/STR/freertos/pico/pico-sdk/src/rp2_common/pico_stdio_usb/reset_interface.c.obj
 .text.resetd_open
                0x0000000010002670       0x28 CMakeFiles/Task.dir/home/josue/Documentos/Faculdade/5-Semestre/STR/freertos/pico/pico-sdk/src/rp2_common/pico_stdio_usb/reset_interface.c.obj
 .text.resetd_xfer_cb
                0x0000000010002698        0x4 CMakeFiles/Task.dir/home/josue/Documentos/Faculdade/5-Semestre/STR/freertos/pico/pico-sdk/src/rp2_common/pico_stdio_usb/reset_interface.c.obj
 .text.resetd_control_xfer_cb
                0x000000001000269c       0x64 CMakeFiles/Task.dir/home/josue/Documentos/Faculdade/5-Semestre/STR/freertos/pico/pico-sdk/src/rp2_common/pico_stdio_usb/reset_interface.c.obj
 .text.usbd_app_driver_get_cb
                0x0000000010002700        0xc CMakeFiles/Task.dir/home/josue/Documentos/Faculdade/5-Semestre/STR/freertos/pico/pico-sdk/src/rp2_common/pico_stdio_usb/reset_interface.c.obj
                0x0000000010002700                usbd_app_driver_get_cb
 .text.tud_cdc_line_coding_cb
                0x000000001000270c       0x34 CMakeFiles/Task.dir/home/josue/Documentos/Faculdade/5-Semestre/STR/freertos/pico/pico-sdk/src/rp2_common/pico_stdio_usb/reset_interface.c.obj
                0x000000001000270c                tud_cdc_line_coding_cb
 .text.stdio_usb_set_chars_available_callback
                0x0000000010002740       0x14 CMakeFiles/Task.dir/home/josue/Documentos/Faculdade/5-Semestre/STR/freertos/pico/pico-sdk/src/rp2_common/pico_stdio_usb/stdio_usb.c.obj
                0x0000000010002740                stdio_usb_set_chars_available_callback
 .text.usb_irq  0x0000000010002754       0x10 CMakeFiles/Task.dir/home/josue/Documentos/Faculdade/5-Semestre/STR/freertos/pico/pico-sdk/src/rp2_common/pico_stdio_usb/stdio_usb.c.obj
 .text.timer_task
                0x0000000010002764       0x54 CMakeFiles/Task.dir/home/josue/Documentos/Faculdade/5-Semestre/STR/freertos/pico/pico-sdk/src/rp2_common/pico_stdio_usb/stdio_usb.c.obj
 .text.stdio_usb_in_chars
                0x00000000100027b8       0x90 CMakeFiles/Task.dir/home/josue/Documentos/Faculdade/5-Semestre/STR/freertos/pico/pico-sdk/src/rp2_common/pico_stdio_usb/stdio_usb.c.obj
                0x00000000100027b8                stdio_usb_in_chars
 .text.stdio_usb_out_chars
                0x0000000010002848      0x100 CMakeFiles/Task.dir/home/josue/Documentos/Faculdade/5-Semestre/STR/freertos/pico/pico-sdk/src/rp2_common/pico_stdio_usb/stdio_usb.c.obj
 .text.low_priority_worker_irq
                0x0000000010002948       0xa8 CMakeFiles/Task.dir/home/josue/Documentos/Faculdade/5-Semestre/STR/freertos/pico/pico-sdk/src/rp2_common/pico_stdio_usb/stdio_usb.c.obj
 .text.tud_cdc_rx_cb
                0x00000000100029f0       0x20 CMakeFiles/Task.dir/home/josue/Documentos/Faculdade/5-Semestre/STR/freertos/pico/pico-sdk/src/rp2_common/pico_stdio_usb/stdio_usb.c.obj
                0x00000000100029f0                tud_cdc_rx_cb
 .text.stdio_usb_init
                0x0000000010002a10       0xdc CMakeFiles/Task.dir/home/josue/Documentos/Faculdade/5-Semestre/STR/freertos/pico/pico-sdk/src/rp2_common/pico_stdio_usb/stdio_usb.c.obj
                0x0000000010002a10                stdio_usb_init
 .text.tud_descriptor_device_cb
                0x0000000010002aec        0x8 CMakeFiles/Task.dir/home/josue/Documentos/Faculdade/5-Semestre/STR/freertos/pico/pico-sdk/src/rp2_common/pico_stdio_usb/stdio_usb_descriptors.c.obj
                0x0000000010002aec                tud_descriptor_device_cb
 .text.tud_descriptor_configuration_cb
                0x0000000010002af4        0x8 CMakeFiles/Task.dir/home/josue/Documentos/Faculdade/5-Semestre/STR/freertos/pico/pico-sdk/src/rp2_common/pico_stdio_usb/stdio_usb_descriptors.c.obj
                0x0000000010002af4                tud_descriptor_configuration_cb
 .text.tud_descriptor_string_cb
                0x0000000010002afc       0x74 CMakeFiles/Task.dir/home/josue/Documentos/Faculdade/5-Semestre/STR/freertos/pico/pico-sdk/src/rp2_common/pico_stdio_usb/stdio_usb_descriptors.c.obj
                0x0000000010002afc                tud_descriptor_string_cb
 .text.startup._retrieve_unique_id_on_boot
                0x0000000010002b70       0x10 CMakeFiles/Task.dir/home/josue/Documentos/Faculdade/5-Semestre/STR/freertos/pico/pico-sdk/src/rp2_common/pico_unique_id/unique_id.c.obj
 .text.pico_get_unique_board_id_string
                0x0000000010002b80      0x1a8 CMakeFiles/Task.dir/home/josue/Documentos/Faculdade/5-Semestre/STR/freertos/pico/pico-sdk/src/rp2_common/pico_unique_id/unique_id.c.obj
                0x0000000010002b80                pico_get_unique_board_id_string
 .text.flash_get_unique_id
                0x0000000010002d28       0x40 CMakeFiles/Task.dir/home/josue/Documentos/Faculdade/5-Semestre/STR/freertos/pico/pico-sdk/src/rp2_common/hardware_flash/flash.c.obj
                0x0000000010002d28                flash_get_unique_id
 .text.dcd_int_enable
                0x0000000010002d68        0xc CMakeFiles/Task.dir/home/josue/Documentos/Faculdade/5-Semestre/STR/freertos/pico/pico-sdk/lib/tinyusb/src/portable/raspberrypi/rp2040/dcd_rp2040.c.obj
                0x0000000010002d68                dcd_int_enable
 .text.dcd_set_address
                0x0000000010002d74       0x14 CMakeFiles/Task.dir/home/josue/Documentos/Faculdade/5-Semestre/STR/freertos/pico/pico-sdk/lib/tinyusb/src/portable/raspberrypi/rp2040/dcd_rp2040.c.obj
                0x0000000010002d74                dcd_set_address
 .text.dcd_connect
                0x0000000010002d88       0x10 CMakeFiles/Task.dir/home/josue/Documentos/Faculdade/5-Semestre/STR/freertos/pico/pico-sdk/lib/tinyusb/src/portable/raspberrypi/rp2040/dcd_rp2040.c.obj
                0x0000000010002d88                dcd_connect
 .text.dcd_init
                0x0000000010002d98       0x98 CMakeFiles/Task.dir/home/josue/Documentos/Faculdade/5-Semestre/STR/freertos/pico/pico-sdk/lib/tinyusb/src/portable/raspberrypi/rp2040/dcd_rp2040.c.obj
                0x0000000010002d98                dcd_init
 .text.dcd_edpt0_status_complete
                0x0000000010002e30       0x1c CMakeFiles/Task.dir/home/josue/Documentos/Faculdade/5-Semestre/STR/freertos/pico/pico-sdk/lib/tinyusb/src/portable/raspberrypi/rp2040/dcd_rp2040.c.obj
                0x0000000010002e30                dcd_edpt0_status_complete
 .text.dcd_edpt_open
                0x0000000010002e4c      0x108 CMakeFiles/Task.dir/home/josue/Documentos/Faculdade/5-Semestre/STR/freertos/pico/pico-sdk/lib/tinyusb/src/portable/raspberrypi/rp2040/dcd_rp2040.c.obj
                0x0000000010002e4c                dcd_edpt_open
 .text.dcd_edpt_close_all
                0x0000000010002f54        0x8 CMakeFiles/Task.dir/home/josue/Documentos/Faculdade/5-Semestre/STR/freertos/pico/pico-sdk/lib/tinyusb/src/portable/raspberrypi/rp2040/dcd_rp2040.c.obj
                0x0000000010002f54                dcd_edpt_close_all
 .text.dcd_edpt_xfer
                0x0000000010002f5c       0x24 CMakeFiles/Task.dir/home/josue/Documentos/Faculdade/5-Semestre/STR/freertos/pico/pico-sdk/lib/tinyusb/src/portable/raspberrypi/rp2040/dcd_rp2040.c.obj
                0x0000000010002f5c                dcd_edpt_xfer
 .text.dcd_edpt_stall
                0x0000000010002f80       0x38 CMakeFiles/Task.dir/home/josue/Documentos/Faculdade/5-Semestre/STR/freertos/pico/pico-sdk/lib/tinyusb/src/portable/raspberrypi/rp2040/dcd_rp2040.c.obj
                0x0000000010002f80                dcd_edpt_stall
 .text.dcd_edpt_clear_stall
                0x0000000010002fb8       0x30 CMakeFiles/Task.dir/home/josue/Documentos/Faculdade/5-Semestre/STR/freertos/pico/pico-sdk/lib/tinyusb/src/portable/raspberrypi/rp2040/dcd_rp2040.c.obj
                0x0000000010002fb8                dcd_edpt_clear_stall
 .text.rp2040_usb_init
                0x0000000010002fe8       0x4c CMakeFiles/Task.dir/home/josue/Documentos/Faculdade/5-Semestre/STR/freertos/pico/pico-sdk/lib/tinyusb/src/portable/raspberrypi/rp2040/rp2040_usb.c.obj
                0x0000000010002fe8                rp2040_usb_init
 .text.hw_endpoint_xfer_start
                0x0000000010003034       0x50 CMakeFiles/Task.dir/home/josue/Documentos/Faculdade/5-Semestre/STR/freertos/pico/pico-sdk/lib/tinyusb/src/portable/raspberrypi/rp2040/rp2040_usb.c.obj
                0x0000000010003034                hw_endpoint_xfer_start
 .text.tud_mounted
                0x0000000010003084       0x10 CMakeFiles/Task.dir/home/josue/Documentos/Faculdade/5-Semestre/STR/freertos/pico/pico-sdk/lib/tinyusb/src/device/usbd.c.obj
                0x0000000010003084                tud_mounted
 .text.tud_suspended
                0x0000000010003094       0x10 CMakeFiles/Task.dir/home/josue/Documentos/Faculdade/5-Semestre/STR/freertos/pico/pico-sdk/lib/tinyusb/src/device/usbd.c.obj
                0x0000000010003094                tud_suspended
 .text.tud_inited
                0x00000000100030a4       0x14 CMakeFiles/Task.dir/home/josue/Documentos/Faculdade/5-Semestre/STR/freertos/pico/pico-sdk/lib/tinyusb/src/device/usbd.c.obj
                0x00000000100030a4                tud_inited
 .text.tud_init
                0x00000000100030b8       0xe4 CMakeFiles/Task.dir/home/josue/Documentos/Faculdade/5-Semestre/STR/freertos/pico/pico-sdk/lib/tinyusb/src/device/usbd.c.obj
                0x00000000100030b8                tud_init
 .text.tud_task_ext
                0x000000001000319c      0x854 CMakeFiles/Task.dir/home/josue/Documentos/Faculdade/5-Semestre/STR/freertos/pico/pico-sdk/lib/tinyusb/src/device/usbd.c.obj
                0x000000001000319c                tud_task_ext
 .text.usbd_open_edpt_pair
                0x00000000100039f0       0x9c CMakeFiles/Task.dir/home/josue/Documentos/Faculdade/5-Semestre/STR/freertos/pico/pico-sdk/lib/tinyusb/src/device/usbd.c.obj
                0x00000000100039f0                usbd_open_edpt_pair
 .text.usbd_defer_func
                0x0000000010003a8c       0x48 CMakeFiles/Task.dir/home/josue/Documentos/Faculdade/5-Semestre/STR/freertos/pico/pico-sdk/lib/tinyusb/src/device/usbd.c.obj
                0x0000000010003a8c                usbd_defer_func
 .text.usbd_edpt_open
                0x0000000010003ad4       0x34 CMakeFiles/Task.dir/home/josue/Documentos/Faculdade/5-Semestre/STR/freertos/pico/pico-sdk/lib/tinyusb/src/device/usbd.c.obj
                0x0000000010003ad4                usbd_edpt_open
 .text.usbd_edpt_claim
                0x0000000010003b08       0x28 CMakeFiles/Task.dir/home/josue/Documentos/Faculdade/5-Semestre/STR/freertos/pico/pico-sdk/lib/tinyusb/src/device/usbd.c.obj
                0x0000000010003b08                usbd_edpt_claim
 .text.usbd_edpt_release
                0x0000000010003b30       0x28 CMakeFiles/Task.dir/home/josue/Documentos/Faculdade/5-Semestre/STR/freertos/pico/pico-sdk/lib/tinyusb/src/device/usbd.c.obj
                0x0000000010003b30                usbd_edpt_release
 .text.usbd_edpt_xfer
                0x0000000010003b58       0x4c CMakeFiles/Task.dir/home/josue/Documentos/Faculdade/5-Semestre/STR/freertos/pico/pico-sdk/lib/tinyusb/src/device/usbd.c.obj
                0x0000000010003b58                usbd_edpt_xfer
 .text.tud_control_status
                0x0000000010003ba4       0x30 CMakeFiles/Task.dir/home/josue/Documentos/Faculdade/5-Semestre/STR/freertos/pico/pico-sdk/lib/tinyusb/src/device/usbd_control.c.obj
                0x0000000010003ba4                tud_control_status
 .text.tud_control_xfer
                0x0000000010003bd4       0xbc CMakeFiles/Task.dir/home/josue/Documentos/Faculdade/5-Semestre/STR/freertos/pico/pico-sdk/lib/tinyusb/src/device/usbd_control.c.obj
                0x0000000010003bd4                tud_control_xfer
 .text.usbd_control_reset
                0x0000000010003c90       0x14 CMakeFiles/Task.dir/home/josue/Documentos/Faculdade/5-Semestre/STR/freertos/pico/pico-sdk/lib/tinyusb/src/device/usbd_control.c.obj
                0x0000000010003c90                usbd_control_reset
 .text.usbd_control_set_complete_callback
                0x0000000010003ca4        0xc CMakeFiles/Task.dir/home/josue/Documentos/Faculdade/5-Semestre/STR/freertos/pico/pico-sdk/lib/tinyusb/src/device/usbd_control.c.obj
                0x0000000010003ca4                usbd_control_set_complete_callback
 .text.usbd_control_set_request
                0x0000000010003cb0       0x1c CMakeFiles/Task.dir/home/josue/Documentos/Faculdade/5-Semestre/STR/freertos/pico/pico-sdk/lib/tinyusb/src/device/usbd_control.c.obj
                0x0000000010003cb0                usbd_control_set_request
 .text.usbd_control_xfer_cb
                0x0000000010003ccc       0xfc CMakeFiles/Task.dir/home/josue/Documentos/Faculdade/5-Semestre/STR/freertos/pico/pico-sdk/lib/tinyusb/src/device/usbd_control.c.obj
                0x0000000010003ccc                usbd_control_xfer_cb
 .text.tud_cdc_n_connected
                0x0000000010003dc8       0x30 CMakeFiles/Task.dir/home/josue/Documentos/Faculdade/5-Semestre/STR/freertos/pico/pico-sdk/lib/tinyusb/src/class/cdc/cdc_device.c.obj
                0x0000000010003dc8                tud_cdc_n_connected
 .text.tud_cdc_n_available
                0x0000000010003df8       0x18 CMakeFiles/Task.dir/home/josue/Documentos/Faculdade/5-Semestre/STR/freertos/pico/pico-sdk/lib/tinyusb/src/class/cdc/cdc_device.c.obj
                0x0000000010003df8                tud_cdc_n_available
 .text.tud_cdc_n_read
                0x0000000010003e10       0x70 CMakeFiles/Task.dir/home/josue/Documentos/Faculdade/5-Semestre/STR/freertos/pico/pico-sdk/lib/tinyusb/src/class/cdc/cdc_device.c.obj
                0x0000000010003e10                tud_cdc_n_read
 .text.tud_cdc_n_write_flush
                0x0000000010003e80       0x78 CMakeFiles/Task.dir/home/josue/Documentos/Faculdade/5-Semestre/STR/freertos/pico/pico-sdk/lib/tinyusb/src/class/cdc/cdc_device.c.obj
                0x0000000010003e80                tud_cdc_n_write_flush
 .text.tud_cdc_n_write
                0x0000000010003ef8       0x34 CMakeFiles/Task.dir/home/josue/Documentos/Faculdade/5-Semestre/STR/freertos/pico/pico-sdk/lib/tinyusb/src/class/cdc/cdc_device.c.obj
                0x0000000010003ef8                tud_cdc_n_write
 .text.tud_cdc_n_write_available
                0x0000000010003f2c       0x18 CMakeFiles/Task.dir/home/josue/Documentos/Faculdade/5-Semestre/STR/freertos/pico/pico-sdk/lib/tinyusb/src/class/cdc/cdc_device.c.obj
                0x0000000010003f2c                tud_cdc_n_write_available
 .text.cdcd_init
                0x0000000010003f44       0x7c CMakeFiles/Task.dir/home/josue/Documentos/Faculdade/5-Semestre/STR/freertos/pico/pico-sdk/lib/tinyusb/src/class/cdc/cdc_device.c.obj
                0x0000000010003f44                cdcd_init
 .text.cdcd_reset
                0x0000000010003fc0       0x2c CMakeFiles/Task.dir/home/josue/Documentos/Faculdade/5-Semestre/STR/freertos/pico/pico-sdk/lib/tinyusb/src/class/cdc/cdc_device.c.obj
                0x0000000010003fc0                cdcd_reset
 .text.cdcd_open
                0x0000000010003fec       0xe8 CMakeFiles/Task.dir/home/josue/Documentos/Faculdade/5-Semestre/STR/freertos/pico/pico-sdk/lib/tinyusb/src/class/cdc/cdc_device.c.obj
                0x0000000010003fec                cdcd_open
 .text.cdcd_control_xfer_cb
                0x00000000100040d4       0xe4 CMakeFiles/Task.dir/home/josue/Documentos/Faculdade/5-Semestre/STR/freertos/pico/pico-sdk/lib/tinyusb/src/class/cdc/cdc_device.c.obj
                0x00000000100040d4                cdcd_control_xfer_cb
 .text.cdcd_xfer_cb
                0x00000000100041b8      0x148 CMakeFiles/Task.dir/home/josue/Documentos/Faculdade/5-Semestre/STR/freertos/pico/pico-sdk/lib/tinyusb/src/class/cdc/cdc_device.c.obj
                0x00000000100041b8                cdcd_xfer_cb
 .text.tusb_init
                0x0000000010004300        0xc CMakeFiles/Task.dir/home/josue/Documentos/Faculdade/5-Semestre/STR/freertos/pico/pico-sdk/lib/tinyusb/src/tusb.c.obj
                0x0000000010004300                tusb_init
 .text.tusb_inited
                0x000000001000430c        0x8 CMakeFiles/Task.dir/home/josue/Documentos/Faculdade/5-Semestre/STR/freertos/pico/pico-sdk/lib/tinyusb/src/tusb.c.obj
                0x000000001000430c                tusb_inited
 .text.tu_edpt_claim
                0x0000000010004314       0x50 CMakeFiles/Task.dir/home/josue/Documentos/Faculdade/5-Semestre/STR/freertos/pico/pico-sdk/lib/tinyusb/src/tusb.c.obj
                0x0000000010004314                tu_edpt_claim
 .text.tu_edpt_release
                0x0000000010004364       0x38 CMakeFiles/Task.dir/home/josue/Documentos/Faculdade/5-Semestre/STR/freertos/pico/pico-sdk/lib/tinyusb/src/tusb.c.obj
                0x0000000010004364                tu_edpt_release
 .text.tu_edpt_validate
                0x000000001000439c       0x78 CMakeFiles/Task.dir/home/josue/Documentos/Faculdade/5-Semestre/STR/freertos/pico/pico-sdk/lib/tinyusb/src/tusb.c.obj
                0x000000001000439c                tu_edpt_validate
 .text.tu_edpt_bind_driver
                0x0000000010004414       0x34 CMakeFiles/Task.dir/home/josue/Documentos/Faculdade/5-Semestre/STR/freertos/pico/pico-sdk/lib/tinyusb/src/tusb.c.obj
                0x0000000010004414                tu_edpt_bind_driver
 .text.tu_fifo_config
                0x0000000010004448       0x70 CMakeFiles/Task.dir/home/josue/Documentos/Faculdade/5-Semestre/STR/freertos/pico/pico-sdk/lib/tinyusb/src/common/tusb_fifo.c.obj
                0x0000000010004448                tu_fifo_config
 .text.tu_fifo_count
                0x00000000100044b8       0x2c CMakeFiles/Task.dir/home/josue/Documentos/Faculdade/5-Semestre/STR/freertos/pico/pico-sdk/lib/tinyusb/src/common/tusb_fifo.c.obj
                0x00000000100044b8                tu_fifo_count
 .text.tu_fifo_empty
                0x00000000100044e4       0x10 CMakeFiles/Task.dir/home/josue/Documentos/Faculdade/5-Semestre/STR/freertos/pico/pico-sdk/lib/tinyusb/src/common/tusb_fifo.c.obj
                0x00000000100044e4                tu_fifo_empty
 .text.tu_fifo_remaining
                0x00000000100044f4       0x2c CMakeFiles/Task.dir/home/josue/Documentos/Faculdade/5-Semestre/STR/freertos/pico/pico-sdk/lib/tinyusb/src/common/tusb_fifo.c.obj
                0x00000000100044f4                tu_fifo_remaining
 .text.tu_fifo_read
                0x0000000010004520       0xa0 CMakeFiles/Task.dir/home/josue/Documentos/Faculdade/5-Semestre/STR/freertos/pico/pico-sdk/lib/tinyusb/src/common/tusb_fifo.c.obj
                0x0000000010004520                tu_fifo_read
 .text.tu_fifo_read_n
                0x00000000100045c0       0xec CMakeFiles/Task.dir/home/josue/Documentos/Faculdade/5-Semestre/STR/freertos/pico/pico-sdk/lib/tinyusb/src/common/tusb_fifo.c.obj
                0x00000000100045c0                tu_fifo_read_n
 .text.tu_fifo_write
                0x00000000100046ac       0x88 CMakeFiles/Task.dir/home/josue/Documentos/Faculdade/5-Semestre/STR/freertos/pico/pico-sdk/lib/tinyusb/src/common/tusb_fifo.c.obj
                0x00000000100046ac                tu_fifo_write
 .text.tu_fifo_write_n
                0x0000000010004734      0x168 CMakeFiles/Task.dir/home/josue/Documentos/Faculdade/5-Semestre/STR/freertos/pico/pico-sdk/lib/tinyusb/src/common/tusb_fifo.c.obj
                0x0000000010004734                tu_fifo_write_n
 .text.tu_fifo_clear
                0x000000001000489c       0x40 CMakeFiles/Task.dir/home/josue/Documentos/Faculdade/5-Semestre/STR/freertos/pico/pico-sdk/lib/tinyusb/src/common/tusb_fifo.c.obj
                0x000000001000489c                tu_fifo_clear
 .text.tu_fifo_set_overwritable
                0x00000000100048dc       0x48 CMakeFiles/Task.dir/home/josue/Documentos/Faculdade/5-Semestre/STR/freertos/pico/pico-sdk/lib/tinyusb/src/common/tusb_fifo.c.obj
                0x00000000100048dc                tu_fifo_set_overwritable
 .text.vPortSVCHandler
                0x0000000010004924        0x4 CMakeFiles/Task.dir/home/josue/Documentos/Faculdade/5-Semestre/STR/freertos/FreeRTOS-LTS/FreeRTOS/FreeRTOS-Kernel/portable/ThirdParty/GCC/RP2040/port.c.obj
                0x0000000010004924                vPortSVCHandler
 *fill*         0x0000000010004928        0x8 
 .text.vPortStartFirstTask
                0x0000000010004930       0x34 CMakeFiles/Task.dir/home/josue/Documentos/Faculdade/5-Semestre/STR/freertos/FreeRTOS-LTS/FreeRTOS/FreeRTOS-Kernel/portable/ThirdParty/GCC/RP2040/port.c.obj
 *fill*         0x0000000010004964        0xc 
 .text.xPortPendSVHandler
                0x0000000010004970       0x64 CMakeFiles/Task.dir/home/josue/Documentos/Faculdade/5-Semestre/STR/freertos/FreeRTOS-LTS/FreeRTOS/FreeRTOS-Kernel/portable/ThirdParty/GCC/RP2040/port.c.obj
                0x0000000010004970                xPortPendSVHandler
 .text.prvTaskExitError
                0x00000000100049d4        0x8 CMakeFiles/Task.dir/home/josue/Documentos/Faculdade/5-Semestre/STR/freertos/FreeRTOS-LTS/FreeRTOS/FreeRTOS-Kernel/portable/ThirdParty/GCC/RP2040/port.c.obj
 .text.pxPortInitialiseStack
                0x00000000100049dc       0x20 CMakeFiles/Task.dir/home/josue/Documentos/Faculdade/5-Semestre/STR/freertos/FreeRTOS-LTS/FreeRTOS/FreeRTOS-Kernel/portable/ThirdParty/GCC/RP2040/port.c.obj
                0x00000000100049dc                pxPortInitialiseStack
 .text.vPortYield
                0x00000000100049fc       0x18 CMakeFiles/Task.dir/home/josue/Documentos/Faculdade/5-Semestre/STR/freertos/FreeRTOS-LTS/FreeRTOS/FreeRTOS-Kernel/portable/ThirdParty/GCC/RP2040/port.c.obj
                0x00000000100049fc                vPortYield
 .text.vPortEnterCritical
                0x0000000010004a14       0x18 CMakeFiles/Task.dir/home/josue/Documentos/Faculdade/5-Semestre/STR/freertos/FreeRTOS-LTS/FreeRTOS/FreeRTOS-Kernel/portable/ThirdParty/GCC/RP2040/port.c.obj
                0x0000000010004a14                vPortEnterCritical
 .text.vPortExitCritical
                0x0000000010004a2c       0x34 CMakeFiles/Task.dir/home/josue/Documentos/Faculdade/5-Semestre/STR/freertos/FreeRTOS-LTS/FreeRTOS/FreeRTOS-Kernel/portable/ThirdParty/GCC/RP2040/port.c.obj
                0x0000000010004a2c                vPortExitCritical
 .text.ulSetInterruptMaskFromISR
                0x0000000010004a60        0x8 CMakeFiles/Task.dir/home/josue/Documentos/Faculdade/5-Semestre/STR/freertos/FreeRTOS-LTS/FreeRTOS/FreeRTOS-Kernel/portable/ThirdParty/GCC/RP2040/port.c.obj
                0x0000000010004a60                ulSetInterruptMaskFromISR
 .text.vClearInterruptMaskFromISR
                0x0000000010004a68        0x8 CMakeFiles/Task.dir/home/josue/Documentos/Faculdade/5-Semestre/STR/freertos/FreeRTOS-LTS/FreeRTOS/FreeRTOS-Kernel/portable/ThirdParty/GCC/RP2040/port.c.obj
                0x0000000010004a68                vClearInterruptMaskFromISR
 .text.xPortSysTickHandler
                0x0000000010004a70       0x24 CMakeFiles/Task.dir/home/josue/Documentos/Faculdade/5-Semestre/STR/freertos/FreeRTOS-LTS/FreeRTOS/FreeRTOS-Kernel/portable/ThirdParty/GCC/RP2040/port.c.obj
                0x0000000010004a70                xPortSysTickHandler
 .text.vPortSetupTimerInterrupt
                0x0000000010004a94       0x34 CMakeFiles/Task.dir/home/josue/Documentos/Faculdade/5-Semestre/STR/freertos/FreeRTOS-LTS/FreeRTOS/FreeRTOS-Kernel/portable/ThirdParty/GCC/RP2040/port.c.obj
                0x0000000010004a94                vPortSetupTimerInterrupt
 .text.xPortStartScheduler
                0x0000000010004ac8       0x70 CMakeFiles/Task.dir/home/josue/Documentos/Faculdade/5-Semestre/STR/freertos/FreeRTOS-LTS/FreeRTOS/FreeRTOS-Kernel/portable/ThirdParty/GCC/RP2040/port.c.obj
                0x0000000010004ac8                xPortStartScheduler
 .text.ulPortLockGetCurrentOwnerId
                0x0000000010004b38       0x2c CMakeFiles/Task.dir/home/josue/Documentos/Faculdade/5-Semestre/STR/freertos/FreeRTOS-LTS/FreeRTOS/FreeRTOS-Kernel/portable/ThirdParty/GCC/RP2040/port.c.obj
                0x0000000010004b38                ulPortLockGetCurrentOwnerId
 .text.vPortLockInternalSpinUnlockWithNotify
                0x0000000010004b64       0x84 CMakeFiles/Task.dir/home/josue/Documentos/Faculdade/5-Semestre/STR/freertos/FreeRTOS-LTS/FreeRTOS/FreeRTOS-Kernel/portable/ThirdParty/GCC/RP2040/port.c.obj
                0x0000000010004b64                vPortLockInternalSpinUnlockWithNotify
 .text.xPortLockInternalSpinUnlockWithBestEffortWaitOrTimeout
                0x0000000010004be8       0xfc CMakeFiles/Task.dir/home/josue/Documentos/Faculdade/5-Semestre/STR/freertos/FreeRTOS-LTS/FreeRTOS/FreeRTOS-Kernel/portable/ThirdParty/GCC/RP2040/port.c.obj
                0x0000000010004be8                xPortLockInternalSpinUnlockWithBestEffortWaitOrTimeout
 .text.startup.prvRuntimeInitializer
                0x0000000010004ce4       0x10 CMakeFiles/Task.dir/home/josue/Documentos/Faculdade/5-Semestre/STR/freertos/FreeRTOS-LTS/FreeRTOS/FreeRTOS-Kernel/portable/ThirdParty/GCC/RP2040/port.c.obj
 .text.vEventGroupSetBitsCallback
                0x0000000010004cf4       0x8c CMakeFiles/Task.dir/home/josue/Documentos/Faculdade/5-Semestre/STR/freertos/FreeRTOS-LTS/FreeRTOS/FreeRTOS-Kernel/event_groups.c.obj
                0x0000000010004cf4                vEventGroupSetBitsCallback
 .text.xEventGroupCreate
                0x0000000010004d80       0x18 CMakeFiles/Task.dir/home/josue/Documentos/Faculdade/5-Semestre/STR/freertos/FreeRTOS-LTS/FreeRTOS/FreeRTOS-Kernel/event_groups.c.obj
                0x0000000010004d80                xEventGroupCreate
 .text.xEventGroupWaitBits
                0x0000000010004d98       0xb8 CMakeFiles/Task.dir/home/josue/Documentos/Faculdade/5-Semestre/STR/freertos/FreeRTOS-LTS/FreeRTOS/FreeRTOS-Kernel/event_groups.c.obj
                0x0000000010004d98                xEventGroupWaitBits
 .text.xEventGroupSetBits
                0x0000000010004e50       0x90 CMakeFiles/Task.dir/home/josue/Documentos/Faculdade/5-Semestre/STR/freertos/FreeRTOS-LTS/FreeRTOS/FreeRTOS-Kernel/event_groups.c.obj
                0x0000000010004e50                xEventGroupSetBits
 .text.xEventGroupSetBitsFromISR
                0x0000000010004ee0       0x14 CMakeFiles/Task.dir/home/josue/Documentos/Faculdade/5-Semestre/STR/freertos/FreeRTOS-LTS/FreeRTOS/FreeRTOS-Kernel/event_groups.c.obj
                0x0000000010004ee0                xEventGroupSetBitsFromISR
 .text.vListInitialise
                0x0000000010004ef4       0x18 CMakeFiles/Task.dir/home/josue/Documentos/Faculdade/5-Semestre/STR/freertos/FreeRTOS-LTS/FreeRTOS/FreeRTOS-Kernel/list.c.obj
                0x0000000010004ef4                vListInitialise
 .text.vListInitialiseItem
                0x0000000010004f0c        0x8 CMakeFiles/Task.dir/home/josue/Documentos/Faculdade/5-Semestre/STR/freertos/FreeRTOS-LTS/FreeRTOS/FreeRTOS-Kernel/list.c.obj
                0x0000000010004f0c                vListInitialiseItem
 .text.vListInsert
                0x0000000010004f14       0x30 CMakeFiles/Task.dir/home/josue/Documentos/Faculdade/5-Semestre/STR/freertos/FreeRTOS-LTS/FreeRTOS/FreeRTOS-Kernel/list.c.obj
                0x0000000010004f14                vListInsert
 .text.uxListRemove
                0x0000000010004f44       0x24 CMakeFiles/Task.dir/home/josue/Documentos/Faculdade/5-Semestre/STR/freertos/FreeRTOS-LTS/FreeRTOS/FreeRTOS-Kernel/list.c.obj
                0x0000000010004f44                uxListRemove
 .text.prvUnlockQueue
                0x0000000010004f68      0x148 CMakeFiles/Task.dir/home/josue/Documentos/Faculdade/5-Semestre/STR/freertos/FreeRTOS-LTS/FreeRTOS/FreeRTOS-Kernel/queue.c.obj
 .text.prvNotifyQueueSetContainer
                0x00000000100050b0       0x9c CMakeFiles/Task.dir/home/josue/Documentos/Faculdade/5-Semestre/STR/freertos/FreeRTOS-LTS/FreeRTOS/FreeRTOS-Kernel/queue.c.obj
 .text.xQueueGenericCreate
                0x000000001000514c       0xa0 CMakeFiles/Task.dir/home/josue/Documentos/Faculdade/5-Semestre/STR/freertos/FreeRTOS-LTS/FreeRTOS/FreeRTOS-Kernel/queue.c.obj
                0x000000001000514c                xQueueGenericCreate
 .text.xQueueGenericSend
                0x00000000100051ec      0x1cc CMakeFiles/Task.dir/home/josue/Documentos/Faculdade/5-Semestre/STR/freertos/FreeRTOS-LTS/FreeRTOS/FreeRTOS-Kernel/queue.c.obj
                0x00000000100051ec                xQueueGenericSend
 .text.xQueueCreateMutex
                0x00000000100053b8       0x6c CMakeFiles/Task.dir/home/josue/Documentos/Faculdade/5-Semestre/STR/freertos/FreeRTOS-LTS/FreeRTOS/FreeRTOS-Kernel/queue.c.obj
                0x00000000100053b8                xQueueCreateMutex
 .text.xQueueGenericSendFromISR
                0x0000000010005424      0x138 CMakeFiles/Task.dir/home/josue/Documentos/Faculdade/5-Semestre/STR/freertos/FreeRTOS-LTS/FreeRTOS/FreeRTOS-Kernel/queue.c.obj
                0x0000000010005424                xQueueGenericSendFromISR
 .text.xQueueReceive
                0x000000001000555c      0x11c CMakeFiles/Task.dir/home/josue/Documentos/Faculdade/5-Semestre/STR/freertos/FreeRTOS-LTS/FreeRTOS/FreeRTOS-Kernel/queue.c.obj
                0x000000001000555c                xQueueReceive
 .text.xQueueSemaphoreTake
                0x0000000010005678      0x150 CMakeFiles/Task.dir/home/josue/Documentos/Faculdade/5-Semestre/STR/freertos/FreeRTOS-LTS/FreeRTOS/FreeRTOS-Kernel/queue.c.obj
                0x0000000010005678                xQueueSemaphoreTake
 .text.vQueueAddToRegistry
                0x00000000100057c8       0xec CMakeFiles/Task.dir/home/josue/Documentos/Faculdade/5-Semestre/STR/freertos/FreeRTOS-LTS/FreeRTOS/FreeRTOS-Kernel/queue.c.obj
                0x00000000100057c8                vQueueAddToRegistry
 .text.vQueueWaitForMessageRestricted
                0x00000000100058b4       0x48 CMakeFiles/Task.dir/home/josue/Documentos/Faculdade/5-Semestre/STR/freertos/FreeRTOS-LTS/FreeRTOS/FreeRTOS-Kernel/queue.c.obj
                0x00000000100058b4                vQueueWaitForMessageRestricted
 .text.prvIdleTask
                0x00000000100058fc       0x60 CMakeFiles/Task.dir/home/josue/Documentos/Faculdade/5-Semestre/STR/freertos/FreeRTOS-LTS/FreeRTOS/FreeRTOS-Kernel/tasks.c.obj
 .text.xTaskIncrementTick.part.0
                0x000000001000595c      0x1a0 CMakeFiles/Task.dir/home/josue/Documentos/Faculdade/5-Semestre/STR/freertos/FreeRTOS-LTS/FreeRTOS/FreeRTOS-Kernel/tasks.c.obj
 .text.xTaskCreate
                0x0000000010005afc      0x280 CMakeFiles/Task.dir/home/josue/Documentos/Faculdade/5-Semestre/STR/freertos/FreeRTOS-LTS/FreeRTOS/FreeRTOS-Kernel/tasks.c.obj
                0x0000000010005afc                xTaskCreate
 .text.vTaskStartScheduler
                0x0000000010005d7c      0x1e0 CMakeFiles/Task.dir/home/josue/Documentos/Faculdade/5-Semestre/STR/freertos/FreeRTOS-LTS/FreeRTOS/FreeRTOS-Kernel/tasks.c.obj
                0x0000000010005d7c                vTaskStartScheduler
 .text.vTaskSuspendAll
                0x0000000010005f5c       0x10 CMakeFiles/Task.dir/home/josue/Documentos/Faculdade/5-Semestre/STR/freertos/FreeRTOS-LTS/FreeRTOS/FreeRTOS-Kernel/tasks.c.obj
                0x0000000010005f5c                vTaskSuspendAll
 .text.xTaskResumeAll
                0x0000000010005f6c      0x18c CMakeFiles/Task.dir/home/josue/Documentos/Faculdade/5-Semestre/STR/freertos/FreeRTOS-LTS/FreeRTOS/FreeRTOS-Kernel/tasks.c.obj
                0x0000000010005f6c                xTaskResumeAll
 .text.vTaskDelay
                0x00000000100060f8       0x78 CMakeFiles/Task.dir/home/josue/Documentos/Faculdade/5-Semestre/STR/freertos/FreeRTOS-LTS/FreeRTOS/FreeRTOS-Kernel/tasks.c.obj
                0x00000000100060f8                vTaskDelay
 .text.xTaskGetTickCount
                0x0000000010006170        0xc CMakeFiles/Task.dir/home/josue/Documentos/Faculdade/5-Semestre/STR/freertos/FreeRTOS-LTS/FreeRTOS/FreeRTOS-Kernel/tasks.c.obj
                0x0000000010006170                xTaskGetTickCount
 .text.uxTaskGetNumberOfTasks
                0x000000001000617c        0xc CMakeFiles/Task.dir/home/josue/Documentos/Faculdade/5-Semestre/STR/freertos/FreeRTOS-LTS/FreeRTOS/FreeRTOS-Kernel/tasks.c.obj
                0x000000001000617c                uxTaskGetNumberOfTasks
 .text.xTaskIncrementTick
                0x0000000010006188       0x24 CMakeFiles/Task.dir/home/josue/Documentos/Faculdade/5-Semestre/STR/freertos/FreeRTOS-LTS/FreeRTOS/FreeRTOS-Kernel/tasks.c.obj
                0x0000000010006188                xTaskIncrementTick
 .text.vTaskSwitchContext
                0x00000000100061ac       0x6c CMakeFiles/Task.dir/home/josue/Documentos/Faculdade/5-Semestre/STR/freertos/FreeRTOS-LTS/FreeRTOS/FreeRTOS-Kernel/tasks.c.obj
                0x00000000100061ac                vTaskSwitchContext
 .text.vTaskPlaceOnEventList
                0x0000000010006218       0x98 CMakeFiles/Task.dir/home/josue/Documentos/Faculdade/5-Semestre/STR/freertos/FreeRTOS-LTS/FreeRTOS/FreeRTOS-Kernel/tasks.c.obj
                0x0000000010006218                vTaskPlaceOnEventList
 .text.vTaskPlaceOnUnorderedEventList
                0x00000000100062b0       0xbc CMakeFiles/Task.dir/home/josue/Documentos/Faculdade/5-Semestre/STR/freertos/FreeRTOS-LTS/FreeRTOS/FreeRTOS-Kernel/tasks.c.obj
                0x00000000100062b0                vTaskPlaceOnUnorderedEventList
 .text.vTaskPlaceOnEventListRestricted
                0x000000001000636c       0xc4 CMakeFiles/Task.dir/home/josue/Documentos/Faculdade/5-Semestre/STR/freertos/FreeRTOS-LTS/FreeRTOS/FreeRTOS-Kernel/tasks.c.obj
                0x000000001000636c                vTaskPlaceOnEventListRestricted
 .text.xTaskRemoveFromEventList
                0x0000000010006430       0xd8 CMakeFiles/Task.dir/home/josue/Documentos/Faculdade/5-Semestre/STR/freertos/FreeRTOS-LTS/FreeRTOS/FreeRTOS-Kernel/tasks.c.obj
                0x0000000010006430                xTaskRemoveFromEventList
 .text.vTaskRemoveFromUnorderedEventList
                0x0000000010006508       0x98 CMakeFiles/Task.dir/home/josue/Documentos/Faculdade/5-Semestre/STR/freertos/FreeRTOS-LTS/FreeRTOS/FreeRTOS-Kernel/tasks.c.obj
                0x0000000010006508                vTaskRemoveFromUnorderedEventList
 .text.vTaskInternalSetTimeOutState
                0x00000000100065a0       0x18 CMakeFiles/Task.dir/home/josue/Documentos/Faculdade/5-Semestre/STR/freertos/FreeRTOS-LTS/FreeRTOS/FreeRTOS-Kernel/tasks.c.obj
                0x00000000100065a0                vTaskInternalSetTimeOutState
 .text.xTaskCheckForTimeOut
                0x00000000100065b8       0x74 CMakeFiles/Task.dir/home/josue/Documentos/Faculdade/5-Semestre/STR/freertos/FreeRTOS-LTS/FreeRTOS/FreeRTOS-Kernel/tasks.c.obj
                0x00000000100065b8                xTaskCheckForTimeOut
 .text.vTaskMissedYield
                0x000000001000662c        0xc CMakeFiles/Task.dir/home/josue/Documentos/Faculdade/5-Semestre/STR/freertos/FreeRTOS-LTS/FreeRTOS/FreeRTOS-Kernel/tasks.c.obj
                0x000000001000662c                vTaskMissedYield
 .text.xTaskGetCurrentTaskHandle
                0x0000000010006638        0xc CMakeFiles/Task.dir/home/josue/Documentos/Faculdade/5-Semestre/STR/freertos/FreeRTOS-LTS/FreeRTOS/FreeRTOS-Kernel/tasks.c.obj
                0x0000000010006638                xTaskGetCurrentTaskHandle
 .text.xTaskPriorityInherit
                0x0000000010006644       0x94 CMakeFiles/Task.dir/home/josue/Documentos/Faculdade/5-Semestre/STR/freertos/FreeRTOS-LTS/FreeRTOS/FreeRTOS-Kernel/tasks.c.obj
                0x0000000010006644                xTaskPriorityInherit
 .text.xTaskPriorityDisinherit
                0x00000000100066d8       0x64 CMakeFiles/Task.dir/home/josue/Documentos/Faculdade/5-Semestre/STR/freertos/FreeRTOS-LTS/FreeRTOS/FreeRTOS-Kernel/tasks.c.obj
                0x00000000100066d8                xTaskPriorityDisinherit
 .text.vTaskPriorityDisinheritAfterTimeout
                0x000000001000673c       0x80 CMakeFiles/Task.dir/home/josue/Documentos/Faculdade/5-Semestre/STR/freertos/FreeRTOS-LTS/FreeRTOS/FreeRTOS-Kernel/tasks.c.obj
                0x000000001000673c                vTaskPriorityDisinheritAfterTimeout
 .text.uxTaskResetEventItemValue
                0x00000000100067bc       0x18 CMakeFiles/Task.dir/home/josue/Documentos/Faculdade/5-Semestre/STR/freertos/FreeRTOS-LTS/FreeRTOS/FreeRTOS-Kernel/tasks.c.obj
                0x00000000100067bc                uxTaskResetEventItemValue
 .text.pvTaskIncrementMutexHeldCount
                0x00000000100067d4       0x18 CMakeFiles/Task.dir/home/josue/Documentos/Faculdade/5-Semestre/STR/freertos/FreeRTOS-LTS/FreeRTOS/FreeRTOS-Kernel/tasks.c.obj
                0x00000000100067d4                pvTaskIncrementMutexHeldCount
 .text.prvTimerTask
                0x00000000100067ec      0x360 CMakeFiles/Task.dir/home/josue/Documentos/Faculdade/5-Semestre/STR/freertos/FreeRTOS-LTS/FreeRTOS/FreeRTOS-Kernel/timers.c.obj
 .text.xTimerCreateTimerTask
                0x0000000010006b4c       0x8c CMakeFiles/Task.dir/home/josue/Documentos/Faculdade/5-Semestre/STR/freertos/FreeRTOS-LTS/FreeRTOS/FreeRTOS-Kernel/timers.c.obj
                0x0000000010006b4c                xTimerCreateTimerTask
 .text.xTimerPendFunctionCallFromISR
                0x0000000010006bd8       0x28 CMakeFiles/Task.dir/home/josue/Documentos/Faculdade/5-Semestre/STR/freertos/FreeRTOS-LTS/FreeRTOS/FreeRTOS-Kernel/timers.c.obj
                0x0000000010006bd8                xTimerPendFunctionCallFromISR
 .text.exception_set_exclusive_handler
                0x0000000010006c00       0x48 CMakeFiles/Task.dir/home/josue/Documentos/Faculdade/5-Semestre/STR/freertos/pico/pico-sdk/src/rp2_common/hardware_exception/exception.c.obj
                0x0000000010006c00                exception_set_exclusive_handler
 .text.pvPortMalloc
                0x0000000010006c48      0x144 CMakeFiles/Task.dir/home/josue/Documentos/Faculdade/5-Semestre/STR/freertos/FreeRTOS-LTS/FreeRTOS/FreeRTOS-Kernel/portable/MemMang/heap_4.c.obj
                0x0000000010006c48                pvPortMalloc
 .text.vPortFree
                0x0000000010006d8c       0x8c CMakeFiles/Task.dir/home/josue/Documentos/Faculdade/5-Semestre/STR/freertos/FreeRTOS-LTS/FreeRTOS/FreeRTOS-Kernel/portable/MemMang/heap_4.c.obj
                0x0000000010006d8c                vPortFree
 .text          0x0000000010006e18       0x5c /usr/lib/gcc/arm-none-eabi/10.3.1/../../../arm-none-eabi/lib/thumb/v6-m/nofp/libc.a(lib_a-strlen-stub.o)
                0x0000000010006e18                strlen
 *(.fini)
 .fini          0x0000000010006e74        0x4 /usr/lib/gcc/arm-none-eabi/10.3.1/thumb/v6-m/nofp/crti.o
                0x0000000010006e74                _fini
 .fini.__stub   0x0000000010006e78       0xd0 linker stubs
 *crtbegin.o(.ctors)
 *crtbegin?.o(.ctors)
 *(EXCLUDE_FILE(*crtend.o *crtend?.o) .ctors)
 *(SORT_BY_NAME(.ctors.*))
 *(.ctors)
 *crtbegin.o(.dtors)
 *crtbegin?.o(.dtors)
 *(EXCLUDE_FILE(*crtend.o *crtend?.o) .dtors)
 *(SORT_BY_NAME(.dtors.*))
 *(.dtors)
 *(.eh_frame*)
 .eh_frame      0x0000000010006f48        0x0 /usr/lib/gcc/arm-none-eabi/10.3.1/thumb/v6-m/nofp/crtbegin.o
                0x0000000010006f48                . = ALIGN (0x4)

.glue_7         0x0000000010006f48        0x0
 .glue_7        0x0000000010006f48        0x0 linker stubs

.glue_7t        0x0000000010006f48        0x0
 .glue_7t       0x0000000010006f48        0x0 linker stubs

.vfp11_veneer   0x0000000010006f48        0x0
 .vfp11_veneer  0x0000000010006f48        0x0 linker stubs

.v4_bx          0x0000000010006f48        0x0
 .v4_bx         0x0000000010006f48        0x0 linker stubs

.iplt           0x0000000010006f48        0x0
 .iplt          0x0000000010006f48        0x0 /usr/lib/gcc/arm-none-eabi/10.3.1/thumb/v6-m/nofp/crtbegin.o

.rodata         0x0000000010006f48      0x368
 *(EXCLUDE_FILE(*libm.a: *libc.a:*lib_a-mem*.o *libgcc.a:) .rodata*)
 .rodata.main.str1.4
                0x0000000010006f48       0x4d CMakeFiles/Task.dir/src/main.c.obj
 *fill*         0x0000000010006f95        0x3 
 .rodata.spin_lock_claim_unused.str1.4
                0x0000000010006f98       0x1b CMakeFiles/Task.dir/home/josue/Documentos/Faculdade/5-Semestre/STR/freertos/pico/pico-sdk/src/rp2_common/hardware_sync/sync.c.obj
 *fill*         0x0000000010006fb3        0x1 
 .rodata.user_irq_claim_unused.str1.4
                0x0000000010006fb4       0x1b CMakeFiles/Task.dir/home/josue/Documentos/Faculdade/5-Semestre/STR/freertos/pico/pico-sdk/src/rp2_common/hardware_irq/irq.c.obj
 *fill*         0x0000000010006fcf        0x1 
 .rodata.hardware_alarm_claim.str1.4
                0x0000000010006fd0       0x22 CMakeFiles/Task.dir/home/josue/Documentos/Faculdade/5-Semestre/STR/freertos/pico/pico-sdk/src/rp2_common/hardware_timer/timer.c.obj
 *fill*         0x0000000010006ff2        0x2 
 .rodata.panic.str1.4
                0x0000000010006ff4       0x12 CMakeFiles/Task.dir/home/josue/Documentos/Faculdade/5-Semestre/STR/freertos/pico/pico-sdk/src/rp2_common/pico_runtime/runtime.c.obj
 *fill*         0x0000000010007006        0x2 
 .rodata.panic_unsupported.str1.4
                0x0000000010007008        0xe CMakeFiles/Task.dir/home/josue/Documentos/Faculdade/5-Semestre/STR/freertos/pico/pico-sdk/src/rp2_common/pico_runtime/runtime.c.obj
 *fill*         0x0000000010007016        0x2 
 .rodata.hard_assertion_failure.str1.4
                0x0000000010007018        0xc CMakeFiles/Task.dir/home/josue/Documentos/Faculdade/5-Semestre/STR/freertos/pico/pico-sdk/src/rp2_common/pico_runtime/runtime.c.obj
 .rodata.str1.4
                0x0000000010007024       0x3c CMakeFiles/Task.dir/home/josue/Documentos/Faculdade/5-Semestre/STR/freertos/pico/pico-sdk/src/rp2_common/pico_standard_link/binary_info.c.obj
 .rodata.__bi_44
                0x0000000010007060        0xc CMakeFiles/Task.dir/home/josue/Documentos/Faculdade/5-Semestre/STR/freertos/pico/pico-sdk/src/rp2_common/pico_standard_link/binary_info.c.obj
 .rodata.__bi_75
                0x000000001000706c        0xc CMakeFiles/Task.dir/home/josue/Documentos/Faculdade/5-Semestre/STR/freertos/pico/pico-sdk/src/rp2_common/pico_standard_link/binary_info.c.obj
 .rodata.__bi_81
                0x0000000010007078        0xc CMakeFiles/Task.dir/home/josue/Documentos/Faculdade/5-Semestre/STR/freertos/pico/pico-sdk/src/rp2_common/pico_standard_link/binary_info.c.obj
 .rodata.crlf_str.0
                0x0000000010007084        0x2 CMakeFiles/Task.dir/home/josue/Documentos/Faculdade/5-Semestre/STR/freertos/pico/pico-sdk/src/rp2_common/pico_stdio/stdio.c.obj
 *fill*         0x0000000010007086        0x2 
 .rodata._resetd_driver
                0x0000000010007088       0x18 CMakeFiles/Task.dir/home/josue/Documentos/Faculdade/5-Semestre/STR/freertos/pico/pico-sdk/src/rp2_common/pico_stdio_usb/reset_interface.c.obj
 .rodata.str1.4
                0x00000000100070a0       0x13 CMakeFiles/Task.dir/home/josue/Documentos/Faculdade/5-Semestre/STR/freertos/pico/pico-sdk/src/rp2_common/pico_stdio_usb/stdio_usb.c.obj
 *fill*         0x00000000100070b3        0x1 
 .rodata.__bi_182.0
                0x00000000100070b4        0xc CMakeFiles/Task.dir/home/josue/Documentos/Faculdade/5-Semestre/STR/freertos/pico/pico-sdk/src/rp2_common/pico_stdio_usb/stdio_usb.c.obj
 .rodata.str1.4
                0x00000000100070c0       0x2a CMakeFiles/Task.dir/home/josue/Documentos/Faculdade/5-Semestre/STR/freertos/pico/pico-sdk/src/rp2_common/pico_stdio_usb/stdio_usb_descriptors.c.obj
 *fill*         0x00000000100070ea        0x2 
 .rodata.usbd_desc_cfg
                0x00000000100070ec       0x54 CMakeFiles/Task.dir/home/josue/Documentos/Faculdade/5-Semestre/STR/freertos/pico/pico-sdk/src/rp2_common/pico_stdio_usb/stdio_usb_descriptors.c.obj
 .rodata.usbd_desc_device
                0x0000000010007140       0x12 CMakeFiles/Task.dir/home/josue/Documentos/Faculdade/5-Semestre/STR/freertos/pico/pico-sdk/src/rp2_common/pico_stdio_usb/stdio_usb_descriptors.c.obj
 *fill*         0x0000000010007152        0x2 
 .rodata.usbd_desc_str
                0x0000000010007154       0x18 CMakeFiles/Task.dir/home/josue/Documentos/Faculdade/5-Semestre/STR/freertos/pico/pico-sdk/src/rp2_common/pico_stdio_usb/stdio_usb_descriptors.c.obj
 .rodata.str1.4
                0x000000001000716c       0x14 CMakeFiles/Task.dir/home/josue/Documentos/Faculdade/5-Semestre/STR/freertos/pico/pico-sdk/lib/tinyusb/src/portable/raspberrypi/rp2040/dcd_rp2040.c.obj
 .rodata.str1.4
                0x0000000010007180       0x53 CMakeFiles/Task.dir/home/josue/Documentos/Faculdade/5-Semestre/STR/freertos/pico/pico-sdk/lib/tinyusb/src/portable/raspberrypi/rp2040/rp2040_usb.c.obj
 *fill*         0x00000000100071d3        0x1 
 .rodata.tud_task_ext
                0x00000000100071d4       0x8c CMakeFiles/Task.dir/home/josue/Documentos/Faculdade/5-Semestre/STR/freertos/pico/pico-sdk/lib/tinyusb/src/device/usbd.c.obj
 .rodata._usbd_driver
                0x0000000010007260       0x18 CMakeFiles/Task.dir/home/josue/Documentos/Faculdade/5-Semestre/STR/freertos/pico/pico-sdk/lib/tinyusb/src/device/usbd.c.obj
 .rodata.prvTimerTask
                0x0000000010007278       0x28 CMakeFiles/Task.dir/home/josue/Documentos/Faculdade/5-Semestre/STR/freertos/FreeRTOS-LTS/FreeRTOS/FreeRTOS-Kernel/timers.c.obj
 .rodata.xTimerCreateTimerTask.str1.4
                0x00000000100072a0       0x10 CMakeFiles/Task.dir/home/josue/Documentos/Faculdade/5-Semestre/STR/freertos/FreeRTOS-LTS/FreeRTOS/FreeRTOS-Kernel/timers.c.obj
                0x00000000100072b0                . = ALIGN (0x4)
 *(SORT_BY_ALIGNMENT(SORT_BY_NAME(.flashdata*)))
                0x00000000100072b0                . = ALIGN (0x4)

.ARM.extab
 *(.ARM.extab* .gnu.linkonce.armextab.*)
                0x00000000100072b0                __exidx_start = .

.ARM.exidx
 *(.ARM.exidx* .gnu.linkonce.armexidx.*)
                0x00000000100072b0                __exidx_end = .
                0x00000000100072b0                . = ALIGN (0x4)
                0x00000000100072b0                __binary_info_start = .

.binary_info    0x00000000100072b0       0x20
 *(.binary_info.keep.*)
 .binary_info.keep.__bi_ptr22
                0x00000000100072b0        0x4 CMakeFiles/Task.dir/home/josue/Documentos/Faculdade/5-Semestre/STR/freertos/pico/pico-sdk/src/rp2_common/pico_standard_link/binary_info.c.obj
 .binary_info.keep.__bi_ptr30
                0x00000000100072b4        0x4 CMakeFiles/Task.dir/home/josue/Documentos/Faculdade/5-Semestre/STR/freertos/pico/pico-sdk/src/rp2_common/pico_standard_link/binary_info.c.obj
 .binary_info.keep.__bi_ptr38
                0x00000000100072b8        0x4 CMakeFiles/Task.dir/home/josue/Documentos/Faculdade/5-Semestre/STR/freertos/pico/pico-sdk/src/rp2_common/pico_standard_link/binary_info.c.obj
 .binary_info.keep.__bi_ptr44
                0x00000000100072bc        0x4 CMakeFiles/Task.dir/home/josue/Documentos/Faculdade/5-Semestre/STR/freertos/pico/pico-sdk/src/rp2_common/pico_standard_link/binary_info.c.obj
 .binary_info.keep.__bi_ptr50
                0x00000000100072c0        0x4 CMakeFiles/Task.dir/home/josue/Documentos/Faculdade/5-Semestre/STR/freertos/pico/pico-sdk/src/rp2_common/pico_standard_link/binary_info.c.obj
 .binary_info.keep.__bi_ptr75
                0x00000000100072c4        0x4 CMakeFiles/Task.dir/home/josue/Documentos/Faculdade/5-Semestre/STR/freertos/pico/pico-sdk/src/rp2_common/pico_standard_link/binary_info.c.obj
 .binary_info.keep.__bi_ptr81
                0x00000000100072c8        0x4 CMakeFiles/Task.dir/home/josue/Documentos/Faculdade/5-Semestre/STR/freertos/pico/pico-sdk/src/rp2_common/pico_standard_link/binary_info.c.obj
 *(.binary_info.*)
 .binary_info.__bi_ptr182
                0x00000000100072cc        0x4 CMakeFiles/Task.dir/home/josue/Documentos/Faculdade/5-Semestre/STR/freertos/pico/pico-sdk/src/rp2_common/pico_stdio_usb/stdio_usb.c.obj
                0x00000000100072d0                __binary_info_end = .

.rel.dyn        0x00000000100072d0        0x0
 .rel.iplt      0x00000000100072d0        0x0 /usr/lib/gcc/arm-none-eabi/10.3.1/thumb/v6-m/nofp/crtbegin.o
                0x00000000100072d0                . = ALIGN (0x4)

.ram_vector_table
                0x0000000020000000       0xc0
 *(.ram_vector_table)
 .ram_vector_table
                0x0000000020000000       0xc0 CMakeFiles/Task.dir/home/josue/Documentos/Faculdade/5-Semestre/STR/freertos/pico/pico-sdk/src/rp2_common/pico_runtime/runtime.c.obj
                0x0000000020000000                ram_vector_table

.data           0x00000000200000c0      0xe60 load address 0x00000000100072d0
                0x00000000200000c0                __data_start__ = .
 *(vtable)
 *(.time_critical*)
 .time_critical.mutex_try_enter
                0x00000000200000c0       0x44 CMakeFiles/Task.dir/home/josue/Documentos/Faculdade/5-Semestre/STR/freertos/pico/pico-sdk/src/common/pico_sync/mutex.c.obj
                0x00000000200000c0                mutex_try_enter
 .time_critical.mutex_try_enter_block_until
                0x0000000020000104       0x9c CMakeFiles/Task.dir/home/josue/Documentos/Faculdade/5-Semestre/STR/freertos/pico/pico-sdk/src/common/pico_sync/mutex.c.obj
                0x0000000020000104                mutex_try_enter_block_until
 .time_critical.mutex_enter_timeout_ms
                0x00000000200001a0       0x78 CMakeFiles/Task.dir/home/josue/Documentos/Faculdade/5-Semestre/STR/freertos/pico/pico-sdk/src/common/pico_sync/mutex.c.obj
                0x00000000200001a0                mutex_enter_timeout_ms
 .time_critical.mutex_exit
                0x0000000020000218       0x20 CMakeFiles/Task.dir/home/josue/Documentos/Faculdade/5-Semestre/STR/freertos/pico/pico-sdk/src/common/pico_sync/mutex.c.obj
                0x0000000020000218                mutex_exit
 .time_critical.flash_init_boot2_copyout
                0x0000000020000238       0x30 CMakeFiles/Task.dir/home/josue/Documentos/Faculdade/5-Semestre/STR/freertos/pico/pico-sdk/src/rp2_common/hardware_flash/flash.c.obj
 .time_critical.flash_enable_xip_via_boot2
                0x0000000020000268       0x10 CMakeFiles/Task.dir/home/josue/Documentos/Faculdade/5-Semestre/STR/freertos/pico/pico-sdk/src/rp2_common/hardware_flash/flash.c.obj
 .time_critical.flash_cs_force
                0x0000000020000278       0x38 CMakeFiles/Task.dir/home/josue/Documentos/Faculdade/5-Semestre/STR/freertos/pico/pico-sdk/src/rp2_common/hardware_flash/flash.c.obj
 .time_critical.flash_do_cmd
                0x00000000200002b0       0xc4 CMakeFiles/Task.dir/home/josue/Documentos/Faculdade/5-Semestre/STR/freertos/pico/pico-sdk/src/rp2_common/hardware_flash/flash.c.obj
                0x00000000200002b0                flash_do_cmd
 .time_critical.reset_non_control_endpoints
                0x0000000020000374       0xbc CMakeFiles/Task.dir/home/josue/Documentos/Faculdade/5-Semestre/STR/freertos/pico/pico-sdk/lib/tinyusb/src/portable/raspberrypi/rp2040/dcd_rp2040.c.obj
 .time_critical.hw_handle_buff_status
                0x0000000020000430       0xa8 CMakeFiles/Task.dir/home/josue/Documentos/Faculdade/5-Semestre/STR/freertos/pico/pico-sdk/lib/tinyusb/src/portable/raspberrypi/rp2040/dcd_rp2040.c.obj
 .time_critical.dcd_rp2040_irq
                0x00000000200004d8      0x4d8 CMakeFiles/Task.dir/home/josue/Documentos/Faculdade/5-Semestre/STR/freertos/pico/pico-sdk/lib/tinyusb/src/portable/raspberrypi/rp2040/dcd_rp2040.c.obj
 .time_critical.e15_is_bulkin_ep
                0x00000000200009b0       0x28 CMakeFiles/Task.dir/home/josue/Documentos/Faculdade/5-Semestre/STR/freertos/pico/pico-sdk/lib/tinyusb/src/portable/raspberrypi/rp2040/rp2040_usb.c.obj
 .time_critical.e15_is_critical_frame_period
                0x00000000200009d8       0x34 CMakeFiles/Task.dir/home/josue/Documentos/Faculdade/5-Semestre/STR/freertos/pico/pico-sdk/lib/tinyusb/src/portable/raspberrypi/rp2040/rp2040_usb.c.obj
 .time_critical.prepare_ep_buffer
                0x0000000020000a0c       0x70 CMakeFiles/Task.dir/home/josue/Documentos/Faculdade/5-Semestre/STR/freertos/pico/pico-sdk/lib/tinyusb/src/portable/raspberrypi/rp2040/rp2040_usb.c.obj
 .time_critical.sync_ep_buffer
                0x0000000020000a7c       0x4c CMakeFiles/Task.dir/home/josue/Documentos/Faculdade/5-Semestre/STR/freertos/pico/pico-sdk/lib/tinyusb/src/portable/raspberrypi/rp2040/rp2040_usb.c.obj
 .time_critical._hw_endpoint_xfer_sync
                0x0000000020000ac8       0x28 CMakeFiles/Task.dir/home/josue/Documentos/Faculdade/5-Semestre/STR/freertos/pico/pico-sdk/lib/tinyusb/src/portable/raspberrypi/rp2040/rp2040_usb.c.obj
 .time_critical.hw_endpoint_reset_transfer
                0x0000000020000af0        0xc CMakeFiles/Task.dir/home/josue/Documentos/Faculdade/5-Semestre/STR/freertos/pico/pico-sdk/lib/tinyusb/src/portable/raspberrypi/rp2040/rp2040_usb.c.obj
                0x0000000020000af0                hw_endpoint_reset_transfer
 .time_critical._hw_endpoint_buffer_control_update32
                0x0000000020000afc       0x58 CMakeFiles/Task.dir/home/josue/Documentos/Faculdade/5-Semestre/STR/freertos/pico/pico-sdk/lib/tinyusb/src/portable/raspberrypi/rp2040/rp2040_usb.c.obj
                0x0000000020000afc                _hw_endpoint_buffer_control_update32
 .time_critical.hw_endpoint_start_next_buffer
                0x0000000020000b54       0x6c CMakeFiles/Task.dir/home/josue/Documentos/Faculdade/5-Semestre/STR/freertos/pico/pico-sdk/lib/tinyusb/src/portable/raspberrypi/rp2040/rp2040_usb.c.obj
                0x0000000020000b54                hw_endpoint_start_next_buffer
 .time_critical.hw_endpoint_xfer_continue
                0x0000000020000bc0       0x50 CMakeFiles/Task.dir/home/josue/Documentos/Faculdade/5-Semestre/STR/freertos/pico/pico-sdk/lib/tinyusb/src/portable/raspberrypi/rp2040/rp2040_usb.c.obj
                0x0000000020000bc0                hw_endpoint_xfer_continue
 .time_critical.tinyusb
                0x0000000020000c10      0x170 CMakeFiles/Task.dir/home/josue/Documentos/Faculdade/5-Semestre/STR/freertos/pico/pico-sdk/lib/tinyusb/src/device/usbd.c.obj
                0x0000000020000c10                dcd_event_handler
 *(.text*)
 .text          0x0000000020000d80        0x4 /usr/lib/gcc/arm-none-eabi/10.3.1/thumb/v6-m/nofp/libgcc.a(_dvmd_tls.o)
                0x0000000020000d80                __aeabi_ldiv0
                0x0000000020000d80                __aeabi_idiv0
 *fill*         0x0000000020000d84        0x4 
 .text.__stub   0x0000000020000d88       0x90 linker stubs
                0x0000000020000e18                . = ALIGN (0x4)
 *(.rodata*)
                0x0000000020000e18                . = ALIGN (0x4)
 *(.data*)
 .data.striped_spin_lock_num
                0x0000000020000e18        0x1 CMakeFiles/Task.dir/home/josue/Documentos/Faculdade/5-Semestre/STR/freertos/pico/pico-sdk/src/rp2_common/hardware_sync/sync.c.obj
 *fill*         0x0000000020000e19        0x3 
 .data          0x0000000020000e1c       0x48 CMakeFiles/Task.dir/home/josue/Documentos/Faculdade/5-Semestre/STR/freertos/pico/pico-sdk/src/rp2_common/hardware_irq/irq_handler_chain.S.obj
                0x0000000020000e1c                irq_handler_chain_slots
                0x0000000020000e4c                irq_handler_chain_first_slot
                0x0000000020000e56                irq_handler_chain_remove_tail
 .data.default_alarm_pool
                0x0000000020000e64       0x18 CMakeFiles/Task.dir/home/josue/Documentos/Faculdade/5-Semestre/STR/freertos/pico/pico-sdk/src/common/pico_time/time.c.obj
 .data.default_alarm_pool_heap
                0x0000000020000e7c       0x10 CMakeFiles/Task.dir/home/josue/Documentos/Faculdade/5-Semestre/STR/freertos/pico/pico-sdk/src/common/pico_time/time.c.obj
 *fill*         0x0000000020000e8c        0x4 
 .data.aeabi_bits_funcs
                0x0000000020000e90       0x10 CMakeFiles/Task.dir/home/josue/Documentos/Faculdade/5-Semestre/STR/freertos/pico/pico-sdk/src/rp2_common/pico_bit_ops/bit_ops_aeabi.S.obj
                0x0000000020000e90                aeabi_bits_funcs
                0x0000000020000ea0                aeabi_bits_funcs_end
 .data.aeabi_mem_funcs
                0x0000000020000ea0       0x10 CMakeFiles/Task.dir/home/josue/Documentos/Faculdade/5-Semestre/STR/freertos/pico/pico-sdk/src/rp2_common/pico_mem_ops/mem_ops_aeabi.S.obj
                0x0000000020000ea0                aeabi_mem_funcs
                0x0000000020000eb0                aeabi_mem_funcs_end
 .data.stdio_usb
                0x0000000020000eb0       0x18 CMakeFiles/Task.dir/home/josue/Documentos/Faculdade/5-Semestre/STR/freertos/pico/pico-sdk/src/rp2_common/pico_stdio_usb/stdio_usb.c.obj
                0x0000000020000eb0                stdio_usb
 .data.ep_dir_string
                0x0000000020000ec8        0x8 CMakeFiles/Task.dir/home/josue/Documentos/Faculdade/5-Semestre/STR/freertos/pico/pico-sdk/lib/tinyusb/src/portable/raspberrypi/rp2040/rp2040_usb.c.obj
                0x0000000020000ec8                ep_dir_string
 .data._usbd_qdef
                0x0000000020000ed0       0x1c CMakeFiles/Task.dir/home/josue/Documentos/Faculdade/5-Semestre/STR/freertos/pico/pico-sdk/lib/tinyusb/src/device/usbd.c.obj
                0x0000000020000ed0                _usbd_qdef
 .data._usbd_rhport
                0x0000000020000eec        0x1 CMakeFiles/Task.dir/home/josue/Documentos/Faculdade/5-Semestre/STR/freertos/pico/pico-sdk/lib/tinyusb/src/device/usbd.c.obj
 .data.ucLaunchCoreNum
                0x0000000020000eed        0x1 CMakeFiles/Task.dir/home/josue/Documentos/Faculdade/5-Semestre/STR/freertos/FreeRTOS-LTS/FreeRTOS/FreeRTOS-Kernel/portable/ThirdParty/GCC/RP2040/port.c.obj
 *fill*         0x0000000020000eee        0x2 
 .data.uxTopUsedPriority
                0x0000000020000ef0        0x4 CMakeFiles/Task.dir/home/josue/Documentos/Faculdade/5-Semestre/STR/freertos/FreeRTOS-LTS/FreeRTOS/FreeRTOS-Kernel/tasks.c.obj
                0x0000000020000ef0                uxTopUsedPriority
                0x0000000020000ef4                . = ALIGN (0x4)
 *(.after_data.*)
                0x0000000020000ef4                . = ALIGN (0x4)
                0x0000000020000ef4                PROVIDE (__mutex_array_start = .)
 *(SORT_BY_NAME(.mutex_array.*))
 *(.mutex_array)
 .mutex_array   0x0000000020000ef4        0x8 CMakeFiles/Task.dir/home/josue/Documentos/Faculdade/5-Semestre/STR/freertos/pico/pico-sdk/src/rp2_common/pico_malloc/pico_malloc.c.obj
 .mutex_array   0x0000000020000efc        0x8 CMakeFiles/Task.dir/home/josue/Documentos/Faculdade/5-Semestre/STR/freertos/pico/pico-sdk/src/rp2_common/pico_stdio/stdio.c.obj
                0x0000000020000f04                PROVIDE (__mutex_array_end = .)
                0x0000000020000f04                . = ALIGN (0x4)
                0x0000000020000f04                PROVIDE (__preinit_array_start = .)
 *(SORT_BY_NAME(.preinit_array.*))
 .preinit_array.00001
                0x0000000020000f04        0x4 CMakeFiles/Task.dir/home/josue/Documentos/Faculdade/5-Semestre/STR/freertos/pico/pico-sdk/src/rp2_common/pico_mem_ops/mem_ops_aeabi.S.obj
 .preinit_array.00010
                0x0000000020000f08        0x4 CMakeFiles/Task.dir/home/josue/Documentos/Faculdade/5-Semestre/STR/freertos/pico/pico-sdk/src/rp2_common/pico_bit_ops/bit_ops_aeabi.S.obj
 .preinit_array.00020
                0x0000000020000f0c        0x4 CMakeFiles/Task.dir/home/josue/Documentos/Faculdade/5-Semestre/STR/freertos/pico/pico-sdk/src/rp2_common/pico_double/double_aeabi.S.obj
 .preinit_array.00020
                0x0000000020000f10        0x4 CMakeFiles/Task.dir/home/josue/Documentos/Faculdade/5-Semestre/STR/freertos/pico/pico-sdk/src/rp2_common/pico_float/float_aeabi.S.obj
 *(.preinit_array)
                0x0000000020000f14                PROVIDE (__preinit_array_end = .)
                0x0000000020000f14                . = ALIGN (0x4)
                0x0000000020000f14                PROVIDE (__init_array_start = .)
 *(SORT_BY_NAME(.init_array.*))
 *(.init_array)
 .init_array    0x0000000020000f14        0x4 /usr/lib/gcc/arm-none-eabi/10.3.1/thumb/v6-m/nofp/crtbegin.o
 .init_array    0x0000000020000f18        0x4 CMakeFiles/Task.dir/home/josue/Documentos/Faculdade/5-Semestre/STR/freertos/pico/pico-sdk/src/rp2_common/pico_unique_id/unique_id.c.obj
 .init_array    0x0000000020000f1c        0x4 CMakeFiles/Task.dir/home/josue/Documentos/Faculdade/5-Semestre/STR/freertos/FreeRTOS-LTS/FreeRTOS/FreeRTOS-Kernel/portable/ThirdParty/GCC/RP2040/port.c.obj
                0x0000000020000f20                PROVIDE (__init_array_end = .)
                0x0000000020000f20                . = ALIGN (0x4)
                0x0000000020000f20                PROVIDE (__fini_array_start = .)
 *(SORT_BY_NAME(.fini_array.*))
 *(.fini_array)
                0x0000000020000f20                PROVIDE (__fini_array_end = .)
 *(.jcr)
                0x0000000020000f20                . = ALIGN (0x4)
                0x0000000020000f20                __data_end__ = .
                0x00000000100072d0                __etext = LOADADDR (.data)

.tm_clone_table
                0x0000000020000f20        0x0 load address 0x0000000010008130
 .tm_clone_table
                0x0000000020000f20        0x0 /usr/lib/gcc/arm-none-eabi/10.3.1/thumb/v6-m/nofp/crtbegin.o
 .tm_clone_table
                0x0000000020000f20        0x0 /usr/lib/gcc/arm-none-eabi/10.3.1/thumb/v6-m/nofp/crtend.o

.igot.plt       0x0000000020000f20        0x0 load address 0x0000000010008130
 .igot.plt      0x0000000020000f20        0x0 /usr/lib/gcc/arm-none-eabi/10.3.1/thumb/v6-m/nofp/crtbegin.o

.uninitialized_data
                0x0000000020000f20        0x0 load address 0x0000000010008130
                0x0000000020000f20                . = ALIGN (0x4)
 *(.uninitialized_data*)

.scratch_x      0x0000000020040000        0x0 load address 0x0000000010008130
                0x0000000020040000                __scratch_x_start__ = .
 *(.scratch_x.*)
                0x0000000020040000                . = ALIGN (0x4)
                0x0000000020040000                __scratch_x_end__ = .
                0x0000000010008130                __scratch_x_source__ = LOADADDR (.scratch_x)

.scratch_y      0x0000000020041000        0x0 load address 0x0000000010008130
                0x0000000020041000                __scratch_y_start__ = .
 *(.scratch_y.*)
                0x0000000020041000                . = ALIGN (0x4)
                0x0000000020041000                __scratch_y_end__ = .
                0x0000000010008130                __scratch_y_source__ = LOADADDR (.scratch_y)

.bss            0x0000000020000f20    0x21158
                0x0000000020000f20                . = ALIGN (0x4)
                0x0000000020000f20                __bss_start__ = .
 *(SORT_BY_ALIGNMENT(SORT_BY_NAME(.bss*)))
 .bss.default_alarm_pool_entries
                0x0000000020000f20      0x100 CMakeFiles/Task.dir/home/josue/Documentos/Faculdade/5-Semestre/STR/freertos/pico/pico-sdk/src/common/pico_time/time.c.obj
 .bss.last_avail_time.1
                0x0000000020001020        0x8 CMakeFiles/Task.dir/home/josue/Documentos/Faculdade/5-Semestre/STR/freertos/pico/pico-sdk/src/rp2_common/pico_stdio_usb/stdio_usb.c.obj
 .bss.sd_table  0x0000000020001028      0x100 CMakeFiles/Task.dir/home/josue/Documentos/Faculdade/5-Semestre/STR/freertos/pico/pico-sdk/src/rp2_common/pico_double/double_init_rom.c.obj
                0x0000000020001028                sd_table
 .bss.sf_table  0x0000000020001128      0x100 CMakeFiles/Task.dir/home/josue/Documentos/Faculdade/5-Semestre/STR/freertos/pico/pico-sdk/src/rp2_common/pico_float/float_init_rom.c.obj
                0x0000000020001128                sf_table
 .bss.xQueueRegistry
                0x0000000020001228       0x40 CMakeFiles/Task.dir/home/josue/Documentos/Faculdade/5-Semestre/STR/freertos/FreeRTOS-LTS/FreeRTOS/FreeRTOS-Kernel/queue.c.obj
                0x0000000020001228                xQueueRegistry
 .bss           0x0000000020001268       0x1c /usr/lib/gcc/arm-none-eabi/10.3.1/thumb/v6-m/nofp/crtbegin.o
 .bss._app_driver
                0x0000000020001284        0x4 CMakeFiles/Task.dir/home/josue/Documentos/Faculdade/5-Semestre/STR/freertos/pico/pico-sdk/lib/tinyusb/src/device/usbd.c.obj
 .bss._cdcd_itf
                0x0000000020001288      0x2c8 CMakeFiles/Task.dir/home/josue/Documentos/Faculdade/5-Semestre/STR/freertos/pico/pico-sdk/lib/tinyusb/src/class/cdc/cdc_device.c.obj
 .bss._ctrl_xfer
                0x0000000020001550       0x14 CMakeFiles/Task.dir/home/josue/Documentos/Faculdade/5-Semestre/STR/freertos/pico/pico-sdk/lib/tinyusb/src/device/usbd_control.c.obj
 .bss._ubsd_mutexdef
                0x0000000020001564        0x8 CMakeFiles/Task.dir/home/josue/Documentos/Faculdade/5-Semestre/STR/freertos/pico/pico-sdk/lib/tinyusb/src/device/usbd.c.obj
 .bss._usbd_ctrl_buf
                0x000000002000156c       0x40 CMakeFiles/Task.dir/home/josue/Documentos/Faculdade/5-Semestre/STR/freertos/pico/pico-sdk/lib/tinyusb/src/device/usbd_control.c.obj
 .bss._usbd_dev
                0x00000000200015ac       0x53 CMakeFiles/Task.dir/home/josue/Documentos/Faculdade/5-Semestre/STR/freertos/pico/pico-sdk/lib/tinyusb/src/device/usbd.c.obj
 *fill*         0x00000000200015ff        0x1 
 .bss._usbd_mutex
                0x0000000020001600        0x4 CMakeFiles/Task.dir/home/josue/Documentos/Faculdade/5-Semestre/STR/freertos/pico/pico-sdk/lib/tinyusb/src/device/usbd.c.obj
 .bss._usbd_q   0x0000000020001604        0x4 CMakeFiles/Task.dir/home/josue/Documentos/Faculdade/5-Semestre/STR/freertos/pico/pico-sdk/lib/tinyusb/src/device/usbd.c.obj
 .bss._usbd_qdef_buf
                0x0000000020001608       0xc0 CMakeFiles/Task.dir/home/josue/Documentos/Faculdade/5-Semestre/STR/freertos/pico/pico-sdk/lib/tinyusb/src/device/usbd.c.obj
                0x0000000020001608                _usbd_qdef_buf
 .bss.alarm_callbacks
                0x00000000200016c8       0x10 CMakeFiles/Task.dir/home/josue/Documentos/Faculdade/5-Semestre/STR/freertos/pico/pico-sdk/src/rp2_common/hardware_timer/timer.c.obj
 .bss.boot2_copyout
                0x00000000200016d8      0x100 CMakeFiles/Task.dir/home/josue/Documentos/Faculdade/5-Semestre/STR/freertos/pico/pico-sdk/src/rp2_common/hardware_flash/flash.c.obj
 .bss.chars_available_callback
                0x00000000200017d8        0x4 CMakeFiles/Task.dir/home/josue/Documentos/Faculdade/5-Semestre/STR/freertos/pico/pico-sdk/src/rp2_common/pico_stdio_usb/stdio_usb.c.obj
 .bss.chars_available_param
                0x00000000200017dc        0x4 CMakeFiles/Task.dir/home/josue/Documentos/Faculdade/5-Semestre/STR/freertos/pico/pico-sdk/src/rp2_common/pico_stdio_usb/stdio_usb.c.obj
 .bss.claimed   0x00000000200017e0        0x4 CMakeFiles/Task.dir/home/josue/Documentos/Faculdade/5-Semestre/STR/freertos/pico/pico-sdk/src/rp2_common/hardware_sync/sync.c.obj
 .bss.configured_freq
                0x00000000200017e4       0x28 CMakeFiles/Task.dir/home/josue/Documentos/Faculdade/5-Semestre/STR/freertos/pico/pico-sdk/src/rp2_common/hardware_clocks/clocks.c.obj
 .bss.default_alarm_pool_entry_ids_high
                0x000000002000180c       0x10 CMakeFiles/Task.dir/home/josue/Documentos/Faculdade/5-Semestre/STR/freertos/pico/pico-sdk/src/common/pico_time/time.c.obj
 .bss.default_alarm_pool_heap_nodes
                0x000000002000181c       0x30 CMakeFiles/Task.dir/home/josue/Documentos/Faculdade/5-Semestre/STR/freertos/pico/pico-sdk/src/common/pico_time/time.c.obj
 .bss.desc_str.0
                0x000000002000184c       0x28 CMakeFiles/Task.dir/home/josue/Documentos/Faculdade/5-Semestre/STR/freertos/pico/pico-sdk/src/rp2_common/pico_stdio_usb/stdio_usb_descriptors.c.obj
 .bss.drivers   0x0000000020001874        0x4 CMakeFiles/Task.dir/home/josue/Documentos/Faculdade/5-Semestre/STR/freertos/pico/pico-sdk/src/rp2_common/pico_stdio/stdio.c.obj
 .bss.e15_last_sof